Archive member included to satisfy reference by file (symbol)

D:/Distrib/GCC/arm-gnu-toolchain-13.2.Rel1-mingw-w64-i686-arm-none-eabi/bin/../lib/gcc/arm-none-eabi/13.2.1/thumb/v7-m/nofp\libstdc++.a(class_type_info.o)
                              CMakeFiles/GardenCleanWaterUSB.elf.dir/Control/src/sequence.cpp.obj (vtable for __cxxabiv1::__class_type_info)
D:/Distrib/GCC/arm-gnu-toolchain-13.2.Rel1-mingw-w64-i686-arm-none-eabi/bin/../lib/gcc/arm-none-eabi/13.2.1/thumb/v7-m/nofp\libstdc++.a(del_ops.o)
                              D:/Distrib/GCC/arm-gnu-toolchain-13.2.Rel1-mingw-w64-i686-arm-none-eabi/bin/../lib/gcc/arm-none-eabi/13.2.1/thumb/v7-m/nofp\libstdc++.a(class_type_info.o) (operator delete(void*, unsigned int))
D:/Distrib/GCC/arm-gnu-toolchain-13.2.Rel1-mingw-w64-i686-arm-none-eabi/bin/../lib/gcc/arm-none-eabi/13.2.1/thumb/v7-m/nofp\libstdc++.a(si_class_type_info.o)
                              CMakeFiles/GardenCleanWaterUSB.elf.dir/Discrete/src/coil.cpp.obj (vtable for __cxxabiv1::__si_class_type_info)
D:/Distrib/GCC/arm-gnu-toolchain-13.2.Rel1-mingw-w64-i686-arm-none-eabi/bin/../lib/gcc/arm-none-eabi/13.2.1/thumb/v7-m/nofp\libstdc++.a(tinfo.o)
                              D:/Distrib/GCC/arm-gnu-toolchain-13.2.Rel1-mingw-w64-i686-arm-none-eabi/bin/../lib/gcc/arm-none-eabi/13.2.1/thumb/v7-m/nofp\libstdc++.a(class_type_info.o) (std::type_info::~type_info())
D:/Distrib/GCC/arm-gnu-toolchain-13.2.Rel1-mingw-w64-i686-arm-none-eabi/bin/../lib/gcc/arm-none-eabi/13.2.1/thumb/v7-m/nofp\libstdc++.a(vmi_class_type_info.o)
                              CMakeFiles/GardenCleanWaterUSB.elf.dir/Control/src/sequence.cpp.obj (vtable for __cxxabiv1::__vmi_class_type_info)
D:/Distrib/GCC/arm-gnu-toolchain-13.2.Rel1-mingw-w64-i686-arm-none-eabi/bin/../lib/gcc/arm-none-eabi/13.2.1/thumb/v7-m/nofp\libstdc++.a(del_op.o)
                              D:/Distrib/GCC/arm-gnu-toolchain-13.2.Rel1-mingw-w64-i686-arm-none-eabi/bin/../lib/gcc/arm-none-eabi/13.2.1/thumb/v7-m/nofp\libstdc++.a(del_ops.o) (operator delete(void*))
D:/Distrib/GCC/arm-gnu-toolchain-13.2.Rel1-mingw-w64-i686-arm-none-eabi/bin/../lib/gcc/arm-none-eabi/13.2.1/thumb/v7-m/nofp\libgcc.a(unwind-arm.o)
                              CMakeFiles/GardenCleanWaterUSB.elf.dir/Control/src/sequence.cpp.obj (__aeabi_unwind_cpp_pr0)
D:/Distrib/GCC/arm-gnu-toolchain-13.2.Rel1-mingw-w64-i686-arm-none-eabi/bin/../lib/gcc/arm-none-eabi/13.2.1/thumb/v7-m/nofp\libgcc.a(libunwind.o)
                              D:/Distrib/GCC/arm-gnu-toolchain-13.2.Rel1-mingw-w64-i686-arm-none-eabi/bin/../lib/gcc/arm-none-eabi/13.2.1/thumb/v7-m/nofp\libgcc.a(unwind-arm.o) (restore_core_regs)
D:/Distrib/GCC/arm-gnu-toolchain-13.2.Rel1-mingw-w64-i686-arm-none-eabi/bin/../lib/gcc/arm-none-eabi/13.2.1/thumb/v7-m/nofp\libgcc.a(pr-support.o)
                              D:/Distrib/GCC/arm-gnu-toolchain-13.2.Rel1-mingw-w64-i686-arm-none-eabi/bin/../lib/gcc/arm-none-eabi/13.2.1/thumb/v7-m/nofp\libgcc.a(unwind-arm.o) (__gnu_unwind_execute)
D:/Distrib/GCC/arm-gnu-toolchain-13.2.Rel1-mingw-w64-i686-arm-none-eabi/bin/../lib/gcc/arm-none-eabi/13.2.1/thumb/v7-m/nofp\libg.a(libc_a-abort.o)
                              D:/Distrib/GCC/arm-gnu-toolchain-13.2.Rel1-mingw-w64-i686-arm-none-eabi/bin/../lib/gcc/arm-none-eabi/13.2.1/thumb/v7-m/nofp\libgcc.a(unwind-arm.o) (abort)
D:/Distrib/GCC/arm-gnu-toolchain-13.2.Rel1-mingw-w64-i686-arm-none-eabi/bin/../lib/gcc/arm-none-eabi/13.2.1/thumb/v7-m/nofp\libg.a(libc_a-atoi.o)
                              CMakeFiles/GardenCleanWaterUSB.elf.dir/Misc/src/api_engine.cpp.obj (atoi)
D:/Distrib/GCC/arm-gnu-toolchain-13.2.Rel1-mingw-w64-i686-arm-none-eabi/bin/../lib/gcc/arm-none-eabi/13.2.1/thumb/v7-m/nofp\libg.a(libc_a-exit.o)
                              D:/Distrib/GCC/arm-gnu-toolchain-13.2.Rel1-mingw-w64-i686-arm-none-eabi/bin/../lib/gcc/arm-none-eabi/13.2.1/thumb/v7-m/nofp/crt0.o (exit)
D:/Distrib/GCC/arm-gnu-toolchain-13.2.Rel1-mingw-w64-i686-arm-none-eabi/bin/../lib/gcc/arm-none-eabi/13.2.1/thumb/v7-m/nofp\libg.a(libc_a-malloc.o)
                              D:/Distrib/GCC/arm-gnu-toolchain-13.2.Rel1-mingw-w64-i686-arm-none-eabi/bin/../lib/gcc/arm-none-eabi/13.2.1/thumb/v7-m/nofp\libstdc++.a(del_op.o) (free)
D:/Distrib/GCC/arm-gnu-toolchain-13.2.Rel1-mingw-w64-i686-arm-none-eabi/bin/../lib/gcc/arm-none-eabi/13.2.1/thumb/v7-m/nofp\libg.a(libc_a-mallocr.o)
                              D:/Distrib/GCC/arm-gnu-toolchain-13.2.Rel1-mingw-w64-i686-arm-none-eabi/bin/../lib/gcc/arm-none-eabi/13.2.1/thumb/v7-m/nofp\libg.a(libc_a-malloc.o) (_malloc_r)
D:/Distrib/GCC/arm-gnu-toolchain-13.2.Rel1-mingw-w64-i686-arm-none-eabi/bin/../lib/gcc/arm-none-eabi/13.2.1/thumb/v7-m/nofp\libg.a(libc_a-mlock.o)
                              D:/Distrib/GCC/arm-gnu-toolchain-13.2.Rel1-mingw-w64-i686-arm-none-eabi/bin/../lib/gcc/arm-none-eabi/13.2.1/thumb/v7-m/nofp\libg.a(libc_a-mallocr.o) (__malloc_lock)
[...]
Memory Configuration

Name             Origin             Length             Attributes
RAM              0x20000000         0x00005000         xrw
FLASH            0x08000000         0x00020000         xr
*default*        0x00000000         0xffffffff

Linker script and memory map

LOAD D:/Distrib/GCC/arm-gnu-toolchain-13.2.Rel1-mingw-w64-i686-arm-none-eabi/bin/../lib/gcc/arm-none-eabi/13.2.1/thumb/v7-m/nofp/crti.o
LOAD D:/Distrib/GCC/arm-gnu-toolchain-13.2.Rel1-mingw-w64-i686-arm-none-eabi/bin/../lib/gcc/arm-none-eabi/13.2.1/thumb/v7-m/nofp/crtbegin.o
LOAD D:/Distrib/GCC/arm-gnu-toolchain-13.2.Rel1-mingw-w64-i686-arm-none-eabi/bin/../lib/gcc/arm-none-eabi/13.2.1/thumb/v7-m/nofp/crt0.o
LOAD CMakeFiles/GardenCleanWaterUSB.elf.dir/Control/src/sequence.cpp.obj
LOAD CMakeFiles/GardenCleanWaterUSB.elf.dir/Core/Src/main.cpp.obj
LOAD CMakeFiles/GardenCleanWaterUSB.elf.dir/Core/Src/stm32f1xx_hal_msp.c.obj
LOAD CMakeFiles/GardenCleanWaterUSB.elf.dir/Core/Src/stm32f1xx_hal_timebase_tim.c.obj
LOAD CMakeFiles/GardenCleanWaterUSB.elf.dir/Core/Src/stm32f1xx_it.c.obj
LOAD CMakeFiles/GardenCleanWaterUSB.elf.dir/Core/Src/syscalls.c.obj
LOAD CMakeFiles/GardenCleanWaterUSB.elf.dir/Core/Src/sysmem.c.obj
LOAD CMakeFiles/GardenCleanWaterUSB.elf.dir/Core/Src/system_stm32f1xx.c.obj
LOAD CMakeFiles/GardenCleanWaterUSB.elf.dir/Core/Startup/startup_stm32f103cbtx.s.obj
LOAD CMakeFiles/GardenCleanWaterUSB.elf.dir/Discrete/src/coil.cpp.obj
LOAD CMakeFiles/GardenCleanWaterUSB.elf.dir/Discrete/src/coil_with_timer.cpp.obj
LOAD CMakeFiles/GardenCleanWaterUSB.elf.dir/Discrete/src/gpio_common.cpp.obj
LOAD CMakeFiles/GardenCleanWaterUSB.elf.dir/Discrete/src/rf_impulse.cpp.obj
LOAD CMakeFiles/GardenCleanWaterUSB.elf.dir/Discrete/src/simple_input.cpp.obj
LOAD CMakeFiles/GardenCleanWaterUSB.elf.dir/Discrete/src/switch_delay.cpp.obj
LOAD CMakeFiles/GardenCleanWaterUSB.elf.dir/Drivers/STM32F1xx_HAL_Driver/Src/stm32f1xx_hal.c.obj
LOAD CMakeFiles/GardenCleanWaterUSB.elf.dir/Drivers/STM32F1xx_HAL_Driver/Src/stm32f1xx_hal_cortex.c.obj
LOAD CMakeFiles/GardenCleanWaterUSB.elf.dir/Drivers/STM32F1xx_HAL_Driver/Src/stm32f1xx_hal_dma.c.obj
LOAD CMakeFiles/GardenCleanWaterUSB.elf.dir/Drivers/STM32F1xx_HAL_Driver/Src/stm32f1xx_hal_exti.c.obj
LOAD CMakeFiles/GardenCleanWaterUSB.elf.dir/Drivers/STM32F1xx_HAL_Driver/Src/stm32f1xx_hal_flash.c.obj
LOAD CMakeFiles/GardenCleanWaterUSB.elf.dir/Drivers/STM32F1xx_HAL_Driver/Src/stm32f1xx_hal_flash_ex.c.obj
LOAD CMakeFiles/GardenCleanWaterUSB.elf.dir/Drivers/STM32F1xx_HAL_Driver/Src/stm32f1xx_hal_gpio.c.obj
LOAD CMakeFiles/GardenCleanWaterUSB.elf.dir/Drivers/STM32F1xx_HAL_Driver/Src/stm32f1xx_hal_gpio_ex.c.obj
LOAD CMakeFiles/GardenCleanWaterUSB.elf.dir/Drivers/STM32F1xx_HAL_Driver/Src/stm32f1xx_hal_pcd.c.obj
LOAD CMakeFiles/GardenCleanWaterUSB.elf.dir/Drivers/STM32F1xx_HAL_Driver/Src/stm32f1xx_hal_pcd_ex.c.obj
LOAD CMakeFiles/GardenCleanWaterUSB.elf.dir/Drivers/STM32F1xx_HAL_Driver/Src/stm32f1xx_hal_pwr.c.obj
LOAD CMakeFiles/GardenCleanWaterUSB.elf.dir/Drivers/STM32F1xx_HAL_Driver/Src/stm32f1xx_hal_rcc.c.obj
LOAD CMakeFiles/GardenCleanWaterUSB.elf.dir/Drivers/STM32F1xx_HAL_Driver/Src/stm32f1xx_hal_rcc_ex.c.obj
LOAD CMakeFiles/GardenCleanWaterUSB.elf.dir/Drivers/STM32F1xx_HAL_Driver/Src/stm32f1xx_hal_tim.c.obj
LOAD CMakeFiles/GardenCleanWaterUSB.elf.dir/Drivers/STM32F1xx_HAL_Driver/Src/stm32f1xx_hal_tim_ex.c.obj
LOAD CMakeFiles/GardenCleanWaterUSB.elf.dir/Drivers/STM32F1xx_HAL_Driver/Src/stm32f1xx_ll_usb.c.obj
LOAD CMakeFiles/GardenCleanWaterUSB.elf.dir/FreeRTOS/ARM_CM3/port.c.obj
LOAD CMakeFiles/GardenCleanWaterUSB.elf.dir/FreeRTOS/Src/croutine.c.obj
LOAD CMakeFiles/GardenCleanWaterUSB.elf.dir/FreeRTOS/Src/event_groups.c.obj
LOAD CMakeFiles/GardenCleanWaterUSB.elf.dir/FreeRTOS/Src/heap_4.c.obj
LOAD CMakeFiles/GardenCleanWaterUSB.elf.dir/FreeRTOS/Src/list.c.obj
LOAD CMakeFiles/GardenCleanWaterUSB.elf.dir/FreeRTOS/Src/queue.c.obj
LOAD CMakeFiles/GardenCleanWaterUSB.elf.dir/FreeRTOS/Src/stream_buffer.c.obj
LOAD CMakeFiles/GardenCleanWaterUSB.elf.dir/FreeRTOS/Src/tasks.c.obj
LOAD CMakeFiles/GardenCleanWaterUSB.elf.dir/FreeRTOS/Src/timers.c.obj
LOAD CMakeFiles/GardenCleanWaterUSB.elf.dir/MainApp/src/main_app.cpp.obj
LOAD CMakeFiles/GardenCleanWaterUSB.elf.dir/Middlewares/ST/STM32_USB_Device_Library/Class/CDC/Src/usbd_cdc.c.obj
LOAD CMakeFiles/GardenCleanWaterUSB.elf.dir/Middlewares/ST/STM32_USB_Device_Library/Core/Src/usbd_core.c.obj
LOAD CMakeFiles/GardenCleanWaterUSB.elf.dir/Middlewares/ST/STM32_USB_Device_Library/Core/Src/usbd_ctlreq.c.obj
LOAD CMakeFiles/GardenCleanWaterUSB.elf.dir/Middlewares/ST/STM32_USB_Device_Library/Core/Src/usbd_ioreq.c.obj
LOAD CMakeFiles/GardenCleanWaterUSB.elf.dir/Misc/src/api_engine.cpp.obj
LOAD CMakeFiles/GardenCleanWaterUSB.elf.dir/Misc/src/common.cpp.obj
LOAD CMakeFiles/GardenCleanWaterUSB.elf.dir/Misc/src/flash.cpp.obj
LOAD CMakeFiles/GardenCleanWaterUSB.elf.dir/Misc/src/init.cpp.obj
LOAD CMakeFiles/GardenCleanWaterUSB.elf.dir/Tasks/src/chb.cpp.obj
LOAD CMakeFiles/GardenCleanWaterUSB.elf.dir/Tasks/src/comm.cpp.obj
LOAD CMakeFiles/GardenCleanWaterUSB.elf.dir/Tasks/src/common_for_tasks.cpp.obj
LOAD CMakeFiles/GardenCleanWaterUSB.elf.dir/Tasks/src/diag.cpp.obj
LOAD CMakeFiles/GardenCleanWaterUSB.elf.dir/Tasks/src/ob.cpp.obj
LOAD CMakeFiles/GardenCleanWaterUSB.elf.dir/Timer/src/common_timer.cpp.obj
LOAD CMakeFiles/GardenCleanWaterUSB.elf.dir/Timer/src/off_delay.cpp.obj
LOAD CMakeFiles/GardenCleanWaterUSB.elf.dir/Timer/src/on_delay.cpp.obj
LOAD CMakeFiles/GardenCleanWaterUSB.elf.dir/Timer/src/pulse.cpp.obj
LOAD CMakeFiles/GardenCleanWaterUSB.elf.dir/USB_DEVICE/App/usb_device.c.obj
LOAD CMakeFiles/GardenCleanWaterUSB.elf.dir/USB_DEVICE/App/usbd_cdc_if.c.obj
LOAD CMakeFiles/GardenCleanWaterUSB.elf.dir/USB_DEVICE/App/usbd_desc.c.obj
LOAD CMakeFiles/GardenCleanWaterUSB.elf.dir/USB_DEVICE/Target/usbd_conf.c.obj
LOAD D:/Distrib/GCC/arm-gnu-toolchain-13.2.Rel1-mingw-w64-i686-arm-none-eabi/bin/../lib/gcc/arm-none-eabi/13.2.1/thumb/v7-m/nofp\libstdc++.a
LOAD D:/Distrib/GCC/arm-gnu-toolchain-13.2.Rel1-mingw-w64-i686-arm-none-eabi/bin/../lib/gcc/arm-none-eabi/13.2.1/thumb/v7-m/nofp\libm.a
START GROUP
LOAD D:/Distrib/GCC/arm-gnu-toolchain-13.2.Rel1-mingw-w64-i686-arm-none-eabi/bin/../lib/gcc/arm-none-eabi/13.2.1/thumb/v7-m/nofp\libgcc.a
LOAD D:/Distrib/GCC/arm-gnu-toolchain-13.2.Rel1-mingw-w64-i686-arm-none-eabi/bin/../lib/gcc/arm-none-eabi/13.2.1/thumb/v7-m/nofp\libg.a
LOAD D:/Distrib/GCC/arm-gnu-toolchain-13.2.Rel1-mingw-w64-i686-arm-none-eabi/bin/../lib/gcc/arm-none-eabi/13.2.1/thumb/v7-m/nofp\libc.a
END GROUP
LOAD D:/Distrib/GCC/arm-gnu-toolchain-13.2.Rel1-mingw-w64-i686-arm-none-eabi/bin/../lib/gcc/arm-none-eabi/13.2.1/thumb/v7-m/nofp/crtend.o
LOAD D:/Distrib/GCC/arm-gnu-toolchain-13.2.Rel1-mingw-w64-i686-arm-none-eabi/bin/../lib/gcc/arm-none-eabi/13.2.1/thumb/v7-m/nofp/crtn.o
                0x20005000                        _estack = (ORIGIN (RAM) + LENGTH (RAM))
                0x00000200                        _Min_Heap_Size = 0x200
                0x00000400                        _Min_Stack_Size = 0x400

.isr_vector     0x08000000      0x10c
                0x08000000                        . = ALIGN (0x4)
 *(.isr_vector)
 .isr_vector    0x08000000      0x10c CMakeFiles/GardenCleanWaterUSB.elf.dir/Core/Startup/startup_stm32f103cbtx.s.obj
                0x08000000                g_pfnVectors
                0x0800010c                        . = ALIGN (0x4)

.text           0x08000110    0x1592c
                0x08000110                        . = ALIGN (0x4)
 *(.text)
 .text          0x08000110      0x1ac D:/Distrib/GCC/arm-gnu-toolchain-13.2.Rel1-mingw-w64-i686-arm-none-eabi/bin/../lib/gcc/arm-none-eabi/13.2.1/thumb/v7-m/nofp\libgcc.a(libunwind.o)
                0x08000110                __restore_core_regs
                0x08000110                restore_core_regs
                0x08000128                __gnu_Unwind_Restore_VFP
                0x08000130                __gnu_Unwind_Save_VFP
                0x08000138                __gnu_Unwind_Restore_VFP_D
                0x08000140                __gnu_Unwind_Save_VFP_D
                0x08000148                __gnu_Unwind_Restore_VFP_D_16_to_31
                0x08000150                __gnu_Unwind_Save_VFP_D_16_to_31
                0x08000158                __gnu_Unwind_Restore_WMMXD
                0x0800019c                __gnu_Unwind_Save_WMMXD
                0x080001e0                __gnu_Unwind_Restore_WMMXC
                0x080001f4                __gnu_Unwind_Save_WMMXC
                0x08000208                ___Unwind_RaiseException
                0x08000208                _Unwind_RaiseException
                0x0800022c                _Unwind_Resume
                0x0800022c                ___Unwind_Resume
                0x08000250                _Unwind_Resume_or_Rethrow
                0x08000250                ___Unwind_Resume_or_Rethrow
                0x08000274                _Unwind_ForcedUnwind
                0x08000274                ___Unwind_ForcedUnwind
                0x08000298                ___Unwind_Backtrace
                0x08000298                _Unwind_Backtrace
 .text          0x080002bc      0x1bc D:/Distrib/GCC/arm-gnu-toolchain-13.2.Rel1-mingw-w64-i686-arm-none-eabi/bin/../lib/gcc/arm-none-eabi/13.2.1/thumb/v7-m/nofp\libg.a(libc_a-strcmp.o)
                0x080002bc                strcmp
 .text          0x08000478       0xec D:/Distrib/GCC/arm-gnu-toolchain-13.2.Rel1-mingw-w64-i686-arm-none-eabi/bin/../lib/gcc/arm-none-eabi/13.2.1/thumb/v7-m/nofp\libg.a(libc_a-memcpy.o)
                0x08000478                memcpy
 .text          0x08000564      0x378 D:/Distrib/GCC/arm-gnu-toolchain-13.2.Rel1-mingw-w64-i686-arm-none-eabi/bin/../lib/gcc/arm-none-eabi/13.2.1/thumb/v7-m/nofp\libgcc.a(_arm_addsubdf3.o)
                0x08000564                __aeabi_drsub
                0x0800056c                __aeabi_dsub
                0x0800056c                __subdf3
                0x08000570                __aeabi_dadd
                0x08000570                __adddf3
                0x080007e8                __floatunsidf
                0x080007e8                __aeabi_ui2d
                0x08000808                __floatsidf
                0x08000808                __aeabi_i2d
                0x0800082c                __aeabi_f2d
                0x0800082c                __extendsfdf2
                0x08000870                __floatundidf
                0x08000870                __aeabi_ul2d
                0x08000880                __floatdidf
                0x08000880                __aeabi_l2d
 .text          0x080008dc      0x424 D:/Distrib/GCC/arm-gnu-toolchain-13.2.Rel1-mingw-w64-i686-arm-none-eabi/bin/../lib/gcc/arm-none-eabi/13.2.1/thumb/v7-m/nofp\libgcc.a(_arm_muldivdf3.o)
                0x080008dc                __aeabi_dmul
                0x080008dc                __muldf3
                0x08000b30                __divdf3
                0x08000b30                __aeabi_ddiv
 .text          0x08000d00      0x110 D:/Distrib/GCC/arm-gnu-toolchain-13.2.Rel1-mingw-w64-i686-arm-none-eabi/bin/../lib/gcc/arm-none-eabi/13.2.1/thumb/v7-m/nofp\libgcc.a(_arm_cmpdf2.o)
                0x08000d00                __gtdf2
                0x08000d00                __gedf2
                0x08000d08                __ltdf2
                0x08000d08                __ledf2
                0x08000d10                __nedf2
                0x08000d10                __eqdf2
                0x08000d10                __cmpdf2
                0x08000d8c                __aeabi_cdrcmple
                0x08000d9c                __aeabi_cdcmpeq
                0x08000d9c                __aeabi_cdcmple
                0x08000dac                __aeabi_dcmpeq
                0x08000dc0                __aeabi_dcmplt
                0x08000dd4                __aeabi_dcmple
                0x08000de8                __aeabi_dcmpge
                0x08000dfc                __aeabi_dcmpgt
 .text          0x08000e10       0x2c D:/Distrib/GCC/arm-gnu-toolchain-13.2.Rel1-mingw-w64-i686-arm-none-eabi/bin/../lib/gcc/arm-none-eabi/13.2.1/thumb/v7-m/nofp\libgcc.a(_arm_unorddf2.o)
                0x08000e10                __unorddf2
                0x08000e10                __aeabi_dcmpun
 .text          0x08000e3c       0x50 D:/Distrib/GCC/arm-gnu-toolchain-13.2.Rel1-mingw-w64-i686-arm-none-eabi/bin/../lib/gcc/arm-none-eabi/13.2.1/thumb/v7-m/nofp\libgcc.a(_arm_fixdfsi.o)
                0x08000e3c                __aeabi_d2iz
                0x08000e3c                __fixdfsi
 *(.text*)
 .text.deregister_tm_clones
                0x08000e8c       0x1c D:/Distrib/GCC/arm-gnu-toolchain-13.2.Rel1-mingw-w64-i686-arm-none-eabi/bin/../lib/gcc/arm-none-eabi/13.2.1/thumb/v7-m/nofp/crtbegin.o
 .text.register_tm_clones
                0x08000ea8       0x24 D:/Distrib/GCC/arm-gnu-toolchain-13.2.Rel1-mingw-w64-i686-arm-none-eabi/bin/../lib/gcc/arm-none-eabi/13.2.1/thumb/v7-m/nofp/crtbegin.o
 .text.__do_global_dtors_aux
                0x08000ecc       0x28 D:/Distrib/GCC/arm-gnu-toolchain-13.2.Rel1-mingw-w64-i686-arm-none-eabi/bin/../lib/gcc/arm-none-eabi/13.2.1/thumb/v7-m/nofp/crtbegin.o
 .text.frame_dummy
                0x08000ef4       0x24 D:/Distrib/GCC/arm-gnu-toolchain-13.2.Rel1-mingw-w64-i686-arm-none-eabi/bin/../lib/gcc/arm-none-eabi/13.2.1/thumb/v7-m/nofp/crtbegin.o
 .text._ZN8SequenceC2EPhh
                0x08000f18       0x3c CMakeFiles/GardenCleanWaterUSB.elf.dir/Control/src/sequence.cpp.obj
                0x08000f18                Sequence::Sequence(unsigned char*, unsigned char)
                0x08000f18                Sequence::Sequence(unsigned char*, unsigned char)
 .text._ZN8Sequence8isMyStepEv
                0x08000f54       0x26 CMakeFiles/GardenCleanWaterUSB.elf.dir/Control/src/sequence.cpp.obj
                0x08000f54                Sequence::isMyStep()
 .text._ZN8Sequence5resetEv
                0x08000f7a       0x2e CMakeFiles/GardenCleanWaterUSB.elf.dir/Control/src/sequence.cpp.obj
                0x08000f7a                Sequence::reset()
 .text._ZN8Sequence5startEb
                0x08000fa8       0x36 CMakeFiles/GardenCleanWaterUSB.elf.dir/Control/src/sequence.cpp.obj
                0x08000fa8                Sequence::start(bool)
 .text._ZN8Sequence4lockEb
                0x08000fde       0x1c CMakeFiles/GardenCleanWaterUSB.elf.dir/Control/src/sequence.cpp.obj
                0x08000fde                Sequence::lock(bool)
 .text._ZN8Sequence6finishEb
                0x08000ffa       0x5e CMakeFiles/GardenCleanWaterUSB.elf.dir/Control/src/sequence.cpp.obj
                0x08000ffa                Sequence::finish(bool)
 .text._ZN8Sequence6activeEv
                0x08001058       0x46 CMakeFiles/GardenCleanWaterUSB.elf.dir/Control/src/sequence.cpp.obj
                0x08001058                Sequence::active()
 .text._ZN8Sequence7startedEv
                0x0800109e       0x16 CMakeFiles/GardenCleanWaterUSB.elf.dir/Control/src/sequence.cpp.obj
                0x0800109e                Sequence::started()
 .text._ZN8Sequence6lockedEv
                0x080010b4       0x16 CMakeFiles/GardenCleanWaterUSB.elf.dir/Control/src/sequence.cpp.obj
                0x080010b4                Sequence::locked()
 .text._ZN8Sequence8finishedEv
                0x080010ca       0x16 CMakeFiles/GardenCleanWaterUSB.elf.dir/Control/src/sequence.cpp.obj
                0x080010ca                Sequence::finished()
 .text._ZN8Sequence15finishedImpulseEv
                0x080010e0       0x1c CMakeFiles/GardenCleanWaterUSB.elf.dir/Control/src/sequence.cpp.obj
                0x080010e0                Sequence::finishedImpulse()
 .text._ZN8Sequence9getStatusEv
                0x080010fc       0x58 CMakeFiles/GardenCleanWaterUSB.elf.dir/Control/src/sequence.cpp.obj
                0x080010fc                Sequence::getStatus()
 .text._ZN11IUpdated1msC2Ev
                0x08001154       0x20 CMakeFiles/GardenCleanWaterUSB.elf.dir/Control/src/sequence.cpp.obj
                0x08001154                IUpdated1ms::IUpdated1ms()
                0x08001154                IUpdated1ms::IUpdated1ms()
 .text._ZN15SequenceDelayedC2EPhhm
                0x08001174       0x5c CMakeFiles/GardenCleanWaterUSB.elf.dir/Control/src/sequence.cpp.obj
                0x08001174                SequenceDelayed::SequenceDelayed(unsigned char*, unsigned char, unsigned long)
                0x08001174                SequenceDelayed::SequenceDelayed(unsigned char*, unsigned char, unsigned long)
 .text._ZN15SequenceDelayed9update1msEv
                0x080011d0       0x5e CMakeFiles/GardenCleanWaterUSB.elf.dir/Control/src/sequence.cpp.obj
                0x080011d0                SequenceDelayed::update1ms()
 .text._ZThn32_N15SequenceDelayed9update1msEv
                0x0800122e        0x8 CMakeFiles/GardenCleanWaterUSB.elf.dir/Control/src/sequence.cpp.obj
                0x0800122e                non-virtual thunk to SequenceDelayed::update1ms()
 .text._ZN15SequenceDelayed5resetEv
                0x08001236       0x22 CMakeFiles/GardenCleanWaterUSB.elf.dir/Control/src/sequence.cpp.obj
                0x08001236                SequenceDelayed::reset()
 .text._ZThn16_N15SequenceDelayed5resetEv
                0x08001258        0x8 CMakeFiles/GardenCleanWaterUSB.elf.dir/Control/src/sequence.cpp.obj
                0x08001258                non-virtual thunk to SequenceDelayed::reset()
 .text.main     0x08001260       0x1a CMakeFiles/GardenCleanWaterUSB.elf.dir/Core/Src/main.cpp.obj
                0x08001260                main
 .text._Z18SystemClock_Configv
                0x0800127a       0xd2 CMakeFiles/GardenCleanWaterUSB.elf.dir/Core/Src/main.cpp.obj
                0x0800127a                SystemClock_Config()
 .text._ZL12MX_GPIO_Initv
                0x0800134c       0x44 CMakeFiles/GardenCleanWaterUSB.elf.dir/Core/Src/main.cpp.obj
 .text.HAL_TIM_PeriodElapsedCallback
                0x08001390       0x24 CMakeFiles/GardenCleanWaterUSB.elf.dir/Core/Src/main.cpp.obj
                0x08001390                HAL_TIM_PeriodElapsedCallback
 .text.Error_Handler
                0x080013b4        0xa CMakeFiles/GardenCleanWaterUSB.elf.dir/Core/Src/main.cpp.obj
                0x080013b4                Error_Handler
 *fill*         0x080013be        0x2 
 .text._Z41__static_initialization_and_destruction_0v
                0x080013c0      0x33c CMakeFiles/GardenCleanWaterUSB.elf.dir/Core/Src/main.cpp.obj
 .text._GLOBAL__sub_I_B1
                0x080016fc        0xa CMakeFiles/GardenCleanWaterUSB.elf.dir/Core/Src/main.cpp.obj
 *fill*         0x08001706        0x2 
 .text.HAL_MspInit
                0x08001708       0x64 CMakeFiles/GardenCleanWaterUSB.elf.dir/Core/Src/stm32f1xx_hal_msp.c.obj
                0x08001708                HAL_MspInit
 .text.HAL_InitTick
                0x0800176c       0xfc CMakeFiles/GardenCleanWaterUSB.elf.dir/Core/Src/stm32f1xx_hal_timebase_tim.c.obj
                0x0800176c                HAL_InitTick
 .text.NMI_Handler
                0x08001868        0x6 CMakeFiles/GardenCleanWaterUSB.elf.dir/Core/Src/stm32f1xx_it.c.obj
                0x08001868                NMI_Handler
 .text.HardFault_Handler
                0x0800186e        0x6 CMakeFiles/GardenCleanWaterUSB.elf.dir/Core/Src/stm32f1xx_it.c.obj
                0x0800186e                HardFault_Handler
 .text.MemManage_Handler
                0x08001874        0x6 CMakeFiles/GardenCleanWaterUSB.elf.dir/Core/Src/stm32f1xx_it.c.obj
                0x08001874                MemManage_Handler
 .text.BusFault_Handler
                0x0800187a        0x6 CMakeFiles/GardenCleanWaterUSB.elf.dir/Core/Src/stm32f1xx_it.c.obj
                0x0800187a                BusFault_Handler
 .text.UsageFault_Handler
                0x08001880        0x6 CMakeFiles/GardenCleanWaterUSB.elf.dir/Core/Src/stm32f1xx_it.c.obj
                0x08001880                UsageFault_Handler
 .text.DebugMon_Handler
                0x08001886        0xc CMakeFiles/GardenCleanWaterUSB.elf.dir/Core/Src/stm32f1xx_it.c.obj
                0x08001886                DebugMon_Handler
 *fill*         0x08001892        0x2 
 .text.USB_LP_CAN1_RX0_IRQHandler
                0x08001894       0x14 CMakeFiles/GardenCleanWaterUSB.elf.dir/Core/Src/stm32f1xx_it.c.obj
                0x08001894                USB_LP_CAN1_RX0_IRQHandler
 .text.TIM4_IRQHandler
                0x080018a8       0x14 CMakeFiles/GardenCleanWaterUSB.elf.dir/Core/Src/stm32f1xx_it.c.obj
                0x080018a8                TIM4_IRQHandler
 .text._getpid  0x080018bc        0xe CMakeFiles/GardenCleanWaterUSB.elf.dir/Core/Src/syscalls.c.obj
                0x080018bc                _getpid
 .text._kill    0x080018ca       0x20 CMakeFiles/GardenCleanWaterUSB.elf.dir/Core/Src/syscalls.c.obj
                0x080018ca                _kill
 .text._exit    0x080018ea       0x14 CMakeFiles/GardenCleanWaterUSB.elf.dir/Core/Src/syscalls.c.obj
                0x080018ea                _exit
 .text._read    0x080018fe       0x3a CMakeFiles/GardenCleanWaterUSB.elf.dir/Core/Src/syscalls.c.obj
                0x080018fe                _read
 .text._write   0x08001938       0x38 CMakeFiles/GardenCleanWaterUSB.elf.dir/Core/Src/syscalls.c.obj
                0x08001938                _write
 .text._close   0x08001970       0x16 CMakeFiles/GardenCleanWaterUSB.elf.dir/Core/Src/syscalls.c.obj
                0x08001970                _close
 .text._fstat   0x08001986       0x1e CMakeFiles/GardenCleanWaterUSB.elf.dir/Core/Src/syscalls.c.obj
                0x08001986                _fstat
 .text._isatty  0x080019a4       0x14 CMakeFiles/GardenCleanWaterUSB.elf.dir/Core/Src/syscalls.c.obj
                0x080019a4                _isatty
 .text._lseek   0x080019b8       0x18 CMakeFiles/GardenCleanWaterUSB.elf.dir/Core/Src/syscalls.c.obj
                0x080019b8                _lseek
 .text._sbrk    0x080019d0       0x6c CMakeFiles/GardenCleanWaterUSB.elf.dir/Core/Src/sysmem.c.obj
                0x080019d0                _sbrk
 .text.SystemInit
                0x08001a3c        0xc CMakeFiles/GardenCleanWaterUSB.elf.dir/Core/Src/system_stm32f1xx.c.obj
                0x08001a3c                SystemInit
 .text.Reset_Handler
                0x08001a48       0x48 CMakeFiles/GardenCleanWaterUSB.elf.dir/Core/Startup/startup_stm32f103cbtx.s.obj
                0x08001a48                Reset_Handler
 .text.Default_Handler
                0x08001a90        0x2 CMakeFiles/GardenCleanWaterUSB.elf.dir/Core/Startup/startup_stm32f103cbtx.s.obj
                0x08001a90                RTC_Alarm_IRQHandler
                0x08001a90                EXTI2_IRQHandler
                0x08001a90                TIM1_CC_IRQHandler
                0x08001a90                PVD_IRQHandler
                0x08001a90                EXTI3_IRQHandler
                0x08001a90                EXTI0_IRQHandler
                0x08001a90                I2C2_EV_IRQHandler
                0x08001a90                ADC1_2_IRQHandler
                0x08001a90                SPI1_IRQHandler
                0x08001a90                TAMPER_IRQHandler
                0x08001a90                DMA1_Channel4_IRQHandler
                0x08001a90                USART3_IRQHandler
                0x08001a90                RTC_IRQHandler
                0x08001a90                DMA1_Channel7_IRQHandler
                0x08001a90                CAN1_RX1_IRQHandler
                0x08001a90                I2C1_EV_IRQHandler
                0x08001a90                DMA1_Channel6_IRQHandler
                0x08001a90                TIM3_IRQHandler
                0x08001a90                RCC_IRQHandler
                0x08001a90                TIM1_TRG_COM_IRQHandler
                0x08001a90                DMA1_Channel1_IRQHandler
                0x08001a90                Default_Handler
                0x08001a90                EXTI15_10_IRQHandler
                0x08001a90                EXTI9_5_IRQHandler
                0x08001a90                SPI2_IRQHandler
                0x08001a90                DMA1_Channel5_IRQHandler
                0x08001a90                EXTI4_IRQHandler
                0x08001a90                USB_HP_CAN1_TX_IRQHandler
                0x08001a90                DMA1_Channel3_IRQHandler
                0x08001a90                TIM1_UP_IRQHandler
                0x08001a90                WWDG_IRQHandler
                0x08001a90                TIM1_BRK_IRQHandler
                0x08001a90                EXTI1_IRQHandler
                0x08001a90                USART2_IRQHandler
                0x08001a90                I2C2_ER_IRQHandler
                0x08001a90                DMA1_Channel2_IRQHandler
                0x08001a90                CAN1_SCE_IRQHandler
                0x08001a90                FLASH_IRQHandler
                0x08001a90                USART1_IRQHandler
                0x08001a90                I2C1_ER_IRQHandler
                0x08001a90                USBWakeUp_IRQHandler
 .text._ZN12ProgrammCoil8isActiveEv
                0x08001a92       0x16 CMakeFiles/GardenCleanWaterUSB.elf.dir/Discrete/src/coil.cpp.obj
                0x08001a92                ProgrammCoil::isActive()
 .text._ZN12ProgrammCoil8setValueEb
                0x08001aa8       0x1c CMakeFiles/GardenCleanWaterUSB.elf.dir/Discrete/src/coil.cpp.obj
                0x08001aa8                ProgrammCoil::setValue(bool)
 .text._ZN7ISwitchC2Ev
                0x08001ac4       0x20 CMakeFiles/GardenCleanWaterUSB.elf.dir/Discrete/src/coil.cpp.obj
                0x08001ac4                ISwitch::ISwitch()
                0x08001ac4                ISwitch::ISwitch()
 .text._ZN12ProgrammCoilC2Ev
                0x08001ae4       0x24 CMakeFiles/GardenCleanWaterUSB.elf.dir/Discrete/src/coil.cpp.obj
                0x08001ae4                ProgrammCoil::ProgrammCoil()
                0x08001ae4                ProgrammCoil::ProgrammCoil()
 .text._ZN4CoilC2EP12GPIO_TypeDefh
                0x08001b08       0x70 CMakeFiles/GardenCleanWaterUSB.elf.dir/Discrete/src/coil.cpp.obj
                0x08001b08                Coil::Coil(GPIO_TypeDef*, unsigned char)
                0x08001b08                Coil::Coil(GPIO_TypeDef*, unsigned char)
 .text._ZN4Coil8isActiveEv
                0x08001b78       0x2e CMakeFiles/GardenCleanWaterUSB.elf.dir/Discrete/src/coil.cpp.obj
                0x08001b78                Coil::isActive()
 .text._ZN4Coil8setValueEb
                0x08001ba6       0x5a CMakeFiles/GardenCleanWaterUSB.elf.dir/Discrete/src/coil.cpp.obj
                0x08001ba6                Coil::setValue(bool)
 .text._ZN4CoilaSEb
                0x08001c00       0x26 CMakeFiles/GardenCleanWaterUSB.elf.dir/Discrete/src/coil.cpp.obj
                0x08001c00                Coil::operator=(bool)
 .text._Z17setBitsInRegisterIVmEvPT_mm
                0x08001c26       0x4a CMakeFiles/GardenCleanWaterUSB.elf.dir/Discrete/src/coil.cpp.obj
                0x08001c26                void setBitsInRegister<unsigned long volatile>(unsigned long volatile*, unsigned long, unsigned long)
 .text._ZN10GPIOcommonC2EP12GPIO_TypeDefh
                0x08001c70       0xb4 CMakeFiles/GardenCleanWaterUSB.elf.dir/Discrete/src/gpio_common.cpp.obj
                0x08001c70                GPIOcommon::GPIOcommon(GPIO_TypeDef*, unsigned char)
                0x08001c70                GPIOcommon::GPIOcommon(GPIO_TypeDef*, unsigned char)
 .text._ZN9RFimpulseC2E7IMPULSE
                0x08001d24       0x1e CMakeFiles/GardenCleanWaterUSB.elf.dir/Discrete/src/rf_impulse.cpp.obj
                0x08001d24                RFimpulse::RFimpulse(IMPULSE)
                0x08001d24                RFimpulse::RFimpulse(IMPULSE)
 .text._ZN9RFimpulse3setEb
                0x08001d42       0x7a CMakeFiles/GardenCleanWaterUSB.elf.dir/Discrete/src/rf_impulse.cpp.obj
                0x08001d42                RFimpulse::set(bool)
 .text._ZN9RFimpulse3getEv
                0x08001dbc       0x20 CMakeFiles/GardenCleanWaterUSB.elf.dir/Discrete/src/rf_impulse.cpp.obj
                0x08001dbc                RFimpulse::get()
 .text._ZN11SimpleInputC2EP12GPIO_TypeDefh
                0x08001ddc       0x9c CMakeFiles/GardenCleanWaterUSB.elf.dir/Discrete/src/simple_input.cpp.obj
                0x08001ddc                SimpleInput::SimpleInput(GPIO_TypeDef*, unsigned char)
                0x08001ddc                SimpleInput::SimpleInput(GPIO_TypeDef*, unsigned char)
 .text._ZN11SimpleInput8isActiveEv
                0x08001e78       0x3e CMakeFiles/GardenCleanWaterUSB.elf.dir/Discrete/src/simple_input.cpp.obj
                0x08001e78                SimpleInput::isActive()
 .text._ZN11SimpleInput11isNotActiveEv
                0x08001eb6       0x22 CMakeFiles/GardenCleanWaterUSB.elf.dir/Discrete/src/simple_input.cpp.obj
                0x08001eb6                SimpleInput::isNotActive()
 .text._ZN18SimpleInputDelayedC2EP12GPIO_TypeDefht
                0x08001ed8       0x64 CMakeFiles/GardenCleanWaterUSB.elf.dir/Discrete/src/simple_input.cpp.obj
                0x08001ed8                SimpleInputDelayed::SimpleInputDelayed(GPIO_TypeDef*, unsigned char, unsigned short)
                0x08001ed8                SimpleInputDelayed::SimpleInputDelayed(GPIO_TypeDef*, unsigned char, unsigned short)
 .text._ZN18SimpleInputDelayed9update1msEv
                0x08001f3c       0x2e CMakeFiles/GardenCleanWaterUSB.elf.dir/Discrete/src/simple_input.cpp.obj
                0x08001f3c                SimpleInputDelayed::update1ms()
 .text._ZThn32_N18SimpleInputDelayed9update1msEv
                0x08001f6a        0x8 CMakeFiles/GardenCleanWaterUSB.elf.dir/Discrete/src/simple_input.cpp.obj
                0x08001f6a                non-virtual thunk to SimpleInputDelayed::update1ms()
 .text._ZN18SimpleInputDelayed8isActiveEv
                0x08001f72       0x1a CMakeFiles/GardenCleanWaterUSB.elf.dir/Discrete/src/simple_input.cpp.obj
                0x08001f72                SimpleInputDelayed::isActive()
 .text._ZThn16_N18SimpleInputDelayed8isActiveEv
                0x08001f8c        0x8 CMakeFiles/GardenCleanWaterUSB.elf.dir/Discrete/src/simple_input.cpp.obj
                0x08001f8c                non-virtual thunk to SimpleInputDelayed::isActive()
 .text._Z11setRegisterIVmEvPT_mm
                0x08001f94       0x30 CMakeFiles/GardenCleanWaterUSB.elf.dir/Discrete/src/simple_input.cpp.obj
                0x08001f94                void setRegister<unsigned long volatile>(unsigned long volatile*, unsigned long, unsigned long)
 .text.HAL_Init
                0x08001fc4       0x2c CMakeFiles/GardenCleanWaterUSB.elf.dir/Drivers/STM32F1xx_HAL_Driver/Src/stm32f1xx_hal.c.obj
                0x08001fc4                HAL_Init
 .text.HAL_IncTick
                0x08001ff0       0x24 CMakeFiles/GardenCleanWaterUSB.elf.dir/Drivers/STM32F1xx_HAL_Driver/Src/stm32f1xx_hal.c.obj
                0x08001ff0                HAL_IncTick
 .text.HAL_GetTick
                0x08002014       0x14 CMakeFiles/GardenCleanWaterUSB.elf.dir/Drivers/STM32F1xx_HAL_Driver/Src/stm32f1xx_hal.c.obj
                0x08002014                HAL_GetTick
 .text.__NVIC_SetPriorityGrouping
                0x08002028       0x48 CMakeFiles/GardenCleanWaterUSB.elf.dir/Drivers/STM32F1xx_HAL_Driver/Src/stm32f1xx_hal_cortex.c.obj
 .text.__NVIC_GetPriorityGrouping
                0x08002070       0x1c CMakeFiles/GardenCleanWaterUSB.elf.dir/Drivers/STM32F1xx_HAL_Driver/Src/stm32f1xx_hal_cortex.c.obj
 .text.__NVIC_EnableIRQ
                0x0800208c       0x38 CMakeFiles/GardenCleanWaterUSB.elf.dir/Drivers/STM32F1xx_HAL_Driver/Src/stm32f1xx_hal_cortex.c.obj
 .text.__NVIC_SetPriority
                0x080020c4       0x54 CMakeFiles/GardenCleanWaterUSB.elf.dir/Drivers/STM32F1xx_HAL_Driver/Src/stm32f1xx_hal_cortex.c.obj
 .text.NVIC_EncodePriority
                0x08002118       0x64 CMakeFiles/GardenCleanWaterUSB.elf.dir/Drivers/STM32F1xx_HAL_Driver/Src/stm32f1xx_hal_cortex.c.obj
 .text.HAL_NVIC_SetPriorityGrouping
                0x0800217c       0x16 CMakeFiles/GardenCleanWaterUSB.elf.dir/Drivers/STM32F1xx_HAL_Driver/Src/stm32f1xx_hal_cortex.c.obj
                0x0800217c                HAL_NVIC_SetPriorityGrouping
 .text.HAL_NVIC_SetPriority
                0x08002192       0x38 CMakeFiles/GardenCleanWaterUSB.elf.dir/Drivers/STM32F1xx_HAL_Driver/Src/stm32f1xx_hal_cortex.c.obj
                0x08002192                HAL_NVIC_SetPriority
 .text.HAL_NVIC_EnableIRQ
                0x080021ca       0x1c CMakeFiles/GardenCleanWaterUSB.elf.dir/Drivers/STM32F1xx_HAL_Driver/Src/stm32f1xx_hal_cortex.c.obj
                0x080021ca                HAL_NVIC_EnableIRQ
 *fill*         0x080021e6        0x2 
 .text.HAL_FLASH_Program
                0x080021e8       0xe0 CMakeFiles/GardenCleanWaterUSB.elf.dir/Drivers/STM32F1xx_HAL_Driver/Src/stm32f1xx_hal_flash.c.obj
                0x080021e8                HAL_FLASH_Program
 .text.HAL_FLASH_Unlock
                0x080022c8       0x4c CMakeFiles/GardenCleanWaterUSB.elf.dir/Drivers/STM32F1xx_HAL_Driver/Src/stm32f1xx_hal_flash.c.obj
                0x080022c8                HAL_FLASH_Unlock
 .text.HAL_FLASH_Lock
                0x08002314       0x20 CMakeFiles/GardenCleanWaterUSB.elf.dir/Drivers/STM32F1xx_HAL_Driver/Src/stm32f1xx_hal_flash.c.obj
                0x08002314                HAL_FLASH_Lock
 .text.FLASH_Program_HalfWord
                0x08002334       0x38 CMakeFiles/GardenCleanWaterUSB.elf.dir/Drivers/STM32F1xx_HAL_Driver/Src/stm32f1xx_hal_flash.c.obj
 .text.FLASH_WaitForLastOperation
                0x0800236c       0x8c CMakeFiles/GardenCleanWaterUSB.elf.dir/Drivers/STM32F1xx_HAL_Driver/Src/stm32f1xx_hal_flash.c.obj
                0x0800236c                FLASH_WaitForLastOperation
 .text.FLASH_SetErrorCode
                0x080023f8       0xa0 CMakeFiles/GardenCleanWaterUSB.elf.dir/Drivers/STM32F1xx_HAL_Driver/Src/stm32f1xx_hal_flash.c.obj
 .text.HAL_FLASHEx_Erase
                0x08002498       0xd8 CMakeFiles/GardenCleanWaterUSB.elf.dir/Drivers/STM32F1xx_HAL_Driver/Src/stm32f1xx_hal_flash_ex.c.obj
                0x08002498                HAL_FLASHEx_Erase
 .text.FLASH_MassErase
                0x08002570       0x38 CMakeFiles/GardenCleanWaterUSB.elf.dir/Drivers/STM32F1xx_HAL_Driver/Src/stm32f1xx_hal_flash_ex.c.obj
 .text.FLASH_PageErase
                0x080025a8       0x40 CMakeFiles/GardenCleanWaterUSB.elf.dir/Drivers/STM32F1xx_HAL_Driver/Src/stm32f1xx_hal_flash_ex.c.obj
                0x080025a8                FLASH_PageErase
 .text.HAL_PCD_Init
                0x080025e8      0x1fe CMakeFiles/GardenCleanWaterUSB.elf.dir/Drivers/STM32F1xx_HAL_Driver/Src/stm32f1xx_hal_pcd.c.obj
                0x080025e8                HAL_PCD_Init
 .text.HAL_PCD_Start
                0x080027e6       0x4c CMakeFiles/GardenCleanWaterUSB.elf.dir/Drivers/STM32F1xx_HAL_Driver/Src/stm32f1xx_hal_pcd.c.obj
                0x080027e6                HAL_PCD_Start
 .text.HAL_PCD_IRQHandler
                0x08002832      0x260 CMakeFiles/GardenCleanWaterUSB.elf.dir/Drivers/STM32F1xx_HAL_Driver/Src/stm32f1xx_hal_pcd.c.obj
                0x08002832                HAL_PCD_IRQHandler
 .text.HAL_PCD_SetAddress
                0x08002a92       0x4a CMakeFiles/GardenCleanWaterUSB.elf.dir/Drivers/STM32F1xx_HAL_Driver/Src/stm32f1xx_hal_pcd.c.obj
                0x08002a92                HAL_PCD_SetAddress
 .text.HAL_PCD_EP_Open
                0x08002adc       0xba CMakeFiles/GardenCleanWaterUSB.elf.dir/Drivers/STM32F1xx_HAL_Driver/Src/stm32f1xx_hal_pcd.c.obj
                0x08002adc                HAL_PCD_EP_Open
 .text.HAL_PCD_EP_Close
                0x08002b96       0x90 CMakeFiles/GardenCleanWaterUSB.elf.dir/Drivers/STM32F1xx_HAL_Driver/Src/stm32f1xx_hal_pcd.c.obj
                0x08002b96                HAL_PCD_EP_Close
 .text.HAL_PCD_EP_Receive
                0x08002c26       0x62 CMakeFiles/GardenCleanWaterUSB.elf.dir/Drivers/STM32F1xx_HAL_Driver/Src/stm32f1xx_hal_pcd.c.obj
                0x08002c26                HAL_PCD_EP_Receive
 .text.HAL_PCD_EP_GetRxCount
                0x08002c88       0x2e CMakeFiles/GardenCleanWaterUSB.elf.dir/Drivers/STM32F1xx_HAL_Driver/Src/stm32f1xx_hal_pcd.c.obj
                0x08002c88                HAL_PCD_EP_GetRxCount
 .text.HAL_PCD_EP_Transmit
                0x08002cb6       0x6e CMakeFiles/GardenCleanWaterUSB.elf.dir/Drivers/STM32F1xx_HAL_Driver/Src/stm32f1xx_hal_pcd.c.obj
                0x08002cb6                HAL_PCD_EP_Transmit
 .text.HAL_PCD_EP_SetStall
                0x08002d24       0xc0 CMakeFiles/GardenCleanWaterUSB.elf.dir/Drivers/STM32F1xx_HAL_Driver/Src/stm32f1xx_hal_pcd.c.obj
                0x08002d24                HAL_PCD_EP_SetStall
 .text.HAL_PCD_EP_ClrStall
                0x08002de4       0xa8 CMakeFiles/GardenCleanWaterUSB.elf.dir/Drivers/STM32F1xx_HAL_Driver/Src/stm32f1xx_hal_pcd.c.obj
                0x08002de4                HAL_PCD_EP_ClrStall
 .text.PCD_EP_ISR_Handler
                0x08002e8c      0x7a4 CMakeFiles/GardenCleanWaterUSB.elf.dir/Drivers/STM32F1xx_HAL_Driver/Src/stm32f1xx_hal_pcd.c.obj
 .text.HAL_PCD_EP_DB_Receive
                0x08003630      0x21a CMakeFiles/GardenCleanWaterUSB.elf.dir/Drivers/STM32F1xx_HAL_Driver/Src/stm32f1xx_hal_pcd.c.obj
 .text.HAL_PCD_EP_DB_Transmit
                0x0800384a      0x7f4 CMakeFiles/GardenCleanWaterUSB.elf.dir/Drivers/STM32F1xx_HAL_Driver/Src/stm32f1xx_hal_pcd.c.obj
 .text.HAL_PCDEx_PMAConfig
                0x0800403e       0x84 CMakeFiles/GardenCleanWaterUSB.elf.dir/Drivers/STM32F1xx_HAL_Driver/Src/stm32f1xx_hal_pcd_ex.c.obj
                0x0800403e                HAL_PCDEx_PMAConfig
 *fill*         0x080040c2        0x2 
 .text.HAL_RCC_OscConfig
                0x080040c4      0x504 CMakeFiles/GardenCleanWaterUSB.elf.dir/Drivers/STM32F1xx_HAL_Driver/Src/stm32f1xx_hal_rcc.c.obj
                0x080040c4                HAL_RCC_OscConfig
 .text.HAL_RCC_ClockConfig
                0x080045c8      0x1d4 CMakeFiles/GardenCleanWaterUSB.elf.dir/Drivers/STM32F1xx_HAL_Driver/Src/stm32f1xx_hal_rcc.c.obj
                0x080045c8                HAL_RCC_ClockConfig
 .text.HAL_RCC_GetSysClockFreq
                0x0800479c       0xa8 CMakeFiles/GardenCleanWaterUSB.elf.dir/Drivers/STM32F1xx_HAL_Driver/Src/stm32f1xx_hal_rcc.c.obj
                0x0800479c                HAL_RCC_GetSysClockFreq
 .text.HAL_RCC_GetHCLKFreq
                0x08004844       0x14 CMakeFiles/GardenCleanWaterUSB.elf.dir/Drivers/STM32F1xx_HAL_Driver/Src/stm32f1xx_hal_rcc.c.obj
                0x08004844                HAL_RCC_GetHCLKFreq
 .text.HAL_RCC_GetPCLK1Freq
                0x08004858       0x28 CMakeFiles/GardenCleanWaterUSB.elf.dir/Drivers/STM32F1xx_HAL_Driver/Src/stm32f1xx_hal_rcc.c.obj
                0x08004858                HAL_RCC_GetPCLK1Freq
 .text.HAL_RCC_GetClockConfig
                0x08004880       0x60 CMakeFiles/GardenCleanWaterUSB.elf.dir/Drivers/STM32F1xx_HAL_Driver/Src/stm32f1xx_hal_rcc.c.obj
                0x08004880                HAL_RCC_GetClockConfig
 .text.RCC_Delay
                0x080048e0       0x3c CMakeFiles/GardenCleanWaterUSB.elf.dir/Drivers/STM32F1xx_HAL_Driver/Src/stm32f1xx_hal_rcc.c.obj
 .text.HAL_RCCEx_PeriphCLKConfig
                0x0800491c      0x16c CMakeFiles/GardenCleanWaterUSB.elf.dir/Drivers/STM32F1xx_HAL_Driver/Src/stm32f1xx_hal_rcc_ex.c.obj
                0x0800491c                HAL_RCCEx_PeriphCLKConfig
 .text.HAL_TIM_Base_Init
                0x08004a88       0x9e CMakeFiles/GardenCleanWaterUSB.elf.dir/Drivers/STM32F1xx_HAL_Driver/Src/stm32f1xx_hal_tim.c.obj
                0x08004a88                HAL_TIM_Base_Init
 .text.HAL_TIM_Base_MspInit
                0x08004b26       0x12 CMakeFiles/GardenCleanWaterUSB.elf.dir/Drivers/STM32F1xx_HAL_Driver/Src/stm32f1xx_hal_tim.c.obj
                0x08004b26                HAL_TIM_Base_MspInit
 .text.HAL_TIM_Base_Start_IT
                0x08004b38       0xa4 CMakeFiles/GardenCleanWaterUSB.elf.dir/Drivers/STM32F1xx_HAL_Driver/Src/stm32f1xx_hal_tim.c.obj
                0x08004b38                HAL_TIM_Base_Start_IT
 .text.HAL_TIM_IRQHandler
                0x08004bdc      0x210 CMakeFiles/GardenCleanWaterUSB.elf.dir/Drivers/STM32F1xx_HAL_Driver/Src/stm32f1xx_hal_tim.c.obj
                0x08004bdc                HAL_TIM_IRQHandler
 .text.HAL_TIM_OC_DelayElapsedCallback
                0x08004dec       0x12 CMakeFiles/GardenCleanWaterUSB.elf.dir/Drivers/STM32F1xx_HAL_Driver/Src/stm32f1xx_hal_tim.c.obj
                0x08004dec                HAL_TIM_OC_DelayElapsedCallback
 .text.HAL_TIM_IC_CaptureCallback
                0x08004dfe       0x12 CMakeFiles/GardenCleanWaterUSB.elf.dir/Drivers/STM32F1xx_HAL_Driver/Src/stm32f1xx_hal_tim.c.obj
                0x08004dfe                HAL_TIM_IC_CaptureCallback
 .text.HAL_TIM_PWM_PulseFinishedCallback
                0x08004e10       0x12 CMakeFiles/GardenCleanWaterUSB.elf.dir/Drivers/STM32F1xx_HAL_Driver/Src/stm32f1xx_hal_tim.c.obj
                0x08004e10                HAL_TIM_PWM_PulseFinishedCallback
 .text.HAL_TIM_TriggerCallback
                0x08004e22       0x12 CMakeFiles/GardenCleanWaterUSB.elf.dir/Drivers/STM32F1xx_HAL_Driver/Src/stm32f1xx_hal_tim.c.obj
                0x08004e22                HAL_TIM_TriggerCallback
 .text.TIM_Base_SetConfig
                0x08004e34       0xc4 CMakeFiles/GardenCleanWaterUSB.elf.dir/Drivers/STM32F1xx_HAL_Driver/Src/stm32f1xx_hal_tim.c.obj
                0x08004e34                TIM_Base_SetConfig
 .text.HAL_TIMEx_CommutCallback
                0x08004ef8       0x12 CMakeFiles/GardenCleanWaterUSB.elf.dir/Drivers/STM32F1xx_HAL_Driver/Src/stm32f1xx_hal_tim_ex.c.obj
                0x08004ef8                HAL_TIMEx_CommutCallback
 .text.HAL_TIMEx_BreakCallback
                0x08004f0a       0x12 CMakeFiles/GardenCleanWaterUSB.elf.dir/Drivers/STM32F1xx_HAL_Driver/Src/stm32f1xx_hal_tim_ex.c.obj
                0x08004f0a                HAL_TIMEx_BreakCallback
 .text.USB_CoreInit
                0x08004f1c       0x20 CMakeFiles/GardenCleanWaterUSB.elf.dir/Drivers/STM32F1xx_HAL_Driver/Src/stm32f1xx_ll_usb.c.obj
                0x08004f1c                USB_CoreInit
 .text.USB_EnableGlobalInt
                0x08004f3c       0x2c CMakeFiles/GardenCleanWaterUSB.elf.dir/Drivers/STM32F1xx_HAL_Driver/Src/stm32f1xx_ll_usb.c.obj
                0x08004f3c                USB_EnableGlobalInt
 .text.USB_DisableGlobalInt
                0x08004f68       0x34 CMakeFiles/GardenCleanWaterUSB.elf.dir/Drivers/STM32F1xx_HAL_Driver/Src/stm32f1xx_ll_usb.c.obj
                0x08004f68                USB_DisableGlobalInt
 .text.USB_SetCurrentMode
                0x08004f9c       0x18 CMakeFiles/GardenCleanWaterUSB.elf.dir/Drivers/STM32F1xx_HAL_Driver/Src/stm32f1xx_ll_usb.c.obj
                0x08004f9c                USB_SetCurrentMode
 .text.USB_DevInit
                0x08004fb4       0x40 CMakeFiles/GardenCleanWaterUSB.elf.dir/Drivers/STM32F1xx_HAL_Driver/Src/stm32f1xx_ll_usb.c.obj
                0x08004fb4                USB_DevInit
 .text.USB_ActivateEndpoint
                0x08004ff4      0x780 CMakeFiles/GardenCleanWaterUSB.elf.dir/Drivers/STM32F1xx_HAL_Driver/Src/stm32f1xx_ll_usb.c.obj
                0x08004ff4                USB_ActivateEndpoint
 .text.USB_DeactivateEndpoint
                0x08005774      0x3d8 CMakeFiles/GardenCleanWaterUSB.elf.dir/Drivers/STM32F1xx_HAL_Driver/Src/stm32f1xx_ll_usb.c.obj
                0x08005774                USB_DeactivateEndpoint
 .text.USB_EPStartXfer
                0x08005b4c     0x1762 CMakeFiles/GardenCleanWaterUSB.elf.dir/Drivers/STM32F1xx_HAL_Driver/Src/stm32f1xx_ll_usb.c.obj
                0x08005b4c                USB_EPStartXfer
 .text.USB_EPSetStall
                0x080072ae       0xa0 CMakeFiles/GardenCleanWaterUSB.elf.dir/Drivers/STM32F1xx_HAL_Driver/Src/stm32f1xx_ll_usb.c.obj
                0x080072ae                USB_EPSetStall
 .text.USB_EPClearStall
                0x0800734e      0x15a CMakeFiles/GardenCleanWaterUSB.elf.dir/Drivers/STM32F1xx_HAL_Driver/Src/stm32f1xx_ll_usb.c.obj
                0x0800734e                USB_EPClearStall
 .text.USB_SetDevAddress
                0x080074a8       0x26 CMakeFiles/GardenCleanWaterUSB.elf.dir/Drivers/STM32F1xx_HAL_Driver/Src/stm32f1xx_ll_usb.c.obj
                0x080074a8                USB_SetDevAddress
 .text.USB_DevConnect
                0x080074ce       0x14 CMakeFiles/GardenCleanWaterUSB.elf.dir/Drivers/STM32F1xx_HAL_Driver/Src/stm32f1xx_ll_usb.c.obj
                0x080074ce                USB_DevConnect
 .text.USB_DevDisconnect
                0x080074e2       0x14 CMakeFiles/GardenCleanWaterUSB.elf.dir/Drivers/STM32F1xx_HAL_Driver/Src/stm32f1xx_ll_usb.c.obj
                0x080074e2                USB_DevDisconnect
 .text.USB_ReadInterrupts
                0x080074f6       0x1e CMakeFiles/GardenCleanWaterUSB.elf.dir/Drivers/STM32F1xx_HAL_Driver/Src/stm32f1xx_ll_usb.c.obj
                0x080074f6                USB_ReadInterrupts
 .text.USB_EP0_OutStart
                0x08007514       0x16 CMakeFiles/GardenCleanWaterUSB.elf.dir/Drivers/STM32F1xx_HAL_Driver/Src/stm32f1xx_ll_usb.c.obj
                0x08007514                USB_EP0_OutStart
 .text.USB_WritePMA
                0x0800752a       0x8c CMakeFiles/GardenCleanWaterUSB.elf.dir/Drivers/STM32F1xx_HAL_Driver/Src/stm32f1xx_ll_usb.c.obj
                0x0800752a                USB_WritePMA
 .text.USB_ReadPMA
                0x080075b6       0x9e CMakeFiles/GardenCleanWaterUSB.elf.dir/Drivers/STM32F1xx_HAL_Driver/Src/stm32f1xx_ll_usb.c.obj
                0x080075b6                USB_ReadPMA
 .text.pxPortInitialiseStack
                0x08007654       0x58 CMakeFiles/GardenCleanWaterUSB.elf.dir/FreeRTOS/ARM_CM3/port.c.obj
                0x08007654                pxPortInitialiseStack
 .text.prvTaskExitError
                0x080076ac       0x32 CMakeFiles/GardenCleanWaterUSB.elf.dir/FreeRTOS/ARM_CM3/port.c.obj
 *fill*         0x080076de        0x2 
 .text.SVC_Handler
                0x080076e0       0x28 CMakeFiles/GardenCleanWaterUSB.elf.dir/FreeRTOS/ARM_CM3/port.c.obj
                0x080076e0                SVC_Handler
 .text.prvPortStartFirstTask
                0x08007708       0x24 CMakeFiles/GardenCleanWaterUSB.elf.dir/FreeRTOS/ARM_CM3/port.c.obj
 .text.xPortStartScheduler
                0x0800772c       0x40 CMakeFiles/GardenCleanWaterUSB.elf.dir/FreeRTOS/ARM_CM3/port.c.obj
                0x0800772c                xPortStartScheduler
 .text.vPortEnterCritical
                0x0800776c       0x34 CMakeFiles/GardenCleanWaterUSB.elf.dir/FreeRTOS/ARM_CM3/port.c.obj
                0x0800776c                vPortEnterCritical
 .text.vPortExitCritical
                0x080077a0       0x34 CMakeFiles/GardenCleanWaterUSB.elf.dir/FreeRTOS/ARM_CM3/port.c.obj
                0x080077a0                vPortExitCritical
 *fill*         0x080077d4        0xc 
 .text.PendSV_Handler
                0x080077e0       0x48 CMakeFiles/GardenCleanWaterUSB.elf.dir/FreeRTOS/ARM_CM3/port.c.obj
                0x080077e0                PendSV_Handler
 .text.SysTick_Handler
                0x08007828       0x44 CMakeFiles/GardenCleanWaterUSB.elf.dir/FreeRTOS/ARM_CM3/port.c.obj
                0x08007828                SysTick_Handler
 .text.vPortSetupTimerInterrupt
                0x0800786c       0x34 CMakeFiles/GardenCleanWaterUSB.elf.dir/FreeRTOS/ARM_CM3/port.c.obj
                0x0800786c                vPortSetupTimerInterrupt
 .text.pvPortMalloc
                0x080078a0      0x134 CMakeFiles/GardenCleanWaterUSB.elf.dir/FreeRTOS/Src/heap_4.c.obj
                0x080078a0                pvPortMalloc
 .text.vPortFree
                0x080079d4       0x74 CMakeFiles/GardenCleanWaterUSB.elf.dir/FreeRTOS/Src/heap_4.c.obj
                0x080079d4                vPortFree
 .text.prvHeapInit
                0x08007a48       0xb8 CMakeFiles/GardenCleanWaterUSB.elf.dir/FreeRTOS/Src/heap_4.c.obj
 .text.prvInsertBlockIntoFreeList
                0x08007b00       0xb0 CMakeFiles/GardenCleanWaterUSB.elf.dir/FreeRTOS/Src/heap_4.c.obj
 .text.vListInitialise
                0x08007bb0       0x3e CMakeFiles/GardenCleanWaterUSB.elf.dir/FreeRTOS/Src/list.c.obj
                0x08007bb0                vListInitialise
 .text.vListInitialiseItem
                0x08007bee       0x18 CMakeFiles/GardenCleanWaterUSB.elf.dir/FreeRTOS/Src/list.c.obj
                0x08007bee                vListInitialiseItem
 .text.vListInsertEnd
                0x08007c06       0x46 CMakeFiles/GardenCleanWaterUSB.elf.dir/FreeRTOS/Src/list.c.obj
                0x08007c06                vListInsertEnd
 .text.vListInsert
                0x08007c4c       0x70 CMakeFiles/GardenCleanWaterUSB.elf.dir/FreeRTOS/Src/list.c.obj
                0x08007c4c                vListInsert
 .text.uxListRemove
                0x08007cbc       0x52 CMakeFiles/GardenCleanWaterUSB.elf.dir/FreeRTOS/Src/list.c.obj
                0x08007cbc                uxListRemove
 *fill*         0x08007d0e        0x2 
 .text.xQueueGenericReset
                0x08007d10       0xe8 CMakeFiles/GardenCleanWaterUSB.elf.dir/FreeRTOS/Src/queue.c.obj
                0x08007d10                xQueueGenericReset
 .text.xQueueGenericCreate
                0x08007df8       0x7e CMakeFiles/GardenCleanWaterUSB.elf.dir/FreeRTOS/Src/queue.c.obj
                0x08007df8                xQueueGenericCreate
 .text.prvInitialiseNewQueue
                0x08007e76       0x46 CMakeFiles/GardenCleanWaterUSB.elf.dir/FreeRTOS/Src/queue.c.obj
 .text.xQueueGenericSend
                0x08007ebc      0x154 CMakeFiles/GardenCleanWaterUSB.elf.dir/FreeRTOS/Src/queue.c.obj
                0x08007ebc                xQueueGenericSend
 .text.xQueueReceive
                0x08008010      0x144 CMakeFiles/GardenCleanWaterUSB.elf.dir/FreeRTOS/Src/queue.c.obj
                0x08008010                xQueueReceive
 .text.prvCopyDataToQueue
                0x08008154       0xb8 CMakeFiles/GardenCleanWaterUSB.elf.dir/FreeRTOS/Src/queue.c.obj
 .text.prvCopyDataFromQueue
                0x0800820c       0x4c CMakeFiles/GardenCleanWaterUSB.elf.dir/FreeRTOS/Src/queue.c.obj
 .text.prvUnlockQueue
                0x08008258       0xa4 CMakeFiles/GardenCleanWaterUSB.elf.dir/FreeRTOS/Src/queue.c.obj
 .text.prvIsQueueEmpty
                0x080082fc       0x2c CMakeFiles/GardenCleanWaterUSB.elf.dir/FreeRTOS/Src/queue.c.obj
 .text.prvIsQueueFull
                0x08008328       0x30 CMakeFiles/GardenCleanWaterUSB.elf.dir/FreeRTOS/Src/queue.c.obj
 .text.xTaskCreate
                0x08008358       0x8c CMakeFiles/GardenCleanWaterUSB.elf.dir/FreeRTOS/Src/tasks.c.obj
                0x08008358                xTaskCreate
 .text.prvInitialiseNewTask
                0x080083e4       0xda CMakeFiles/GardenCleanWaterUSB.elf.dir/FreeRTOS/Src/tasks.c.obj
 *fill*         0x080084be        0x2 
 .text.prvAddNewTaskToReadyList
                0x080084c0      0x12c CMakeFiles/GardenCleanWaterUSB.elf.dir/FreeRTOS/Src/tasks.c.obj
 .text.vTaskDelay
                0x080085ec       0x48 CMakeFiles/GardenCleanWaterUSB.elf.dir/FreeRTOS/Src/tasks.c.obj
                0x080085ec                vTaskDelay
 .text.vTaskSuspend
                0x08008634      0x11c CMakeFiles/GardenCleanWaterUSB.elf.dir/FreeRTOS/Src/tasks.c.obj
                0x08008634                vTaskSuspend
 .text.prvTaskIsTaskSuspended
                0x08008750       0x44 CMakeFiles/GardenCleanWaterUSB.elf.dir/FreeRTOS/Src/tasks.c.obj
 .text.vTaskResume
                0x08008794       0xf0 CMakeFiles/GardenCleanWaterUSB.elf.dir/FreeRTOS/Src/tasks.c.obj
                0x08008794                vTaskResume
 .text.vTaskStartScheduler
                0x08008884       0x78 CMakeFiles/GardenCleanWaterUSB.elf.dir/FreeRTOS/Src/tasks.c.obj
                0x08008884                vTaskStartScheduler
 .text.vTaskSuspendAll
                0x080088fc       0x1c CMakeFiles/GardenCleanWaterUSB.elf.dir/FreeRTOS/Src/tasks.c.obj
                0x080088fc                vTaskSuspendAll
 .text.xTaskResumeAll
                0x08008918      0x1d8 CMakeFiles/GardenCleanWaterUSB.elf.dir/FreeRTOS/Src/tasks.c.obj
                0x08008918                xTaskResumeAll
 .text.xTaskIncrementTick
                0x08008af0      0x21c CMakeFiles/GardenCleanWaterUSB.elf.dir/FreeRTOS/Src/tasks.c.obj
                0x08008af0                xTaskIncrementTick
 .text.vTaskSwitchContext
                0x08008d0c       0xd8 CMakeFiles/GardenCleanWaterUSB.elf.dir/FreeRTOS/Src/tasks.c.obj
                0x08008d0c                vTaskSwitchContext
 .text.vTaskPlaceOnEventList
                0x08008de4       0x2c CMakeFiles/GardenCleanWaterUSB.elf.dir/FreeRTOS/Src/tasks.c.obj
                0x08008de4                vTaskPlaceOnEventList
 .text.xTaskRemoveFromEventList
                0x08008e10      0x190 CMakeFiles/GardenCleanWaterUSB.elf.dir/FreeRTOS/Src/tasks.c.obj
                0x08008e10                xTaskRemoveFromEventList
 .text.vTaskInternalSetTimeOutState
                0x08008fa0       0x2c CMakeFiles/GardenCleanWaterUSB.elf.dir/FreeRTOS/Src/tasks.c.obj
                0x08008fa0                vTaskInternalSetTimeOutState
 .text.xTaskCheckForTimeOut
                0x08008fcc       0x94 CMakeFiles/GardenCleanWaterUSB.elf.dir/FreeRTOS/Src/tasks.c.obj
                0x08008fcc                xTaskCheckForTimeOut
 .text.vTaskMissedYield
                0x08009060       0x18 CMakeFiles/GardenCleanWaterUSB.elf.dir/FreeRTOS/Src/tasks.c.obj
                0x08009060                vTaskMissedYield
 .text.prvIdleTask
                0x08009078       0x34 CMakeFiles/GardenCleanWaterUSB.elf.dir/FreeRTOS/Src/tasks.c.obj
 .text.prvInitialiseTaskLists
                0x080090ac       0x80 CMakeFiles/GardenCleanWaterUSB.elf.dir/FreeRTOS/Src/tasks.c.obj
 .text.prvCheckTasksWaitingTermination
                0x0800912c       0x5c CMakeFiles/GardenCleanWaterUSB.elf.dir/FreeRTOS/Src/tasks.c.obj
 .text.prvDeleteTCB
                0x08009188       0x20 CMakeFiles/GardenCleanWaterUSB.elf.dir/FreeRTOS/Src/tasks.c.obj
 .text.prvResetNextTaskUnblockTime
                0x080091a8       0x34 CMakeFiles/GardenCleanWaterUSB.elf.dir/FreeRTOS/Src/tasks.c.obj
 .text.prvAddCurrentTaskToDelayedList
                0x080091dc      0x100 CMakeFiles/GardenCleanWaterUSB.elf.dir/FreeRTOS/Src/tasks.c.obj
 .text._Z7mainAppv
                0x080092dc      0x11c CMakeFiles/GardenCleanWaterUSB.elf.dir/MainApp/src/main_app.cpp.obj
                0x080092dc                mainApp()
 .text.vApplicationIdleHook
                0x080093f8        0xc CMakeFiles/GardenCleanWaterUSB.elf.dir/MainApp/src/main_app.cpp.obj
                0x080093f8                vApplicationIdleHook
 .text.vApplicationTickHook
                0x08009404        0xc CMakeFiles/GardenCleanWaterUSB.elf.dir/MainApp/src/main_app.cpp.obj
                0x08009404                vApplicationTickHook
 .text.vApplicationStackOverflowHook
                0x08009410        0xc CMakeFiles/GardenCleanWaterUSB.elf.dir/MainApp/src/main_app.cpp.obj
                0x08009410                vApplicationStackOverflowHook
 .text.TIM2_IRQHandler
                0x0800941c       0x58 CMakeFiles/GardenCleanWaterUSB.elf.dir/MainApp/src/main_app.cpp.obj
                0x0800941c                TIM2_IRQHandler
 .text.USBD_CDC_Init
                0x08009474       0xf4 CMakeFiles/GardenCleanWaterUSB.elf.dir/Middlewares/ST/STM32_USB_Device_Library/Class/CDC/Src/usbd_cdc.c.obj
 .text.USBD_CDC_DeInit
                0x08009568       0x6e CMakeFiles/GardenCleanWaterUSB.elf.dir/Middlewares/ST/STM32_USB_Device_Library/Class/CDC/Src/usbd_cdc.c.obj
 .text.USBD_CDC_Setup
                0x080095d6      0x146 CMakeFiles/GardenCleanWaterUSB.elf.dir/Middlewares/ST/STM32_USB_Device_Library/Class/CDC/Src/usbd_cdc.c.obj
 .text.USBD_CDC_DataIn
                0x0800971c       0xa6 CMakeFiles/GardenCleanWaterUSB.elf.dir/Middlewares/ST/STM32_USB_Device_Library/Class/CDC/Src/usbd_cdc.c.obj
 .text.USBD_CDC_DataOut
                0x080097c2       0x56 CMakeFiles/GardenCleanWaterUSB.elf.dir/Middlewares/ST/STM32_USB_Device_Library/Class/CDC/Src/usbd_cdc.c.obj
 .text.USBD_CDC_EP0_RxReady
                0x08009818       0x4e CMakeFiles/GardenCleanWaterUSB.elf.dir/Middlewares/ST/STM32_USB_Device_Library/Class/CDC/Src/usbd_cdc.c.obj
 *fill*         0x08009866        0x2 
 .text.USBD_CDC_GetFSCfgDesc
                0x08009868       0x20 CMakeFiles/GardenCleanWaterUSB.elf.dir/Middlewares/ST/STM32_USB_Device_Library/Class/CDC/Src/usbd_cdc.c.obj
 .text.USBD_CDC_GetHSCfgDesc
                0x08009888       0x20 CMakeFiles/GardenCleanWaterUSB.elf.dir/Middlewares/ST/STM32_USB_Device_Library/Class/CDC/Src/usbd_cdc.c.obj
 .text.USBD_CDC_GetOtherSpeedCfgDesc
                0x080098a8       0x20 CMakeFiles/GardenCleanWaterUSB.elf.dir/Middlewares/ST/STM32_USB_Device_Library/Class/CDC/Src/usbd_cdc.c.obj
 .text.USBD_CDC_GetDeviceQualifierDescriptor
                0x080098c8       0x20 CMakeFiles/GardenCleanWaterUSB.elf.dir/Middlewares/ST/STM32_USB_Device_Library/Class/CDC/Src/usbd_cdc.c.obj
                0x080098c8                USBD_CDC_GetDeviceQualifierDescriptor
 .text.USBD_CDC_RegisterInterface
                0x080098e8       0x2c CMakeFiles/GardenCleanWaterUSB.elf.dir/Middlewares/ST/STM32_USB_Device_Library/Class/CDC/Src/usbd_cdc.c.obj
                0x080098e8                USBD_CDC_RegisterInterface
 .text.USBD_CDC_SetTxBuffer
                0x08009914       0x32 CMakeFiles/GardenCleanWaterUSB.elf.dir/Middlewares/ST/STM32_USB_Device_Library/Class/CDC/Src/usbd_cdc.c.obj
                0x08009914                USBD_CDC_SetTxBuffer
 .text.USBD_CDC_SetRxBuffer
                0x08009946       0x26 CMakeFiles/GardenCleanWaterUSB.elf.dir/Middlewares/ST/STM32_USB_Device_Library/Class/CDC/Src/usbd_cdc.c.obj
                0x08009946                USBD_CDC_SetRxBuffer
 .text.USBD_CDC_TransmitPacket
                0x0800996c       0x5e CMakeFiles/GardenCleanWaterUSB.elf.dir/Middlewares/ST/STM32_USB_Device_Library/Class/CDC/Src/usbd_cdc.c.obj
                0x0800996c                USBD_CDC_TransmitPacket
 .text.USBD_CDC_ReceivePacket
                0x080099ca       0x54 CMakeFiles/GardenCleanWaterUSB.elf.dir/Middlewares/ST/STM32_USB_Device_Library/Class/CDC/Src/usbd_cdc.c.obj
                0x080099ca                USBD_CDC_ReceivePacket
 .text.USBD_Init
                0x08009a1e       0x56 CMakeFiles/GardenCleanWaterUSB.elf.dir/Middlewares/ST/STM32_USB_Device_Library/Core/Src/usbd_core.c.obj
                0x08009a1e                USBD_Init
 .text.USBD_RegisterClass
                0x08009a74       0x32 CMakeFiles/GardenCleanWaterUSB.elf.dir/Middlewares/ST/STM32_USB_Device_Library/Core/Src/usbd_core.c.obj
                0x08009a74                USBD_RegisterClass
 .text.USBD_Start
                0x08009aa6       0x18 CMakeFiles/GardenCleanWaterUSB.elf.dir/Middlewares/ST/STM32_USB_Device_Library/Core/Src/usbd_core.c.obj
                0x08009aa6                USBD_Start
 .text.USBD_RunTestMode
                0x08009abe       0x14 CMakeFiles/GardenCleanWaterUSB.elf.dir/Middlewares/ST/STM32_USB_Device_Library/Core/Src/usbd_core.c.obj
                0x08009abe                USBD_RunTestMode
 .text.USBD_SetClassConfig
                0x08009ad2       0x3e CMakeFiles/GardenCleanWaterUSB.elf.dir/Middlewares/ST/STM32_USB_Device_Library/Core/Src/usbd_core.c.obj
                0x08009ad2                USBD_SetClassConfig
 .text.USBD_ClrClassConfig
                0x08009b10       0x26 CMakeFiles/GardenCleanWaterUSB.elf.dir/Middlewares/ST/STM32_USB_Device_Library/Core/Src/usbd_core.c.obj
                0x08009b10                USBD_ClrClassConfig
 .text.USBD_LL_SetupStage
                0x08009b36       0x9a CMakeFiles/GardenCleanWaterUSB.elf.dir/Middlewares/ST/STM32_USB_Device_Library/Core/Src/usbd_core.c.obj
                0x08009b36                USBD_LL_SetupStage
 .text.USBD_LL_DataOutStage
                0x08009bd0       0xe2 CMakeFiles/GardenCleanWaterUSB.elf.dir/Middlewares/ST/STM32_USB_Device_Library/Core/Src/usbd_core.c.obj
                0x08009bd0                USBD_LL_DataOutStage
 .text.USBD_LL_DataInStage
                0x08009cb2      0x14a CMakeFiles/GardenCleanWaterUSB.elf.dir/Middlewares/ST/STM32_USB_Device_Library/Core/Src/usbd_core.c.obj
                0x08009cb2                USBD_LL_DataInStage
 .text.USBD_LL_Reset
                0x08009dfc       0x82 CMakeFiles/GardenCleanWaterUSB.elf.dir/Middlewares/ST/STM32_USB_Device_Library/Core/Src/usbd_core.c.obj
                0x08009dfc                USBD_LL_Reset
 .text.USBD_LL_SetSpeed
                0x08009e7e       0x1e CMakeFiles/GardenCleanWaterUSB.elf.dir/Middlewares/ST/STM32_USB_Device_Library/Core/Src/usbd_core.c.obj
                0x08009e7e                USBD_LL_SetSpeed
 .text.USBD_LL_Suspend
                0x08009e9c       0x28 CMakeFiles/GardenCleanWaterUSB.elf.dir/Middlewares/ST/STM32_USB_Device_Library/Core/Src/usbd_core.c.obj
                0x08009e9c                USBD_LL_Suspend
 .text.USBD_LL_Resume
                0x08009ec4       0x2a CMakeFiles/GardenCleanWaterUSB.elf.dir/Middlewares/ST/STM32_USB_Device_Library/Core/Src/usbd_core.c.obj
                0x08009ec4                USBD_LL_Resume
 .text.USBD_LL_SOF
                0x08009eee       0x34 CMakeFiles/GardenCleanWaterUSB.elf.dir/Middlewares/ST/STM32_USB_Device_Library/Core/Src/usbd_core.c.obj
                0x08009eee                USBD_LL_SOF
 *fill*         0x08009f22        0x2 
 .text.USBD_StdDevReq
                0x08009f24       0xd4 CMakeFiles/GardenCleanWaterUSB.elf.dir/Middlewares/ST/STM32_USB_Device_Library/Core/Src/usbd_ctlreq.c.obj
                0x08009f24                USBD_StdDevReq
 .text.USBD_StdItfReq
                0x08009ff8       0x90 CMakeFiles/GardenCleanWaterUSB.elf.dir/Middlewares/ST/STM32_USB_Device_Library/Core/Src/usbd_ctlreq.c.obj
                0x08009ff8                USBD_StdItfReq
 .text.USBD_StdEPReq
                0x0800a088      0x2c6 CMakeFiles/GardenCleanWaterUSB.elf.dir/Middlewares/ST/STM32_USB_Device_Library/Core/Src/usbd_ctlreq.c.obj
                0x0800a088                USBD_StdEPReq
 *fill*         0x0800a34e        0x2 
 .text.USBD_GetDescriptor
                0x0800a350      0x2d0 CMakeFiles/GardenCleanWaterUSB.elf.dir/Middlewares/ST/STM32_USB_Device_Library/Core/Src/usbd_ctlreq.c.obj
 .text.USBD_SetAddress
                0x0800a620       0x86 CMakeFiles/GardenCleanWaterUSB.elf.dir/Middlewares/ST/STM32_USB_Device_Library/Core/Src/usbd_ctlreq.c.obj
 *fill*         0x0800a6a6        0x2 
 .text.USBD_SetConfig
                0x0800a6a8      0x11c CMakeFiles/GardenCleanWaterUSB.elf.dir/Middlewares/ST/STM32_USB_Device_Library/Core/Src/usbd_ctlreq.c.obj
 .text.USBD_GetConfig
                0x0800a7c4       0x6a CMakeFiles/GardenCleanWaterUSB.elf.dir/Middlewares/ST/STM32_USB_Device_Library/Core/Src/usbd_ctlreq.c.obj
 .text.USBD_GetStatus
                0x0800a82e       0x66 CMakeFiles/GardenCleanWaterUSB.elf.dir/Middlewares/ST/STM32_USB_Device_Library/Core/Src/usbd_ctlreq.c.obj
 .text.USBD_SetFeature
                0x0800a894       0x28 CMakeFiles/GardenCleanWaterUSB.elf.dir/Middlewares/ST/STM32_USB_Device_Library/Core/Src/usbd_ctlreq.c.obj
 .text.USBD_ClrFeature
                0x0800a8bc       0x42 CMakeFiles/GardenCleanWaterUSB.elf.dir/Middlewares/ST/STM32_USB_Device_Library/Core/Src/usbd_ctlreq.c.obj
 .text.USBD_ParseSetupRequest
                0x0800a8fe       0x72 CMakeFiles/GardenCleanWaterUSB.elf.dir/Middlewares/ST/STM32_USB_Device_Library/Core/Src/usbd_ctlreq.c.obj
                0x0800a8fe                USBD_ParseSetupRequest
 .text.USBD_CtlError
                0x0800a970       0x22 CMakeFiles/GardenCleanWaterUSB.elf.dir/Middlewares/ST/STM32_USB_Device_Library/Core/Src/usbd_ctlreq.c.obj
                0x0800a970                USBD_CtlError
 .text.USBD_GetString
                0x0800a992       0x84 CMakeFiles/GardenCleanWaterUSB.elf.dir/Middlewares/ST/STM32_USB_Device_Library/Core/Src/usbd_ctlreq.c.obj
                0x0800a992                USBD_GetString
 .text.USBD_GetLen
                0x0800aa16       0x2e CMakeFiles/GardenCleanWaterUSB.elf.dir/Middlewares/ST/STM32_USB_Device_Library/Core/Src/usbd_ctlreq.c.obj
 .text.USBD_CtlSendData
                0x0800aa44       0x38 CMakeFiles/GardenCleanWaterUSB.elf.dir/Middlewares/ST/STM32_USB_Device_Library/Core/Src/usbd_ioreq.c.obj
                0x0800aa44                USBD_CtlSendData
 .text.USBD_CtlContinueSendData
                0x0800aa7c       0x24 CMakeFiles/GardenCleanWaterUSB.elf.dir/Middlewares/ST/STM32_USB_Device_Library/Core/Src/usbd_ioreq.c.obj
                0x0800aa7c                USBD_CtlContinueSendData
 .text.USBD_CtlPrepareRx
                0x0800aaa0       0x3c CMakeFiles/GardenCleanWaterUSB.elf.dir/Middlewares/ST/STM32_USB_Device_Library/Core/Src/usbd_ioreq.c.obj
                0x0800aaa0                USBD_CtlPrepareRx
 .text.USBD_CtlContinueRx
                0x0800aadc       0x24 CMakeFiles/GardenCleanWaterUSB.elf.dir/Middlewares/ST/STM32_USB_Device_Library/Core/Src/usbd_ioreq.c.obj
                0x0800aadc                USBD_CtlContinueRx
 .text.USBD_CtlSendStatus
                0x0800ab00       0x26 CMakeFiles/GardenCleanWaterUSB.elf.dir/Middlewares/ST/STM32_USB_Device_Library/Core/Src/usbd_ioreq.c.obj
                0x0800ab00                USBD_CtlSendStatus
 .text.USBD_CtlReceiveStatus
                0x0800ab26       0x26 CMakeFiles/GardenCleanWaterUSB.elf.dir/Middlewares/ST/STM32_USB_Device_Library/Core/Src/usbd_ioreq.c.obj
                0x0800ab26                USBD_CtlReceiveStatus
 .text._Z12sendRespTextPKc
                0x0800ab4c       0x2a CMakeFiles/GardenCleanWaterUSB.elf.dir/Misc/src/api_engine.cpp.obj
                0x0800ab4c                sendRespText(char const*)
 *fill*         0x0800ab76        0x2 
 .text._Z12sendResponsev
                0x0800ab78       0x20 CMakeFiles/GardenCleanWaterUSB.elf.dir/Misc/src/api_engine.cpp.obj
                0x0800ab78                sendResponse()
 .text._Z11zeroAndFillPcS_
                0x0800ab98       0x2c CMakeFiles/GardenCleanWaterUSB.elf.dir/Misc/src/api_engine.cpp.obj
                0x0800ab98                zeroAndFill(char*, char*)
 .text._Z7setAutoPP19tskTaskControlBlockPbb
                0x0800abc4       0x38 CMakeFiles/GardenCleanWaterUSB.elf.dir/Misc/src/api_engine.cpp.obj
                0x0800abc4                setAuto(tskTaskControlBlock**, bool*, bool)
 .text._Z27checkCommandAndSendResponsePhh
                0x0800abfc     0x13c8 CMakeFiles/GardenCleanWaterUSB.elf.dir/Misc/src/api_engine.cpp.obj
                0x0800abfc                checkCommandAndSendResponse(unsigned char*, unsigned char)
 .text._Z5limitIiET_S0_S0_S0_
                0x0800bfc4       0x46 CMakeFiles/GardenCleanWaterUSB.elf.dir/Misc/src/api_engine.cpp.obj
                0x0800bfc4                int limit<int>(int, int, int)
 .text._Z5limitImET_S0_S0_S0_
                0x0800c00a       0x46 CMakeFiles/GardenCleanWaterUSB.elf.dir/Misc/src/api_engine.cpp.obj
                0x0800c00a                unsigned long limit<unsigned long>(unsigned long, unsigned long, unsigned long)
 .text._Z6toggleIiEvPT_S1_
                0x0800c050       0x28 CMakeFiles/GardenCleanWaterUSB.elf.dir/Misc/src/api_engine.cpp.obj
                0x0800c050                void toggle<int>(int*, int*)
 .text._Z6toggleImEvPT_S1_
                0x0800c078       0x28 CMakeFiles/GardenCleanWaterUSB.elf.dir/Misc/src/api_engine.cpp.obj
                0x0800c078                void toggle<unsigned long>(unsigned long*, unsigned long*)
 .text._Z11getPositionm
                0x0800c0a0       0x40 CMakeFiles/GardenCleanWaterUSB.elf.dir/Misc/src/common.cpp.obj
                0x0800c0a0                getPosition(unsigned long)
 .text._Z9readFlashv
                0x0800c0e0      0x10c CMakeFiles/GardenCleanWaterUSB.elf.dir/Misc/src/flash.cpp.obj
                0x0800c0e0                readFlash()
 .text._Z8writeVarPmmPh
                0x0800c1ec       0x52 CMakeFiles/GardenCleanWaterUSB.elf.dir/Misc/src/flash.cpp.obj
                0x0800c1ec                writeVar(unsigned long*, unsigned long, unsigned char*)
 *fill*         0x0800c23e        0x2 
 .text._Z9saveFlashv
                0x0800c240      0x228 CMakeFiles/GardenCleanWaterUSB.elf.dir/Misc/src/flash.cpp.obj
                0x0800c240                saveFlash()
 .text.__NVIC_EnableIRQ
                0x0800c468       0x38 CMakeFiles/GardenCleanWaterUSB.elf.dir/Misc/src/init.cpp.obj
 .text.__NVIC_SetPriority
                0x0800c4a0       0x54 CMakeFiles/GardenCleanWaterUSB.elf.dir/Misc/src/init.cpp.obj
 .text._Z8tickInitv
                0x0800c4f4       0x58 CMakeFiles/GardenCleanWaterUSB.elf.dir/Misc/src/init.cpp.obj
                0x0800c4f4                tickInit()
 .text._Z7CHBTaskPv
                0x0800c54c      0x1b0 CMakeFiles/GardenCleanWaterUSB.elf.dir/Tasks/src/chb.cpp.obj
                0x0800c54c                CHBTask(void*)
 .text._Z4commPv
                0x0800c6fc       0xa0 CMakeFiles/GardenCleanWaterUSB.elf.dir/Tasks/src/comm.cpp.obj
                0x0800c6fc                comm(void*)
 .text._Z14pushSeqInQueueP8Sequence
                0x0800c79c       0x6c CMakeFiles/GardenCleanWaterUSB.elf.dir/Tasks/src/common_for_tasks.cpp.obj
                0x0800c79c                pushSeqInQueue(Sequence*)
 .text._Z15getSeqFromQueuev
                0x0800c808       0x48 CMakeFiles/GardenCleanWaterUSB.elf.dir/Tasks/src/common_for_tasks.cpp.obj
                0x0800c808                getSeqFromQueue()
 .text._Z18deleteSeqFromQueueP8Sequence
                0x0800c850       0x48 CMakeFiles/GardenCleanWaterUSB.elf.dir/Tasks/src/common_for_tasks.cpp.obj
                0x0800c850                deleteSeqFromQueue(Sequence*)
 .text._Z8getOBnumP8Sequence
                0x0800c898       0x44 CMakeFiles/GardenCleanWaterUSB.elf.dir/Tasks/src/common_for_tasks.cpp.obj
                0x0800c898                getOBnum(Sequence*)
 .text._Z14getQueueStringPc
                0x0800c8dc       0x48 CMakeFiles/GardenCleanWaterUSB.elf.dir/Tasks/src/common_for_tasks.cpp.obj
                0x0800c8dc                getQueueString(char*)
 .text._Z12queueIsEmptyv
                0x0800c924       0x44 CMakeFiles/GardenCleanWaterUSB.elf.dir/Tasks/src/common_for_tasks.cpp.obj
                0x0800c924                queueIsEmpty()
 .text._Z13resetCHBstepsv
                0x0800c968       0x48 CMakeFiles/GardenCleanWaterUSB.elf.dir/Tasks/src/common_for_tasks.cpp.obj
                0x0800c968                resetCHBsteps()
 .text._Z8diagTaskPv
                0x0800c9b0       0xcc CMakeFiles/GardenCleanWaterUSB.elf.dir/Tasks/src/diag.cpp.obj
                0x0800c9b0                diagTask(void*)
 .text._Z13resetAllStepsP7TaskKit
                0x0800ca7c       0xb0 CMakeFiles/GardenCleanWaterUSB.elf.dir/Tasks/src/ob.cpp.obj
                0x0800ca7c                resetAllSteps(TaskKit*)
 .text._Z6OBTaskPv
                0x0800cb2c      0x434 CMakeFiles/GardenCleanWaterUSB.elf.dir/Tasks/src/ob.cpp.obj
                0x0800cb2c                OBTask(void*)
 .text._ZN11CommonTimerC2Em
                0x0800cf60       0x28 CMakeFiles/GardenCleanWaterUSB.elf.dir/Timer/src/common_timer.cpp.obj
                0x0800cf60                CommonTimer::CommonTimer(unsigned long)
                0x0800cf60                CommonTimer::CommonTimer(unsigned long)
 .text._ZN11CommonTimer6updateEv
                0x0800cf88       0x38 CMakeFiles/GardenCleanWaterUSB.elf.dir/Timer/src/common_timer.cpp.obj
                0x0800cf88                CommonTimer::update()
 .text._ZN11CommonTimer9getPeriodEv
                0x0800cfc0       0x16 CMakeFiles/GardenCleanWaterUSB.elf.dir/Timer/src/common_timer.cpp.obj
                0x0800cfc0                CommonTimer::getPeriod()
 .text._ZN11CommonTimer9setPeriodEm
                0x0800cfd6       0x6e CMakeFiles/GardenCleanWaterUSB.elf.dir/Timer/src/common_timer.cpp.obj
                0x0800cfd6                CommonTimer::setPeriod(unsigned long)
 .text._ZN11CommonTimer14getCurrentTimeEv
                0x0800d044       0x16 CMakeFiles/GardenCleanWaterUSB.elf.dir/Timer/src/common_timer.cpp.obj
                0x0800d044                CommonTimer::getCurrentTime()
 .text._ZN11CommonTimer14setCurrentTimeEm
                0x0800d05a       0x1a CMakeFiles/GardenCleanWaterUSB.elf.dir/Timer/src/common_timer.cpp.obj
                0x0800d05a                CommonTimer::setCurrentTime(unsigned long)
 .text._ZN11CommonTimer13getTimeRemainEv
                0x0800d074       0x22 CMakeFiles/GardenCleanWaterUSB.elf.dir/Timer/src/common_timer.cpp.obj
                0x0800d074                CommonTimer::getTimeRemain()
 .text._ZN11CommonTimer5startEv
                0x0800d096       0x18 CMakeFiles/GardenCleanWaterUSB.elf.dir/Timer/src/common_timer.cpp.obj
                0x0800d096                CommonTimer::start()
 .text._ZN11CommonTimer5pauseEv
                0x0800d0ae       0x18 CMakeFiles/GardenCleanWaterUSB.elf.dir/Timer/src/common_timer.cpp.obj
                0x0800d0ae                CommonTimer::pause()
 .text._ZN11CommonTimer4stopEv
                0x0800d0c6       0x1c CMakeFiles/GardenCleanWaterUSB.elf.dir/Timer/src/common_timer.cpp.obj
                0x0800d0c6                CommonTimer::stop()
 .text._ZN11CommonTimer5resetEv
                0x0800d0e2       0x1e CMakeFiles/GardenCleanWaterUSB.elf.dir/Timer/src/common_timer.cpp.obj
                0x0800d0e2                CommonTimer::reset()
 .text._ZN11CommonTimer15prepareAndStartEv
                0x0800d100       0x1c CMakeFiles/GardenCleanWaterUSB.elf.dir/Timer/src/common_timer.cpp.obj
                0x0800d100                CommonTimer::prepareAndStart()
 .text._ZN11CommonTimer8setStartEb
                0x0800d11c       0x28 CMakeFiles/GardenCleanWaterUSB.elf.dir/Timer/src/common_timer.cpp.obj
                0x0800d11c                CommonTimer::setStart(bool)
 .text._ZN11CommonTimer8setPauseEb
                0x0800d144       0x28 CMakeFiles/GardenCleanWaterUSB.elf.dir/Timer/src/common_timer.cpp.obj
                0x0800d144                CommonTimer::setPause(bool)
 .text._ZN11CommonTimer7startedEv
                0x0800d16c       0x16 CMakeFiles/GardenCleanWaterUSB.elf.dir/Timer/src/common_timer.cpp.obj
                0x0800d16c                CommonTimer::started()
 .text._ZN11CommonTimer10notStartedEv
                0x0800d182       0x1c CMakeFiles/GardenCleanWaterUSB.elf.dir/Timer/src/common_timer.cpp.obj
                0x0800d182                CommonTimer::notStarted()
 .text._ZN11CommonTimer8finishedEv
                0x0800d19e       0x24 CMakeFiles/GardenCleanWaterUSB.elf.dir/Timer/src/common_timer.cpp.obj
                0x0800d19e                CommonTimer::finished()
 .text._ZN11CommonTimer11notFinishedEv
                0x0800d1c2       0x24 CMakeFiles/GardenCleanWaterUSB.elf.dir/Timer/src/common_timer.cpp.obj
                0x0800d1c2                CommonTimer::notFinished()
 .text._ZN11CommonTimer6inWorkEv
                0x0800d1e6       0x32 CMakeFiles/GardenCleanWaterUSB.elf.dir/Timer/src/common_timer.cpp.obj
                0x0800d1e6                CommonTimer::inWork()
 .text._ZN11CommonTimer6isFreeEv
                0x0800d218       0x2e CMakeFiles/GardenCleanWaterUSB.elf.dir/Timer/src/common_timer.cpp.obj
                0x0800d218                CommonTimer::isFree()
 *fill*         0x0800d246        0x2 
 .text._ZN14OffDelayCommonC2Em
                0x0800d248       0x28 CMakeFiles/GardenCleanWaterUSB.elf.dir/Timer/src/off_delay.cpp.obj
                0x0800d248                OffDelayCommon::OffDelayCommon(unsigned long)
                0x0800d248                OffDelayCommon::OffDelayCommon(unsigned long)
 .text._ZN14OffDelayCommon6updateEv
                0x0800d270       0x2e CMakeFiles/GardenCleanWaterUSB.elf.dir/Timer/src/off_delay.cpp.obj
                0x0800d270                OffDelayCommon::update()
 .text._ZN14OffDelayCommon3setEb
                0x0800d29e       0x40 CMakeFiles/GardenCleanWaterUSB.elf.dir/Timer/src/off_delay.cpp.obj
                0x0800d29e                OffDelayCommon::set(bool)
 .text._ZN14OffDelayCommon3getEv
                0x0800d2de       0x2c CMakeFiles/GardenCleanWaterUSB.elf.dir/Timer/src/off_delay.cpp.obj
                0x0800d2de                OffDelayCommon::get()
 *fill*         0x0800d30a        0x2 
 .text._ZN8OffDelayC2Em
                0x0800d30c       0x3c CMakeFiles/GardenCleanWaterUSB.elf.dir/Timer/src/off_delay.cpp.obj
                0x0800d30c                OffDelay::OffDelay(unsigned long)
                0x0800d30c                OffDelay::OffDelay(unsigned long)
 .text._ZN8OffDelay9update1msEv
                0x0800d348       0x18 CMakeFiles/GardenCleanWaterUSB.elf.dir/Timer/src/off_delay.cpp.obj
                0x0800d348                OffDelay::update1ms()
 .text._ZThn16_N8OffDelay9update1msEv
                0x0800d360        0x8 CMakeFiles/GardenCleanWaterUSB.elf.dir/Timer/src/off_delay.cpp.obj
                0x0800d360                non-virtual thunk to OffDelay::update1ms()
 .text._ZN8OffDelayaSEb
                0x0800d368       0x22 CMakeFiles/GardenCleanWaterUSB.elf.dir/Timer/src/off_delay.cpp.obj
                0x0800d368                OffDelay::operator=(bool)
 *fill*         0x0800d38a        0x2 
 .text._ZN11PulseCommonC2Em
                0x0800d38c       0x28 CMakeFiles/GardenCleanWaterUSB.elf.dir/Timer/src/pulse.cpp.obj
                0x0800d38c                PulseCommon::PulseCommon(unsigned long)
                0x0800d38c                PulseCommon::PulseCommon(unsigned long)
 .text._ZN11PulseCommon6updateEv
                0x0800d3b4       0x18 CMakeFiles/GardenCleanWaterUSB.elf.dir/Timer/src/pulse.cpp.obj
                0x0800d3b4                PulseCommon::update()
 .text._ZN11PulseCommon3setEb
                0x0800d3cc       0x4c CMakeFiles/GardenCleanWaterUSB.elf.dir/Timer/src/pulse.cpp.obj
                0x0800d3cc                PulseCommon::set(bool)
 .text._ZN11PulseCommon3getEv
                0x0800d418       0x1a CMakeFiles/GardenCleanWaterUSB.elf.dir/Timer/src/pulse.cpp.obj
                0x0800d418                PulseCommon::get()
 .text._ZN11PulseCommon5resetEv
                0x0800d432       0x1e CMakeFiles/GardenCleanWaterUSB.elf.dir/Timer/src/pulse.cpp.obj
                0x0800d432                PulseCommon::reset()
 .text._ZN5PulseC2Em
                0x0800d450       0x3c CMakeFiles/GardenCleanWaterUSB.elf.dir/Timer/src/pulse.cpp.obj
                0x0800d450                Pulse::Pulse(unsigned long)
                0x0800d450                Pulse::Pulse(unsigned long)
 .text._ZN5Pulse9update1msEv
                0x0800d48c       0x18 CMakeFiles/GardenCleanWaterUSB.elf.dir/Timer/src/pulse.cpp.obj
                0x0800d48c                Pulse::update1ms()
 .text._ZThn16_N5Pulse9update1msEv
                0x0800d4a4        0x8 CMakeFiles/GardenCleanWaterUSB.elf.dir/Timer/src/pulse.cpp.obj
                0x0800d4a4                non-virtual thunk to Pulse::update1ms()
 .text._ZN5PulseaSEb
                0x0800d4ac       0x22 CMakeFiles/GardenCleanWaterUSB.elf.dir/Timer/src/pulse.cpp.obj
                0x0800d4ac                Pulse::operator=(bool)
 *fill*         0x0800d4ce        0x2 
 .text.MX_USB_DEVICE_Init
                0x0800d4d0       0x60 CMakeFiles/GardenCleanWaterUSB.elf.dir/USB_DEVICE/App/usb_device.c.obj
                0x0800d4d0                MX_USB_DEVICE_Init
 .text.CDC_Init_FS
                0x0800d530       0x28 CMakeFiles/GardenCleanWaterUSB.elf.dir/USB_DEVICE/App/usbd_cdc_if.c.obj
 .text.CDC_DeInit_FS
                0x0800d558        0xe CMakeFiles/GardenCleanWaterUSB.elf.dir/USB_DEVICE/App/usbd_cdc_if.c.obj
 *fill*         0x0800d566        0x2 
 .text.CDC_Control_FS
                0x0800d568       0xbc CMakeFiles/GardenCleanWaterUSB.elf.dir/USB_DEVICE/App/usbd_cdc_if.c.obj
 .text.CDC_Receive_FS
                0x0800d624       0x54 CMakeFiles/GardenCleanWaterUSB.elf.dir/USB_DEVICE/App/usbd_cdc_if.c.obj
 .text.CDC_Transmit_FS
                0x0800d678       0x4c CMakeFiles/GardenCleanWaterUSB.elf.dir/USB_DEVICE/App/usbd_cdc_if.c.obj
                0x0800d678                CDC_Transmit_FS
 .text.USBD_FS_DeviceDescriptor
                0x0800d6c4       0x24 CMakeFiles/GardenCleanWaterUSB.elf.dir/USB_DEVICE/App/usbd_desc.c.obj
                0x0800d6c4                USBD_FS_DeviceDescriptor
 .text.USBD_FS_LangIDStrDescriptor
                0x0800d6e8       0x24 CMakeFiles/GardenCleanWaterUSB.elf.dir/USB_DEVICE/App/usbd_desc.c.obj
                0x0800d6e8                USBD_FS_LangIDStrDescriptor
 .text.USBD_FS_ProductStrDescriptor
                0x0800d70c       0x3c CMakeFiles/GardenCleanWaterUSB.elf.dir/USB_DEVICE/App/usbd_desc.c.obj
                0x0800d70c                USBD_FS_ProductStrDescriptor
 .text.USBD_FS_ManufacturerStrDescriptor
                0x0800d748       0x28 CMakeFiles/GardenCleanWaterUSB.elf.dir/USB_DEVICE/App/usbd_desc.c.obj
                0x0800d748                USBD_FS_ManufacturerStrDescriptor
 .text.USBD_FS_SerialStrDescriptor
                0x0800d770       0x24 CMakeFiles/GardenCleanWaterUSB.elf.dir/USB_DEVICE/App/usbd_desc.c.obj
                0x0800d770                USBD_FS_SerialStrDescriptor
 .text.USBD_FS_ConfigStrDescriptor
                0x0800d794       0x3c CMakeFiles/GardenCleanWaterUSB.elf.dir/USB_DEVICE/App/usbd_desc.c.obj
                0x0800d794                USBD_FS_ConfigStrDescriptor
 .text.USBD_FS_InterfaceStrDescriptor
                0x0800d7d0       0x3c CMakeFiles/GardenCleanWaterUSB.elf.dir/USB_DEVICE/App/usbd_desc.c.obj
                0x0800d7d0                USBD_FS_InterfaceStrDescriptor
 .text.Get_SerialNum
                0x0800d80c       0x58 CMakeFiles/GardenCleanWaterUSB.elf.dir/USB_DEVICE/App/usbd_desc.c.obj
 .text.IntToUnicode
                0x0800d864       0x7c CMakeFiles/GardenCleanWaterUSB.elf.dir/USB_DEVICE/App/usbd_desc.c.obj
 .text.HAL_PCD_MspInit
                0x0800d8e0       0x4c CMakeFiles/GardenCleanWaterUSB.elf.dir/USB_DEVICE/Target/usbd_conf.c.obj
                0x0800d8e0                HAL_PCD_MspInit
 .text.HAL_PCD_SetupStageCallback
                0x0800d92c       0x24 CMakeFiles/GardenCleanWaterUSB.elf.dir/USB_DEVICE/Target/usbd_conf.c.obj
                0x0800d92c                HAL_PCD_SetupStageCallback
 .text.HAL_PCD_DataOutStageCallback
                0x0800d950       0x36 CMakeFiles/GardenCleanWaterUSB.elf.dir/USB_DEVICE/Target/usbd_conf.c.obj
                0x0800d950                HAL_PCD_DataOutStageCallback
 .text.HAL_PCD_DataInStageCallback
                0x0800d986       0x34 CMakeFiles/GardenCleanWaterUSB.elf.dir/USB_DEVICE/Target/usbd_conf.c.obj
                0x0800d986                HAL_PCD_DataInStageCallback
 .text.HAL_PCD_SOFCallback
                0x0800d9ba       0x1c CMakeFiles/GardenCleanWaterUSB.elf.dir/USB_DEVICE/Target/usbd_conf.c.obj
                0x0800d9ba                HAL_PCD_SOFCallback
 .text.HAL_PCD_ResetCallback
                0x0800d9d6       0x3c CMakeFiles/GardenCleanWaterUSB.elf.dir/USB_DEVICE/Target/usbd_conf.c.obj
                0x0800d9d6                HAL_PCD_ResetCallback
 *fill*         0x0800da12        0x2 
 .text.HAL_PCD_SuspendCallback
                0x0800da14       0x34 CMakeFiles/GardenCleanWaterUSB.elf.dir/USB_DEVICE/Target/usbd_conf.c.obj
                0x0800da14                HAL_PCD_SuspendCallback
 .text.HAL_PCD_ResumeCallback
                0x0800da48       0x1c CMakeFiles/GardenCleanWaterUSB.elf.dir/USB_DEVICE/Target/usbd_conf.c.obj
                0x0800da48                HAL_PCD_ResumeCallback
 .text.USBD_LL_Init
                0x0800da64       0xb4 CMakeFiles/GardenCleanWaterUSB.elf.dir/USB_DEVICE/Target/usbd_conf.c.obj
                0x0800da64                USBD_LL_Init
 .text.USBD_LL_Start
                0x0800db18       0x36 CMakeFiles/GardenCleanWaterUSB.elf.dir/USB_DEVICE/Target/usbd_conf.c.obj
                0x0800db18                USBD_LL_Start
 .text.USBD_LL_OpenEP
                0x0800db4e       0x4c CMakeFiles/GardenCleanWaterUSB.elf.dir/USB_DEVICE/Target/usbd_conf.c.obj
                0x0800db4e                USBD_LL_OpenEP
 .text.USBD_LL_CloseEP
                0x0800db9a       0x3e CMakeFiles/GardenCleanWaterUSB.elf.dir/USB_DEVICE/Target/usbd_conf.c.obj
                0x0800db9a                USBD_LL_CloseEP
 .text.USBD_LL_StallEP
                0x0800dbd8       0x3e CMakeFiles/GardenCleanWaterUSB.elf.dir/USB_DEVICE/Target/usbd_conf.c.obj
                0x0800dbd8                USBD_LL_StallEP
 .text.USBD_LL_ClearStallEP
                0x0800dc16       0x3e CMakeFiles/GardenCleanWaterUSB.elf.dir/USB_DEVICE/Target/usbd_conf.c.obj
                0x0800dc16                USBD_LL_ClearStallEP
 .text.USBD_LL_IsStallEP
                0x0800dc54       0x58 CMakeFiles/GardenCleanWaterUSB.elf.dir/USB_DEVICE/Target/usbd_conf.c.obj
                0x0800dc54                USBD_LL_IsStallEP
 .text.USBD_LL_SetUSBAddress
                0x0800dcac       0x3e CMakeFiles/GardenCleanWaterUSB.elf.dir/USB_DEVICE/Target/usbd_conf.c.obj
                0x0800dcac                USBD_LL_SetUSBAddress
 .text.USBD_LL_Transmit
                0x0800dcea       0x46 CMakeFiles/GardenCleanWaterUSB.elf.dir/USB_DEVICE/Target/usbd_conf.c.obj
                0x0800dcea                USBD_LL_Transmit
 .text.USBD_LL_PrepareReceive
                0x0800dd30       0x46 CMakeFiles/GardenCleanWaterUSB.elf.dir/USB_DEVICE/Target/usbd_conf.c.obj
                0x0800dd30                USBD_LL_PrepareReceive
 .text.USBD_LL_GetRxDataSize
                0x0800dd76       0x26 CMakeFiles/GardenCleanWaterUSB.elf.dir/USB_DEVICE/Target/usbd_conf.c.obj
                0x0800dd76                USBD_LL_GetRxDataSize
 .text.USBD_static_malloc
                0x0800dd9c       0x18 CMakeFiles/GardenCleanWaterUSB.elf.dir/USB_DEVICE/Target/usbd_conf.c.obj
                0x0800dd9c                USBD_static_malloc
 .text.USBD_static_free
                0x0800ddb4       0x12 CMakeFiles/GardenCleanWaterUSB.elf.dir/USB_DEVICE/Target/usbd_conf.c.obj
                0x0800ddb4                USBD_static_free
 .text.HAL_PCDEx_SetConnectionState
                0x0800ddc6       0x16 CMakeFiles/GardenCleanWaterUSB.elf.dir/USB_DEVICE/Target/usbd_conf.c.obj
                0x0800ddc6                HAL_PCDEx_SetConnectionState
 .text.USBD_Get_USB_Status
                0x0800dddc       0x58 CMakeFiles/GardenCleanWaterUSB.elf.dir/USB_DEVICE/Target/usbd_conf.c.obj
 .text._ZNK10__cxxabiv117__class_type_info11__do_upcastEPKS0_PPv
                0x0800de34       0x34 D:/Distrib/GCC/arm-gnu-toolchain-13.2.Rel1-mingw-w64-i686-arm-none-eabi/bin/../lib/gcc/arm-none-eabi/13.2.1/thumb/v7-m/nofp\libstdc++.a(class_type_info.o)
                0x0800de34                __cxxabiv1::__class_type_info::__do_upcast(__cxxabiv1::__class_type_info const*, void**) const
 .text._ZNK10__cxxabiv117__class_type_info20__do_find_public_srcEiPKvPKS0_S2_
                0x0800de68        0xc D:/Distrib/GCC/arm-gnu-toolchain-13.2.Rel1-mingw-w64-i686-arm-none-eabi/bin/../lib/gcc/arm-none-eabi/13.2.1/thumb/v7-m/nofp\libstdc++.a(class_type_info.o)
                0x0800de68                __cxxabiv1::__class_type_info::__do_find_public_src(int, void const*, __cxxabiv1::__class_type_info const*, void const*) const
 .text._ZN10__cxxabiv117__class_type_infoD2Ev
                0x0800de74       0x14 D:/Distrib/GCC/arm-gnu-toolchain-13.2.Rel1-mingw-w64-i686-arm-none-eabi/bin/../lib/gcc/arm-none-eabi/13.2.1/thumb/v7-m/nofp\libstdc++.a(class_type_info.o)
                0x0800de74                __cxxabiv1::__class_type_info::~__class_type_info()
                0x0800de74                __cxxabiv1::__class_type_info::~__class_type_info()
 .text._ZN10__cxxabiv117__class_type_infoD0Ev
                0x0800de88       0x1c D:/Distrib/GCC/arm-gnu-toolchain-13.2.Rel1-mingw-w64-i686-arm-none-eabi/bin/../lib/gcc/arm-none-eabi/13.2.1/thumb/v7-m/nofp\libstdc++.a(class_type_info.o)
                0x0800de88                __cxxabiv1::__class_type_info::~__class_type_info()
 .text._ZNK10__cxxabiv117__class_type_info12__do_dyncastEiNS0_10__sub_kindEPKS0_PKvS3_S5_RNS0_16__dyncast_resultE
                0x0800dea4       0x44 D:/Distrib/GCC/arm-gnu-toolchain-13.2.Rel1-mingw-w64-i686-arm-none-eabi/bin/../lib/gcc/arm-none-eabi/13.2.1/thumb/v7-m/nofp\libstdc++.a(class_type_info.o)
                0x0800dea4                __cxxabiv1::__class_type_info::__do_dyncast(int, __cxxabiv1::__class_type_info::__sub_kind, __cxxabiv1::__class_type_info const*, void const*, __cxxabiv1::__class_type_info const*, void const*, __cxxabiv1::__class_type_info::__dyncast_result&) const
 .text._ZNK10__cxxabiv117__class_type_info11__do_upcastEPKS0_PKvRNS0_15__upcast_resultE
                0x0800dee8       0x1c D:/Distrib/GCC/arm-gnu-toolchain-13.2.Rel1-mingw-w64-i686-arm-none-eabi/bin/../lib/gcc/arm-none-eabi/13.2.1/thumb/v7-m/nofp\libstdc++.a(class_type_info.o)
                0x0800dee8                __cxxabiv1::__class_type_info::__do_upcast(__cxxabiv1::__class_type_info const*, void const*, __cxxabiv1::__class_type_info::__upcast_result&) const
 .text._ZNK10__cxxabiv117__class_type_info10__do_catchEPKSt9type_infoPPvj
                0x0800df04       0x2c D:/Distrib/GCC/arm-gnu-toolchain-13.2.Rel1-mingw-w64-i686-arm-none-eabi/bin/../lib/gcc/arm-none-eabi/13.2.1/thumb/v7-m/nofp\libstdc++.a(class_type_info.o)
                0x0800df04                __cxxabiv1::__class_type_info::__do_catch(std::type_info const*, void**, unsigned int) const
 .text._ZdlPvj  0x0800df30        0x4 D:/Distrib/GCC/arm-gnu-toolchain-13.2.Rel1-mingw-w64-i686-arm-none-eabi/bin/../lib/gcc/arm-none-eabi/13.2.1/thumb/v7-m/nofp\libstdc++.a(del_ops.o)
                0x0800df30                operator delete(void*, unsigned int)
 .text._ZN10__cxxabiv120__si_class_type_infoD2Ev
                0x0800df34       0x14 D:/Distrib/GCC/arm-gnu-toolchain-13.2.Rel1-mingw-w64-i686-arm-none-eabi/bin/../lib/gcc/arm-none-eabi/13.2.1/thumb/v7-m/nofp\libstdc++.a(si_class_type_info.o)
                0x0800df34                __cxxabiv1::__si_class_type_info::~__si_class_type_info()
                0x0800df34                __cxxabiv1::__si_class_type_info::~__si_class_type_info()
 .text._ZN10__cxxabiv120__si_class_type_infoD0Ev
                0x0800df48       0x1c D:/Distrib/GCC/arm-gnu-toolchain-13.2.Rel1-mingw-w64-i686-arm-none-eabi/bin/../lib/gcc/arm-none-eabi/13.2.1/thumb/v7-m/nofp\libstdc++.a(si_class_type_info.o)
                0x0800df48                __cxxabiv1::__si_class_type_info::~__si_class_type_info()
 .text._ZNK10__cxxabiv120__si_class_type_info20__do_find_public_srcEiPKvPKNS_17__class_type_infoES2_
                0x0800df64       0x3c D:/Distrib/GCC/arm-gnu-toolchain-13.2.Rel1-mingw-w64-i686-arm-none-eabi/bin/../lib/gcc/arm-none-eabi/13.2.1/thumb/v7-m/nofp\libstdc++.a(si_class_type_info.o)
                0x0800df64                __cxxabiv1::__si_class_type_info::__do_find_public_src(int, void const*, __cxxabiv1::__class_type_info const*, void const*) const
 .text._ZNK10__cxxabiv120__si_class_type_info12__do_dyncastEiNS_17__class_type_info10__sub_kindEPKS1_PKvS4_S6_RNS1_16__dyncast_resultE
                0x0800dfa0       0x84 D:/Distrib/GCC/arm-gnu-toolchain-13.2.Rel1-mingw-w64-i686-arm-none-eabi/bin/../lib/gcc/arm-none-eabi/13.2.1/thumb/v7-m/nofp\libstdc++.a(si_class_type_info.o)
                0x0800dfa0                __cxxabiv1::__si_class_type_info::__do_dyncast(int, __cxxabiv1::__class_type_info::__sub_kind, __cxxabiv1::__class_type_info const*, void const*, __cxxabiv1::__class_type_info const*, void const*, __cxxabiv1::__class_type_info::__dyncast_result&) const
 .text._ZNK10__cxxabiv120__si_class_type_info11__do_upcastEPKNS_17__class_type_infoEPKvRNS1_15__upcast_resultE
                0x0800e024       0x2c D:/Distrib/GCC/arm-gnu-toolchain-13.2.Rel1-mingw-w64-i686-arm-none-eabi/bin/../lib/gcc/arm-none-eabi/13.2.1/thumb/v7-m/nofp\libstdc++.a(si_class_type_info.o)
                0x0800e024                __cxxabiv1::__si_class_type_info::__do_upcast(__cxxabiv1::__class_type_info const*, void const*, __cxxabiv1::__class_type_info::__upcast_result&) const
 .text._ZNSt9type_infoD2Ev
                0x0800e050        0x4 D:/Distrib/GCC/arm-gnu-toolchain-13.2.Rel1-mingw-w64-i686-arm-none-eabi/bin/../lib/gcc/arm-none-eabi/13.2.1/thumb/v7-m/nofp\libstdc++.a(tinfo.o)
                0x0800e050                std::type_info::~type_info()
                0x0800e050                std::type_info::~type_info()
 .text._ZNKSt9type_info14__is_pointer_pEv
                0x0800e054        0x4 D:/Distrib/GCC/arm-gnu-toolchain-13.2.Rel1-mingw-w64-i686-arm-none-eabi/bin/../lib/gcc/arm-none-eabi/13.2.1/thumb/v7-m/nofp\libstdc++.a(tinfo.o)
                0x0800e054                std::type_info::__is_pointer_p() const
                0x0800e054                std::type_info::__is_function_p() const
 .text._ZNKSt9type_infoeqERKS_
                0x0800e058       0x2c D:/Distrib/GCC/arm-gnu-toolchain-13.2.Rel1-mingw-w64-i686-arm-none-eabi/bin/../lib/gcc/arm-none-eabi/13.2.1/thumb/v7-m/nofp\libstdc++.a(tinfo.o)
                0x0800e058                std::type_info::operator==(std::type_info const&) const
                0x0800e058                std::type_info::__equal(std::type_info const&) const
 .text._ZN10__cxxabiv121__vmi_class_type_infoD2Ev
                0x0800e084       0x14 D:/Distrib/GCC/arm-gnu-toolchain-13.2.Rel1-mingw-w64-i686-arm-none-eabi/bin/../lib/gcc/arm-none-eabi/13.2.1/thumb/v7-m/nofp\libstdc++.a(vmi_class_type_info.o)
                0x0800e084                __cxxabiv1::__vmi_class_type_info::~__vmi_class_type_info()
                0x0800e084                __cxxabiv1::__vmi_class_type_info::~__vmi_class_type_info()
 .text._ZN10__cxxabiv121__vmi_class_type_infoD0Ev
                0x0800e098       0x1c D:/Distrib/GCC/arm-gnu-toolchain-13.2.Rel1-mingw-w64-i686-arm-none-eabi/bin/../lib/gcc/arm-none-eabi/13.2.1/thumb/v7-m/nofp\libstdc++.a(vmi_class_type_info.o)
                0x0800e098                __cxxabiv1::__vmi_class_type_info::~__vmi_class_type_info()
 .text._ZNK10__cxxabiv121__vmi_class_type_info20__do_find_public_srcEiPKvPKNS_17__class_type_infoES2_