Archive member included to satisfy reference by file (symbol)

D:/Distrib/GCC/arm-gnu-toolchain-13.2.Rel1-mingw-w64-i686-arm-none-eabi/bin/../lib/gcc/arm-none-eabi/13.2.1/thumb/v7-m/nofp\libstdc++.a(class_type_info.o)
                              CMakeFiles/GardenCleanWaterUSB.elf.dir/Control/src/sequence.cpp.obj (vtable for __cxxabiv1::__class_type_info)
D:/Distrib/GCC/arm-gnu-toolchain-13.2.Rel1-mingw-w64-i686-arm-none-eabi/bin/../lib/gcc/arm-none-eabi/13.2.1/thumb/v7-m/nofp\libstdc++.a(del_ops.o)
                              D:/Distrib/GCC/arm-gnu-toolchain-13.2.Rel1-mingw-w64-i686-arm-none-eabi/bin/../lib/gcc/arm-none-eabi/13.2.1/thumb/v7-m/nofp\libstdc++.a(class_type_info.o) (operator delete(void*, unsigned int))
D:/Distrib/GCC/arm-gnu-toolchain-13.2.Rel1-mingw-w64-i686-arm-none-eabi/bin/../lib/gcc/arm-none-eabi/13.2.1/thumb/v7-m/nofp\libstdc++.a(si_class_type_info.o)
                              CMakeFiles/GardenCleanWaterUSB.elf.dir/Discrete/src/coil.cpp.obj (vtable for __cxxabiv1::__si_class_type_info)
D:/Distrib/GCC/arm-gnu-toolchain-13.2.Rel1-mingw-w64-i686-arm-none-eabi/bin/../lib/gcc/arm-none-eabi/13.2.1/thumb/v7-m/nofp\libstdc++.a(tinfo.o)
                              D:/Distrib/GCC/arm-gnu-toolchain-13.2.Rel1-mingw-w64-i686-arm-none-eabi/bin/../lib/gcc/arm-none-eabi/13.2.1/thumb/v7-m/nofp\libstdc++.a(class_type_info.o) (std::type_info::~type_info())
D:/Distrib/GCC/arm-gnu-toolchain-13.2.Rel1-mingw-w64-i686-arm-none-eabi/bin/../lib/gcc/arm-none-eabi/13.2.1/thumb/v7-m/nofp\libstdc++.a(vmi_class_type_info.o)
                              CMakeFiles/GardenCleanWaterUSB.elf.dir/Control/src/sequence.cpp.obj (vtable for __cxxabiv1::__vmi_class_type_info)
D:/Distrib/GCC/arm-gnu-toolchain-13.2.Rel1-mingw-w64-i686-arm-none-eabi/bin/../lib/gcc/arm-none-eabi/13.2.1/thumb/v7-m/nofp\libstdc++.a(del_op.o)
                              D:/Distrib/GCC/arm-gnu-toolchain-13.2.Rel1-mingw-w64-i686-arm-none-eabi/bin/../lib/gcc/arm-none-eabi/13.2.1/thumb/v7-m/nofp\libstdc++.a(del_ops.o) (operator delete(void*))
D:/Distrib/GCC/arm-gnu-toolchain-13.2.Rel1-mingw-w64-i686-arm-none-eabi/bin/../lib/gcc/arm-none-eabi/13.2.1/thumb/v7-m/nofp\libgcc.a(unwind-arm.o)
                              CMakeFiles/GardenCleanWaterUSB.elf.dir/Control/src/sequence.cpp.obj (__aeabi_unwind_cpp_pr0)
D:/Distrib/GCC/arm-gnu-toolchain-13.2.Rel1-mingw-w64-i686-arm-none-eabi/bin/../lib/gcc/arm-none-eabi/13.2.1/thumb/v7-m/nofp\libgcc.a(libunwind.o)
                              D:/Distrib/GCC/arm-gnu-toolchain-13.2.Rel1-mingw-w64-i686-arm-none-eabi/bin/../lib/gcc/arm-none-eabi/13.2.1/thumb/v7-m/nofp\libgcc.a(unwind-arm.o) (restore_core_regs)
D:/Distrib/GCC/arm-gnu-toolchain-13.2.Rel1-mingw-w64-i686-arm-none-eabi/bin/../lib/gcc/arm-none-eabi/13.2.1/thumb/v7-m/nofp\libgcc.a(pr-support.o)
                              D:/Distrib/GCC/arm-gnu-toolchain-13.2.Rel1-mingw-w64-i686-arm-none-eabi/bin/../lib/gcc/arm-none-eabi/13.2.1/thumb/v7-m/nofp\libgcc.a(unwind-arm.o) (__gnu_unwind_execute)
D:/Distrib/GCC/arm-gnu-toolchain-13.2.Rel1-mingw-w64-i686-arm-none-eabi/bin/../lib/gcc/arm-none-eabi/13.2.1/thumb/v7-m/nofp\libg.a(libc_a-abort.o)
                              D:/Distrib/GCC/arm-gnu-toolchain-13.2.Rel1-mingw-w64-i686-arm-none-eabi/bin/../lib/gcc/arm-none-eabi/13.2.1/thumb/v7-m/nofp\libgcc.a(unwind-arm.o) (abort)
D:/Distrib/GCC/arm-gnu-toolchain-13.2.Rel1-mingw-w64-i686-arm-none-eabi/bin/../lib/gcc/arm-none-eabi/13.2.1/thumb/v7-m/nofp\libg.a(libc_a-exit.o)
                              D:/Distrib/GCC/arm-gnu-toolchain-13.2.Rel1-mingw-w64-i686-arm-none-eabi/bin/../lib/gcc/arm-none-eabi/13.2.1/thumb/v7-m/nofp/crt0.o (exit)
D:/Distrib/GCC/arm-gnu-toolchain-13.2.Rel1-mingw-w64-i686-arm-none-eabi/bin/../lib/gcc/arm-none-eabi/13.2.1/thumb/v7-m/nofp\libg.a(libc_a-malloc.o)
                              D:/Distrib/GCC/arm-gnu-toolchain-13.2.Rel1-mingw-w64-i686-arm-none-eabi/bin/../lib/gcc/arm-none-eabi/13.2.1/thumb/v7-m/nofp\libstdc++.a(del_op.o) (free)
D:/Distrib/GCC/arm-gnu-toolchain-13.2.Rel1-mingw-w64-i686-arm-none-eabi/bin/../lib/gcc/arm-none-eabi/13.2.1/thumb/v7-m/nofp\libg.a(libc_a-mallocr.o)
                              D:/Distrib/GCC/arm-gnu-toolchain-13.2.Rel1-mingw-w64-i686-arm-none-eabi/bin/../lib/gcc/arm-none-eabi/13.2.1/thumb/v7-m/nofp\libg.a(libc_a-malloc.o) (_malloc_r)
D:/Distrib/GCC/arm-gnu-toolchain-13.2.Rel1-mingw-w64-i686-arm-none-eabi/bin/../lib/gcc/arm-none-eabi/13.2.1/thumb/v7-m/nofp\libg.a(libc_a-mlock.o)
                              D:/Distrib/GCC/arm-gnu-toolchain-13.2.Rel1-mingw-w64-i686-arm-none-eabi/bin/../lib/gcc/arm-none-eabi/13.2.1/thumb/v7-m/nofp\libg.a(libc_a-mallocr.o) (__malloc_lock)
D:/Distrib/GCC/arm-gnu-toolchain-13.2.Rel1-mingw-w64-i686-arm-none-eabi/bin/../lib/gcc/arm-none-eabi/13.2.1/thumb/v7-m/nofp\libg.a(libc_a-findfp.o)
[...]
Memory Configuration

Name             Origin             Length             Attributes
RAM              0x20000000         0x00005000         xrw
FLASH            0x08000000         0x00020000         xr
*default*        0x00000000         0xffffffff

Linker script and memory map

LOAD D:/Distrib/GCC/arm-gnu-toolchain-13.2.Rel1-mingw-w64-i686-arm-none-eabi/bin/../lib/gcc/arm-none-eabi/13.2.1/thumb/v7-m/nofp/crti.o
LOAD D:/Distrib/GCC/arm-gnu-toolchain-13.2.Rel1-mingw-w64-i686-arm-none-eabi/bin/../lib/gcc/arm-none-eabi/13.2.1/thumb/v7-m/nofp/crtbegin.o
LOAD D:/Distrib/GCC/arm-gnu-toolchain-13.2.Rel1-mingw-w64-i686-arm-none-eabi/bin/../lib/gcc/arm-none-eabi/13.2.1/thumb/v7-m/nofp/crt0.o
LOAD CMakeFiles/GardenCleanWaterUSB.elf.dir/Control/src/sequence.cpp.obj
LOAD CMakeFiles/GardenCleanWaterUSB.elf.dir/Core/Src/main.cpp.obj
LOAD CMakeFiles/GardenCleanWaterUSB.elf.dir/Core/Src/stm32f1xx_hal_msp.c.obj
LOAD CMakeFiles/GardenCleanWaterUSB.elf.dir/Core/Src/stm32f1xx_hal_timebase_tim.c.obj
LOAD CMakeFiles/GardenCleanWaterUSB.elf.dir/Core/Src/stm32f1xx_it.c.obj
LOAD CMakeFiles/GardenCleanWaterUSB.elf.dir/Core/Src/syscalls.c.obj
LOAD CMakeFiles/GardenCleanWaterUSB.elf.dir/Core/Src/sysmem.c.obj
LOAD CMakeFiles/GardenCleanWaterUSB.elf.dir/Core/Src/system_stm32f1xx.c.obj
LOAD CMakeFiles/GardenCleanWaterUSB.elf.dir/Core/Startup/startup_stm32f103cbtx.s.obj
LOAD CMakeFiles/GardenCleanWaterUSB.elf.dir/Discrete/src/coil.cpp.obj
LOAD CMakeFiles/GardenCleanWaterUSB.elf.dir/Discrete/src/coil_with_timer.cpp.obj
LOAD CMakeFiles/GardenCleanWaterUSB.elf.dir/Discrete/src/gpio_common.cpp.obj
LOAD CMakeFiles/GardenCleanWaterUSB.elf.dir/Discrete/src/rf_impulse.cpp.obj
LOAD CMakeFiles/GardenCleanWaterUSB.elf.dir/Discrete/src/simple_input.cpp.obj
LOAD CMakeFiles/GardenCleanWaterUSB.elf.dir/Discrete/src/switch_delay.cpp.obj
LOAD CMakeFiles/GardenCleanWaterUSB.elf.dir/Drivers/STM32F1xx_HAL_Driver/Src/stm32f1xx_hal.c.obj
LOAD CMakeFiles/GardenCleanWaterUSB.elf.dir/Drivers/STM32F1xx_HAL_Driver/Src/stm32f1xx_hal_cortex.c.obj
LOAD CMakeFiles/GardenCleanWaterUSB.elf.dir/Drivers/STM32F1xx_HAL_Driver/Src/stm32f1xx_hal_dma.c.obj
LOAD CMakeFiles/GardenCleanWaterUSB.elf.dir/Drivers/STM32F1xx_HAL_Driver/Src/stm32f1xx_hal_exti.c.obj
LOAD CMakeFiles/GardenCleanWaterUSB.elf.dir/Drivers/STM32F1xx_HAL_Driver/Src/stm32f1xx_hal_flash.c.obj
LOAD CMakeFiles/GardenCleanWaterUSB.elf.dir/Drivers/STM32F1xx_HAL_Driver/Src/stm32f1xx_hal_flash_ex.c.obj
LOAD CMakeFiles/GardenCleanWaterUSB.elf.dir/Drivers/STM32F1xx_HAL_Driver/Src/stm32f1xx_hal_gpio.c.obj
LOAD CMakeFiles/GardenCleanWaterUSB.elf.dir/Drivers/STM32F1xx_HAL_Driver/Src/stm32f1xx_hal_gpio_ex.c.obj
LOAD CMakeFiles/GardenCleanWaterUSB.elf.dir/Drivers/STM32F1xx_HAL_Driver/Src/stm32f1xx_hal_pcd.c.obj
LOAD CMakeFiles/GardenCleanWaterUSB.elf.dir/Drivers/STM32F1xx_HAL_Driver/Src/stm32f1xx_hal_pcd_ex.c.obj
LOAD CMakeFiles/GardenCleanWaterUSB.elf.dir/Drivers/STM32F1xx_HAL_Driver/Src/stm32f1xx_hal_pwr.c.obj
LOAD CMakeFiles/GardenCleanWaterUSB.elf.dir/Drivers/STM32F1xx_HAL_Driver/Src/stm32f1xx_hal_rcc.c.obj
LOAD CMakeFiles/GardenCleanWaterUSB.elf.dir/Drivers/STM32F1xx_HAL_Driver/Src/stm32f1xx_hal_rcc_ex.c.obj
LOAD CMakeFiles/GardenCleanWaterUSB.elf.dir/Drivers/STM32F1xx_HAL_Driver/Src/stm32f1xx_hal_tim.c.obj
LOAD CMakeFiles/GardenCleanWaterUSB.elf.dir/Drivers/STM32F1xx_HAL_Driver/Src/stm32f1xx_hal_tim_ex.c.obj
LOAD CMakeFiles/GardenCleanWaterUSB.elf.dir/Drivers/STM32F1xx_HAL_Driver/Src/stm32f1xx_ll_usb.c.obj
LOAD CMakeFiles/GardenCleanWaterUSB.elf.dir/FreeRTOS/ARM_CM3/port.c.obj
LOAD CMakeFiles/GardenCleanWaterUSB.elf.dir/FreeRTOS/Src/croutine.c.obj
LOAD CMakeFiles/GardenCleanWaterUSB.elf.dir/FreeRTOS/Src/event_groups.c.obj
LOAD CMakeFiles/GardenCleanWaterUSB.elf.dir/FreeRTOS/Src/heap_4.c.obj
LOAD CMakeFiles/GardenCleanWaterUSB.elf.dir/FreeRTOS/Src/list.c.obj
LOAD CMakeFiles/GardenCleanWaterUSB.elf.dir/FreeRTOS/Src/queue.c.obj
LOAD CMakeFiles/GardenCleanWaterUSB.elf.dir/FreeRTOS/Src/stream_buffer.c.obj
LOAD CMakeFiles/GardenCleanWaterUSB.elf.dir/FreeRTOS/Src/tasks.c.obj
LOAD CMakeFiles/GardenCleanWaterUSB.elf.dir/FreeRTOS/Src/timers.c.obj
LOAD CMakeFiles/GardenCleanWaterUSB.elf.dir/MainApp/src/main_app.cpp.obj
LOAD CMakeFiles/GardenCleanWaterUSB.elf.dir/Middlewares/ST/STM32_USB_Device_Library/Class/CDC/Src/usbd_cdc.c.obj
LOAD CMakeFiles/GardenCleanWaterUSB.elf.dir/Middlewares/ST/STM32_USB_Device_Library/Core/Src/usbd_core.c.obj
LOAD CMakeFiles/GardenCleanWaterUSB.elf.dir/Middlewares/ST/STM32_USB_Device_Library/Core/Src/usbd_ctlreq.c.obj
LOAD CMakeFiles/GardenCleanWaterUSB.elf.dir/Middlewares/ST/STM32_USB_Device_Library/Core/Src/usbd_ioreq.c.obj
LOAD CMakeFiles/GardenCleanWaterUSB.elf.dir/Misc/src/common.cpp.obj
LOAD CMakeFiles/GardenCleanWaterUSB.elf.dir/Misc/src/init.cpp.obj
LOAD CMakeFiles/GardenCleanWaterUSB.elf.dir/Tasks/src/chb.cpp.obj
LOAD CMakeFiles/GardenCleanWaterUSB.elf.dir/Tasks/src/common_for_tasks.cpp.obj
LOAD CMakeFiles/GardenCleanWaterUSB.elf.dir/Tasks/src/diag.cpp.obj
LOAD CMakeFiles/GardenCleanWaterUSB.elf.dir/Tasks/src/ob.cpp.obj
LOAD CMakeFiles/GardenCleanWaterUSB.elf.dir/Timer/src/common_timer.cpp.obj
LOAD CMakeFiles/GardenCleanWaterUSB.elf.dir/Timer/src/off_delay.cpp.obj
LOAD CMakeFiles/GardenCleanWaterUSB.elf.dir/Timer/src/on_delay.cpp.obj
LOAD CMakeFiles/GardenCleanWaterUSB.elf.dir/Timer/src/pulse.cpp.obj
LOAD CMakeFiles/GardenCleanWaterUSB.elf.dir/USB_DEVICE/App/usb_device.c.obj
LOAD CMakeFiles/GardenCleanWaterUSB.elf.dir/USB_DEVICE/App/usbd_cdc_if.c.obj
LOAD CMakeFiles/GardenCleanWaterUSB.elf.dir/USB_DEVICE/App/usbd_desc.c.obj
LOAD CMakeFiles/GardenCleanWaterUSB.elf.dir/USB_DEVICE/Target/usbd_conf.c.obj
LOAD D:/Distrib/GCC/arm-gnu-toolchain-13.2.Rel1-mingw-w64-i686-arm-none-eabi/bin/../lib/gcc/arm-none-eabi/13.2.1/thumb/v7-m/nofp\libstdc++.a
LOAD D:/Distrib/GCC/arm-gnu-toolchain-13.2.Rel1-mingw-w64-i686-arm-none-eabi/bin/../lib/gcc/arm-none-eabi/13.2.1/thumb/v7-m/nofp\libm.a
START GROUP
LOAD D:/Distrib/GCC/arm-gnu-toolchain-13.2.Rel1-mingw-w64-i686-arm-none-eabi/bin/../lib/gcc/arm-none-eabi/13.2.1/thumb/v7-m/nofp\libgcc.a
LOAD D:/Distrib/GCC/arm-gnu-toolchain-13.2.Rel1-mingw-w64-i686-arm-none-eabi/bin/../lib/gcc/arm-none-eabi/13.2.1/thumb/v7-m/nofp\libg.a
LOAD D:/Distrib/GCC/arm-gnu-toolchain-13.2.Rel1-mingw-w64-i686-arm-none-eabi/bin/../lib/gcc/arm-none-eabi/13.2.1/thumb/v7-m/nofp\libc.a
END GROUP
LOAD D:/Distrib/GCC/arm-gnu-toolchain-13.2.Rel1-mingw-w64-i686-arm-none-eabi/bin/../lib/gcc/arm-none-eabi/13.2.1/thumb/v7-m/nofp/crtend.o
LOAD D:/Distrib/GCC/arm-gnu-toolchain-13.2.Rel1-mingw-w64-i686-arm-none-eabi/bin/../lib/gcc/arm-none-eabi/13.2.1/thumb/v7-m/nofp/crtn.o
                0x20005000                        _estack = (ORIGIN (RAM) + LENGTH (RAM))
                0x00000200                        _Min_Heap_Size = 0x200
                0x00000400                        _Min_Stack_Size = 0x400

.isr_vector     0x08000000      0x10c
                0x08000000                        . = ALIGN (0x4)
 *(.isr_vector)
 .isr_vector    0x08000000      0x10c CMakeFiles/GardenCleanWaterUSB.elf.dir/Core/Startup/startup_stm32f103cbtx.s.obj
                0x08000000                g_pfnVectors
                0x0800010c                        . = ALIGN (0x4)

.text           0x08000110     0x818c
                0x08000110                        . = ALIGN (0x4)
 *(.text)
 .text          0x08000110      0x1ac D:/Distrib/GCC/arm-gnu-toolchain-13.2.Rel1-mingw-w64-i686-arm-none-eabi/bin/../lib/gcc/arm-none-eabi/13.2.1/thumb/v7-m/nofp\libgcc.a(libunwind.o)
                0x08000110                __restore_core_regs
                0x08000110                restore_core_regs
                0x08000128                __gnu_Unwind_Restore_VFP
                0x08000130                __gnu_Unwind_Save_VFP
                0x08000138                __gnu_Unwind_Restore_VFP_D
                0x08000140                __gnu_Unwind_Save_VFP_D
                0x08000148                __gnu_Unwind_Restore_VFP_D_16_to_31
                0x08000150                __gnu_Unwind_Save_VFP_D_16_to_31
                0x08000158                __gnu_Unwind_Restore_WMMXD
                0x0800019c                __gnu_Unwind_Save_WMMXD
                0x080001e0                __gnu_Unwind_Restore_WMMXC
                0x080001f4                __gnu_Unwind_Save_WMMXC
                0x08000208                ___Unwind_RaiseException
                0x08000208                _Unwind_RaiseException
                0x0800022c                _Unwind_Resume
                0x0800022c                ___Unwind_Resume
                0x08000250                _Unwind_Resume_or_Rethrow
                0x08000250                ___Unwind_Resume_or_Rethrow
                0x08000274                _Unwind_ForcedUnwind
                0x08000274                ___Unwind_ForcedUnwind
                0x08000298                ___Unwind_Backtrace
                0x08000298                _Unwind_Backtrace
 .text          0x080002bc      0x1bc D:/Distrib/GCC/arm-gnu-toolchain-13.2.Rel1-mingw-w64-i686-arm-none-eabi/bin/../lib/gcc/arm-none-eabi/13.2.1/thumb/v7-m/nofp\libg.a(libc_a-strcmp.o)
                0x080002bc                strcmp
 .text          0x08000478       0xec D:/Distrib/GCC/arm-gnu-toolchain-13.2.Rel1-mingw-w64-i686-arm-none-eabi/bin/../lib/gcc/arm-none-eabi/13.2.1/thumb/v7-m/nofp\libg.a(libc_a-memcpy.o)
                0x08000478                memcpy
 *(.text*)
 .text.deregister_tm_clones
                0x08000564       0x1c D:/Distrib/GCC/arm-gnu-toolchain-13.2.Rel1-mingw-w64-i686-arm-none-eabi/bin/../lib/gcc/arm-none-eabi/13.2.1/thumb/v7-m/nofp/crtbegin.o
 .text.register_tm_clones
                0x08000580       0x24 D:/Distrib/GCC/arm-gnu-toolchain-13.2.Rel1-mingw-w64-i686-arm-none-eabi/bin/../lib/gcc/arm-none-eabi/13.2.1/thumb/v7-m/nofp/crtbegin.o
 .text.__do_global_dtors_aux
                0x080005a4       0x28 D:/Distrib/GCC/arm-gnu-toolchain-13.2.Rel1-mingw-w64-i686-arm-none-eabi/bin/../lib/gcc/arm-none-eabi/13.2.1/thumb/v7-m/nofp/crtbegin.o
 .text.frame_dummy
                0x080005cc       0x24 D:/Distrib/GCC/arm-gnu-toolchain-13.2.Rel1-mingw-w64-i686-arm-none-eabi/bin/../lib/gcc/arm-none-eabi/13.2.1/thumb/v7-m/nofp/crtbegin.o
 .text._ZN8SequenceC2EPhh
                0x080005f0       0x16 CMakeFiles/GardenCleanWaterUSB.elf.dir/Control/src/sequence.cpp.obj
                0x080005f0                Sequence::Sequence(unsigned char*, unsigned char)
                0x080005f0                Sequence::Sequence(unsigned char*, unsigned char)
 .text._ZN8Sequence8isMyStepEv
                0x08000606       0x10 CMakeFiles/GardenCleanWaterUSB.elf.dir/Control/src/sequence.cpp.obj
                0x08000606                Sequence::isMyStep()
 .text._ZN8Sequence5resetEv
                0x08000616       0x10 CMakeFiles/GardenCleanWaterUSB.elf.dir/Control/src/sequence.cpp.obj
                0x08000616                Sequence::reset()
 .text._ZN8Sequence5startEb
                0x08000626       0x14 CMakeFiles/GardenCleanWaterUSB.elf.dir/Control/src/sequence.cpp.obj
                0x08000626                Sequence::start(bool)
 .text._ZN8Sequence4lockEb
                0x0800063a        0x4 CMakeFiles/GardenCleanWaterUSB.elf.dir/Control/src/sequence.cpp.obj
                0x0800063a                Sequence::lock(bool)
 .text._ZN8Sequence6finishEb
                0x0800063e       0x28 CMakeFiles/GardenCleanWaterUSB.elf.dir/Control/src/sequence.cpp.obj
                0x0800063e                Sequence::finish(bool)
 .text._ZN8Sequence7startedEv
                0x08000666        0x4 CMakeFiles/GardenCleanWaterUSB.elf.dir/Control/src/sequence.cpp.obj
                0x08000666                Sequence::started()
 .text._ZN8Sequence6lockedEv
                0x0800066a        0x4 CMakeFiles/GardenCleanWaterUSB.elf.dir/Control/src/sequence.cpp.obj
                0x0800066a                Sequence::locked()
 .text._ZN8Sequence8finishedEv
                0x0800066e        0x4 CMakeFiles/GardenCleanWaterUSB.elf.dir/Control/src/sequence.cpp.obj
                0x0800066e                Sequence::finished()
 .text._ZN8Sequence6activeEv
                0x08000672       0x28 CMakeFiles/GardenCleanWaterUSB.elf.dir/Control/src/sequence.cpp.obj
                0x08000672                Sequence::active()
 .text._ZN15SequenceDelayed9update1msEv
                0x0800069a       0x36 CMakeFiles/GardenCleanWaterUSB.elf.dir/Control/src/sequence.cpp.obj
                0x0800069a                SequenceDelayed::update1ms()
 .text._ZThn28_N15SequenceDelayed9update1msEv
                0x080006d0        0x8 CMakeFiles/GardenCleanWaterUSB.elf.dir/Control/src/sequence.cpp.obj
                0x080006d0                non-virtual thunk to SequenceDelayed::update1ms()
 .text._ZN8Sequence15finishedImpulseEv
                0x080006d8        0x8 CMakeFiles/GardenCleanWaterUSB.elf.dir/Control/src/sequence.cpp.obj
                0x080006d8                Sequence::finishedImpulse()
 .text._ZN15SequenceDelayedC2EPhhm
                0x080006e0       0x34 CMakeFiles/GardenCleanWaterUSB.elf.dir/Control/src/sequence.cpp.obj
                0x080006e0                SequenceDelayed::SequenceDelayed(unsigned char*, unsigned char, unsigned long)
                0x080006e0                SequenceDelayed::SequenceDelayed(unsigned char*, unsigned char, unsigned long)
 .text._ZL12MX_GPIO_Initv
                0x08000714       0x30 CMakeFiles/GardenCleanWaterUSB.elf.dir/Core/Src/main.cpp.obj
 .text._Z41__static_initialization_and_destruction_0v
                0x08000744      0x360 CMakeFiles/GardenCleanWaterUSB.elf.dir/Core/Src/main.cpp.obj
 .text.vApplicationIdleHook
                0x08000aa4        0x2 CMakeFiles/GardenCleanWaterUSB.elf.dir/Core/Src/main.cpp.obj
                0x08000aa4                vApplicationIdleHook
 .text.vApplicationTickHook
                0x08000aa6        0x2 CMakeFiles/GardenCleanWaterUSB.elf.dir/Core/Src/main.cpp.obj
                0x08000aa6                vApplicationTickHook
 .text.vApplicationStackOverflowHook
                0x08000aa8        0x2 CMakeFiles/GardenCleanWaterUSB.elf.dir/Core/Src/main.cpp.obj
                0x08000aa8                vApplicationStackOverflowHook
 *fill*         0x08000aaa        0x2 
 .text.TIM2_IRQHandler
                0x08000aac       0x34 CMakeFiles/GardenCleanWaterUSB.elf.dir/Core/Src/main.cpp.obj
                0x08000aac                TIM2_IRQHandler
 .text.HAL_TIM_PeriodElapsedCallback
                0x08000ae0       0x18 CMakeFiles/GardenCleanWaterUSB.elf.dir/Core/Src/main.cpp.obj
                0x08000ae0                HAL_TIM_PeriodElapsedCallback
 .text.Error_Handler
                0x08000af8        0x4 CMakeFiles/GardenCleanWaterUSB.elf.dir/Core/Src/main.cpp.obj
                0x08000af8                Error_Handler
 .text._Z18SystemClock_Configv
                0x08000afc       0x82 CMakeFiles/GardenCleanWaterUSB.elf.dir/Core/Src/main.cpp.obj
                0x08000afc                SystemClock_Config()
 .text.main     0x08000b7e       0x18 CMakeFiles/GardenCleanWaterUSB.elf.dir/Core/Src/main.cpp.obj
                0x08000b7e                main
 .text._GLOBAL__sub_I_B1
                0x08000b96        0x8 CMakeFiles/GardenCleanWaterUSB.elf.dir/Core/Src/main.cpp.obj
 *fill*         0x08000b9e        0x2 
 .text.HAL_MspInit
                0x08000ba0       0x44 CMakeFiles/GardenCleanWaterUSB.elf.dir/Core/Src/stm32f1xx_hal_msp.c.obj
                0x08000ba0                HAL_MspInit
 .text.HAL_InitTick
                0x08000be4       0xa0 CMakeFiles/GardenCleanWaterUSB.elf.dir/Core/Src/stm32f1xx_hal_timebase_tim.c.obj
                0x08000be4                HAL_InitTick
 .text.NMI_Handler
                0x08000c84        0x2 CMakeFiles/GardenCleanWaterUSB.elf.dir/Core/Src/stm32f1xx_it.c.obj
                0x08000c84                NMI_Handler
 .text.HardFault_Handler
                0x08000c86        0x2 CMakeFiles/GardenCleanWaterUSB.elf.dir/Core/Src/stm32f1xx_it.c.obj
                0x08000c86                HardFault_Handler
 .text.MemManage_Handler
                0x08000c88        0x2 CMakeFiles/GardenCleanWaterUSB.elf.dir/Core/Src/stm32f1xx_it.c.obj
                0x08000c88                MemManage_Handler
 .text.BusFault_Handler
                0x08000c8a        0x2 CMakeFiles/GardenCleanWaterUSB.elf.dir/Core/Src/stm32f1xx_it.c.obj
                0x08000c8a                BusFault_Handler
 .text.UsageFault_Handler
                0x08000c8c        0x2 CMakeFiles/GardenCleanWaterUSB.elf.dir/Core/Src/stm32f1xx_it.c.obj
                0x08000c8c                UsageFault_Handler
 .text.DebugMon_Handler
                0x08000c8e        0x2 CMakeFiles/GardenCleanWaterUSB.elf.dir/Core/Src/stm32f1xx_it.c.obj
                0x08000c8e                DebugMon_Handler
 .text.USB_LP_CAN1_RX0_IRQHandler
                0x08000c90       0x10 CMakeFiles/GardenCleanWaterUSB.elf.dir/Core/Src/stm32f1xx_it.c.obj
                0x08000c90                USB_LP_CAN1_RX0_IRQHandler
 .text.TIM4_IRQHandler
                0x08000ca0       0x10 CMakeFiles/GardenCleanWaterUSB.elf.dir/Core/Src/stm32f1xx_it.c.obj
                0x08000ca0                TIM4_IRQHandler
 .text._getpid  0x08000cb0        0x4 CMakeFiles/GardenCleanWaterUSB.elf.dir/Core/Src/syscalls.c.obj
                0x08000cb0                _getpid
 .text._kill    0x08000cb4       0x10 CMakeFiles/GardenCleanWaterUSB.elf.dir/Core/Src/syscalls.c.obj
                0x08000cb4                _kill
 .text._exit    0x08000cc4        0xc CMakeFiles/GardenCleanWaterUSB.elf.dir/Core/Src/syscalls.c.obj
                0x08000cc4                _exit
 .text._sbrk    0x08000cd0       0x48 CMakeFiles/GardenCleanWaterUSB.elf.dir/Core/Src/sysmem.c.obj
                0x08000cd0                _sbrk
 .text.SystemInit
                0x08000d18        0x2 CMakeFiles/GardenCleanWaterUSB.elf.dir/Core/Src/system_stm32f1xx.c.obj
                0x08000d18                SystemInit
 *fill*         0x08000d1a        0x2 
 .text.Reset_Handler
                0x08000d1c       0x48 CMakeFiles/GardenCleanWaterUSB.elf.dir/Core/Startup/startup_stm32f103cbtx.s.obj
                0x08000d1c                Reset_Handler
 .text.Default_Handler
                0x08000d64        0x2 CMakeFiles/GardenCleanWaterUSB.elf.dir/Core/Startup/startup_stm32f103cbtx.s.obj
                0x08000d64                RTC_Alarm_IRQHandler
                0x08000d64                EXTI2_IRQHandler
                0x08000d64                TIM1_CC_IRQHandler
                0x08000d64                PVD_IRQHandler
                0x08000d64                EXTI3_IRQHandler
                0x08000d64                EXTI0_IRQHandler
                0x08000d64                I2C2_EV_IRQHandler
                0x08000d64                ADC1_2_IRQHandler
                0x08000d64                SPI1_IRQHandler
                0x08000d64                TAMPER_IRQHandler
                0x08000d64                DMA1_Channel4_IRQHandler
                0x08000d64                USART3_IRQHandler
                0x08000d64                RTC_IRQHandler
                0x08000d64                DMA1_Channel7_IRQHandler
                0x08000d64                CAN1_RX1_IRQHandler
                0x08000d64                I2C1_EV_IRQHandler
                0x08000d64                DMA1_Channel6_IRQHandler
                0x08000d64                TIM3_IRQHandler
                0x08000d64                RCC_IRQHandler
                0x08000d64                TIM1_TRG_COM_IRQHandler
                0x08000d64                DMA1_Channel1_IRQHandler
                0x08000d64                Default_Handler
                0x08000d64                EXTI15_10_IRQHandler
                0x08000d64                EXTI9_5_IRQHandler
                0x08000d64                SPI2_IRQHandler
                0x08000d64                DMA1_Channel5_IRQHandler
                0x08000d64                EXTI4_IRQHandler
                0x08000d64                USB_HP_CAN1_TX_IRQHandler
                0x08000d64                DMA1_Channel3_IRQHandler
                0x08000d64                TIM1_UP_IRQHandler
                0x08000d64                WWDG_IRQHandler
                0x08000d64                TIM1_BRK_IRQHandler
                0x08000d64                EXTI1_IRQHandler
                0x08000d64                USART2_IRQHandler
                0x08000d64                I2C2_ER_IRQHandler
                0x08000d64                DMA1_Channel2_IRQHandler
                0x08000d64                CAN1_SCE_IRQHandler
                0x08000d64                FLASH_IRQHandler
                0x08000d64                USART1_IRQHandler
                0x08000d64                I2C1_ER_IRQHandler
                0x08000d64                USBWakeUp_IRQHandler
 .text._ZN12ProgrammCoil8isActiveEv
                0x08000d66        0x4 CMakeFiles/GardenCleanWaterUSB.elf.dir/Discrete/src/coil.cpp.obj
                0x08000d66                ProgrammCoil::isActive()
 .text._ZN12ProgrammCoil8setValueEb
                0x08000d6a        0x4 CMakeFiles/GardenCleanWaterUSB.elf.dir/Discrete/src/coil.cpp.obj
                0x08000d6a                ProgrammCoil::setValue(bool)
 .text._ZN4Coil8isActiveEv
                0x08000d6e       0x14 CMakeFiles/GardenCleanWaterUSB.elf.dir/Discrete/src/coil.cpp.obj
                0x08000d6e                Coil::isActive()
 .text._ZN4Coil8setValueEb
                0x08000d82       0x2c CMakeFiles/GardenCleanWaterUSB.elf.dir/Discrete/src/coil.cpp.obj
                0x08000d82                Coil::setValue(bool)
 .text._ZN4CoilaSEb
                0x08000dae        0xe CMakeFiles/GardenCleanWaterUSB.elf.dir/Discrete/src/coil.cpp.obj
                0x08000dae                Coil::operator=(bool)
 .text._Z17setBitsInRegisterIVmEvPT_mm
                0x08000dbc       0x26 CMakeFiles/GardenCleanWaterUSB.elf.dir/Discrete/src/coil.cpp.obj
                0x08000dbc                void setBitsInRegister<unsigned long volatile>(unsigned long volatile*, unsigned long, unsigned long)
 *fill*         0x08000de2        0x2 
 .text._ZN4CoilC2EP12GPIO_TypeDefh
                0x08000de4       0x54 CMakeFiles/GardenCleanWaterUSB.elf.dir/Discrete/src/coil.cpp.obj
                0x08000de4                Coil::Coil(GPIO_TypeDef*, unsigned char)
                0x08000de4                Coil::Coil(GPIO_TypeDef*, unsigned char)
 .text._ZN12CoilOffDelay8setValueEb
                0x08000e38        0x8 CMakeFiles/GardenCleanWaterUSB.elf.dir/Discrete/src/coil_with_timer.cpp.obj
                0x08000e38                CoilOffDelay::setValue(bool)
 .text._ZThn16_N12CoilOffDelay8setValueEb
                0x08000e40        0x8 CMakeFiles/GardenCleanWaterUSB.elf.dir/Discrete/src/coil_with_timer.cpp.obj
                0x08000e40                non-virtual thunk to CoilOffDelay::setValue(bool)
 .text._ZN9CoilPulse8setValueEb
                0x08000e48        0x8 CMakeFiles/GardenCleanWaterUSB.elf.dir/Discrete/src/coil_with_timer.cpp.obj
                0x08000e48                CoilPulse::setValue(bool)
 .text._ZThn16_N9CoilPulse8setValueEb
                0x08000e50        0x8 CMakeFiles/GardenCleanWaterUSB.elf.dir/Discrete/src/coil_with_timer.cpp.obj
                0x08000e50                non-virtual thunk to CoilPulse::setValue(bool)
 .text._ZN12CoilOffDelayC2EP12GPIO_TypeDefht
                0x08000e58       0x38 CMakeFiles/GardenCleanWaterUSB.elf.dir/Discrete/src/coil_with_timer.cpp.obj
                0x08000e58                CoilOffDelay::CoilOffDelay(GPIO_TypeDef*, unsigned char, unsigned short)
                0x08000e58                CoilOffDelay::CoilOffDelay(GPIO_TypeDef*, unsigned char, unsigned short)
 .text._ZN12CoilOffDelayaSEb
                0x08000e90        0xe CMakeFiles/GardenCleanWaterUSB.elf.dir/Discrete/src/coil_with_timer.cpp.obj
                0x08000e90                CoilOffDelay::operator=(bool)
 *fill*         0x08000e9e        0x2 
 .text._ZN9CoilPulseC2EP12GPIO_TypeDefht
                0x08000ea0       0x38 CMakeFiles/GardenCleanWaterUSB.elf.dir/Discrete/src/coil_with_timer.cpp.obj
                0x08000ea0                CoilPulse::CoilPulse(GPIO_TypeDef*, unsigned char, unsigned short)
                0x08000ea0                CoilPulse::CoilPulse(GPIO_TypeDef*, unsigned char, unsigned short)
 .text._ZN9CoilPulseaSEb
                0x08000ed8        0xe CMakeFiles/GardenCleanWaterUSB.elf.dir/Discrete/src/coil_with_timer.cpp.obj
                0x08000ed8                CoilPulse::operator=(bool)
 .text._ZN12CoilOffDelay9update1msEv
                0x08000ee6       0x1a CMakeFiles/GardenCleanWaterUSB.elf.dir/Discrete/src/coil_with_timer.cpp.obj
                0x08000ee6                CoilOffDelay::update1ms()
 .text._ZThn32_N12CoilOffDelay9update1msEv
                0x08000f00        0x8 CMakeFiles/GardenCleanWaterUSB.elf.dir/Discrete/src/coil_with_timer.cpp.obj
                0x08000f00                non-virtual thunk to CoilOffDelay::update1ms()
 .text._ZN9CoilPulse9update1msEv
                0x08000f08       0x1a CMakeFiles/GardenCleanWaterUSB.elf.dir/Discrete/src/coil_with_timer.cpp.obj
                0x08000f08                CoilPulse::update1ms()
 .text._ZThn32_N9CoilPulse9update1msEv
                0x08000f22        0x8 CMakeFiles/GardenCleanWaterUSB.elf.dir/Discrete/src/coil_with_timer.cpp.obj
                0x08000f22                non-virtual thunk to CoilPulse::update1ms()
 *fill*         0x08000f2a        0x2 
 .text._ZN10GPIOcommonC2EP12GPIO_TypeDefh
                0x08000f2c       0x78 CMakeFiles/GardenCleanWaterUSB.elf.dir/Discrete/src/gpio_common.cpp.obj
                0x08000f2c                GPIOcommon::GPIOcommon(GPIO_TypeDef*, unsigned char)
                0x08000f2c                GPIOcommon::GPIOcommon(GPIO_TypeDef*, unsigned char)
 .text._ZN9RFimpulseC2E7IMPULSE
                0x08000fa4        0x4 CMakeFiles/GardenCleanWaterUSB.elf.dir/Discrete/src/rf_impulse.cpp.obj
                0x08000fa4                RFimpulse::RFimpulse(IMPULSE)
                0x08000fa4                RFimpulse::RFimpulse(IMPULSE)
 .text._ZN9RFimpulse3setEb
                0x08000fa8       0x36 CMakeFiles/GardenCleanWaterUSB.elf.dir/Discrete/src/rf_impulse.cpp.obj
                0x08000fa8                RFimpulse::set(bool)
 .text._ZN9RFimpulse3getEv
                0x08000fde        0xa CMakeFiles/GardenCleanWaterUSB.elf.dir/Discrete/src/rf_impulse.cpp.obj
                0x08000fde                RFimpulse::get()
 .text._ZN11SimpleInput8isActiveEv
                0x08000fe8       0x14 CMakeFiles/GardenCleanWaterUSB.elf.dir/Discrete/src/simple_input.cpp.obj
                0x08000fe8                SimpleInput::isActive()
 .text._ZN18SimpleInputDelayed9update1msEv
                0x08000ffc       0x1a CMakeFiles/GardenCleanWaterUSB.elf.dir/Discrete/src/simple_input.cpp.obj
                0x08000ffc                SimpleInputDelayed::update1ms()
 .text._ZThn28_N18SimpleInputDelayed9update1msEv
                0x08001016        0x8 CMakeFiles/GardenCleanWaterUSB.elf.dir/Discrete/src/simple_input.cpp.obj
                0x08001016                non-virtual thunk to SimpleInputDelayed::update1ms()
 .text._ZN18SimpleInputDelayed8isActiveEv
                0x0800101e        0x8 CMakeFiles/GardenCleanWaterUSB.elf.dir/Discrete/src/simple_input.cpp.obj
                0x0800101e                SimpleInputDelayed::isActive()
 .text._ZThn16_N18SimpleInputDelayed8isActiveEv
                0x08001026        0x8 CMakeFiles/GardenCleanWaterUSB.elf.dir/Discrete/src/simple_input.cpp.obj
                0x08001026                non-virtual thunk to SimpleInputDelayed::isActive()
 .text._ZN11SimpleInput11isNotActiveEv
                0x0800102e       0x10 CMakeFiles/GardenCleanWaterUSB.elf.dir/Discrete/src/simple_input.cpp.obj
                0x0800102e                SimpleInput::isNotActive()
 .text._Z11setRegisterIVmEvPT_mm
                0x0800103e       0x10 CMakeFiles/GardenCleanWaterUSB.elf.dir/Discrete/src/simple_input.cpp.obj
                0x0800103e                void setRegister<unsigned long volatile>(unsigned long volatile*, unsigned long, unsigned long)
 *fill*         0x0800104e        0x2 
 .text._ZN11SimpleInputC2EP12GPIO_TypeDefh
                0x08001050       0x58 CMakeFiles/GardenCleanWaterUSB.elf.dir/Discrete/src/simple_input.cpp.obj
                0x08001050                SimpleInput::SimpleInput(GPIO_TypeDef*, unsigned char)
                0x08001050                SimpleInput::SimpleInput(GPIO_TypeDef*, unsigned char)
 .text._ZN18SimpleInputDelayedC2EP12GPIO_TypeDefht
                0x080010a8       0x38 CMakeFiles/GardenCleanWaterUSB.elf.dir/Discrete/src/simple_input.cpp.obj
                0x080010a8                SimpleInputDelayed::SimpleInputDelayed(GPIO_TypeDef*, unsigned char, unsigned short)
                0x080010a8                SimpleInputDelayed::SimpleInputDelayed(GPIO_TypeDef*, unsigned char, unsigned short)
 .text.HAL_Init
                0x080010e0       0x24 CMakeFiles/GardenCleanWaterUSB.elf.dir/Drivers/STM32F1xx_HAL_Driver/Src/stm32f1xx_hal.c.obj
                0x080010e0                HAL_Init
 .text.HAL_IncTick
                0x08001104       0x18 CMakeFiles/GardenCleanWaterUSB.elf.dir/Drivers/STM32F1xx_HAL_Driver/Src/stm32f1xx_hal.c.obj
                0x08001104                HAL_IncTick
 .text.HAL_GetTick
                0x0800111c        0xc CMakeFiles/GardenCleanWaterUSB.elf.dir/Drivers/STM32F1xx_HAL_Driver/Src/stm32f1xx_hal.c.obj
                0x0800111c                HAL_GetTick
 .text.__NVIC_SetPriority
                0x08001128       0x28 CMakeFiles/GardenCleanWaterUSB.elf.dir/Drivers/STM32F1xx_HAL_Driver/Src/stm32f1xx_hal_cortex.c.obj
 .text.NVIC_EncodePriority
                0x08001150       0x3e CMakeFiles/GardenCleanWaterUSB.elf.dir/Drivers/STM32F1xx_HAL_Driver/Src/stm32f1xx_hal_cortex.c.obj
 *fill*         0x0800118e        0x2 
 .text.HAL_NVIC_SetPriorityGrouping
                0x08001190       0x24 CMakeFiles/GardenCleanWaterUSB.elf.dir/Drivers/STM32F1xx_HAL_Driver/Src/stm32f1xx_hal_cortex.c.obj
                0x08001190                HAL_NVIC_SetPriorityGrouping
 .text.HAL_NVIC_SetPriority
                0x080011b4       0x20 CMakeFiles/GardenCleanWaterUSB.elf.dir/Drivers/STM32F1xx_HAL_Driver/Src/stm32f1xx_hal_cortex.c.obj
                0x080011b4                HAL_NVIC_SetPriority
 .text.HAL_NVIC_EnableIRQ
                0x080011d4       0x1c CMakeFiles/GardenCleanWaterUSB.elf.dir/Drivers/STM32F1xx_HAL_Driver/Src/stm32f1xx_hal_cortex.c.obj
                0x080011d4                HAL_NVIC_EnableIRQ
 .text.HAL_PCD_EP_DB_Receive
                0x080011f0      0x11c CMakeFiles/GardenCleanWaterUSB.elf.dir/Drivers/STM32F1xx_HAL_Driver/Src/stm32f1xx_hal_pcd.c.obj
 .text.HAL_PCD_Init
                0x0800130c      0x110 CMakeFiles/GardenCleanWaterUSB.elf.dir/Drivers/STM32F1xx_HAL_Driver/Src/stm32f1xx_hal_pcd.c.obj
                0x0800130c                HAL_PCD_Init
 .text.HAL_PCD_Start
                0x0800141c       0x32 CMakeFiles/GardenCleanWaterUSB.elf.dir/Drivers/STM32F1xx_HAL_Driver/Src/stm32f1xx_hal_pcd.c.obj
                0x0800141c                HAL_PCD_Start
 .text.HAL_PCD_EP_DB_Transmit
                0x0800144e      0x424 CMakeFiles/GardenCleanWaterUSB.elf.dir/Drivers/STM32F1xx_HAL_Driver/Src/stm32f1xx_hal_pcd.c.obj
 .text.PCD_EP_ISR_Handler
                0x08001872      0x53e CMakeFiles/GardenCleanWaterUSB.elf.dir/Drivers/STM32F1xx_HAL_Driver/Src/stm32f1xx_hal_pcd.c.obj
 .text.HAL_PCD_SetAddress
                0x08001db0       0x28 CMakeFiles/GardenCleanWaterUSB.elf.dir/Drivers/STM32F1xx_HAL_Driver/Src/stm32f1xx_hal_pcd.c.obj
                0x08001db0                HAL_PCD_SetAddress
 .text.HAL_PCD_IRQHandler
                0x08001dd8      0x1b0 CMakeFiles/GardenCleanWaterUSB.elf.dir/Drivers/STM32F1xx_HAL_Driver/Src/stm32f1xx_hal_pcd.c.obj
                0x08001dd8                HAL_PCD_IRQHandler
 .text.HAL_PCD_EP_Open
                0x08001f88       0x7c CMakeFiles/GardenCleanWaterUSB.elf.dir/Drivers/STM32F1xx_HAL_Driver/Src/stm32f1xx_hal_pcd.c.obj
                0x08001f88                HAL_PCD_EP_Open
 .text.HAL_PCD_EP_Close
                0x08002004       0x64 CMakeFiles/GardenCleanWaterUSB.elf.dir/Drivers/STM32F1xx_HAL_Driver/Src/stm32f1xx_hal_pcd.c.obj
                0x08002004                HAL_PCD_EP_Close
 .text.HAL_PCD_EP_Receive
                0x08002068       0x3a CMakeFiles/GardenCleanWaterUSB.elf.dir/Drivers/STM32F1xx_HAL_Driver/Src/stm32f1xx_hal_pcd.c.obj
                0x08002068                HAL_PCD_EP_Receive
 .text.HAL_PCD_EP_GetRxCount
                0x080020a2       0x12 CMakeFiles/GardenCleanWaterUSB.elf.dir/Drivers/STM32F1xx_HAL_Driver/Src/stm32f1xx_hal_pcd.c.obj
                0x080020a2                HAL_PCD_EP_GetRxCount
 .text.HAL_PCD_EP_Transmit
                0x080020b4       0x44 CMakeFiles/GardenCleanWaterUSB.elf.dir/Drivers/STM32F1xx_HAL_Driver/Src/stm32f1xx_hal_pcd.c.obj
                0x080020b4                HAL_PCD_EP_Transmit
 .text.HAL_PCD_EP_SetStall
                0x080020f8       0x78 CMakeFiles/GardenCleanWaterUSB.elf.dir/Drivers/STM32F1xx_HAL_Driver/Src/stm32f1xx_hal_pcd.c.obj
                0x080020f8                HAL_PCD_EP_SetStall
 .text.HAL_PCD_EP_ClrStall
                0x08002170       0x76 CMakeFiles/GardenCleanWaterUSB.elf.dir/Drivers/STM32F1xx_HAL_Driver/Src/stm32f1xx_hal_pcd.c.obj
                0x08002170                HAL_PCD_EP_ClrStall
 .text.HAL_PCDEx_PMAConfig
                0x080021e6       0x38 CMakeFiles/GardenCleanWaterUSB.elf.dir/Drivers/STM32F1xx_HAL_Driver/Src/stm32f1xx_hal_pcd_ex.c.obj
                0x080021e6                HAL_PCDEx_PMAConfig
 *fill*         0x0800221e        0x2 
 .text.RCC_Delay
                0x08002220       0x2c CMakeFiles/GardenCleanWaterUSB.elf.dir/Drivers/STM32F1xx_HAL_Driver/Src/stm32f1xx_hal_rcc.c.obj
 .text.HAL_RCC_OscConfig
                0x0800224c      0x410 CMakeFiles/GardenCleanWaterUSB.elf.dir/Drivers/STM32F1xx_HAL_Driver/Src/stm32f1xx_hal_rcc.c.obj
                0x0800224c                HAL_RCC_OscConfig
 .text.HAL_RCC_GetSysClockFreq
                0x0800265c       0x54 CMakeFiles/GardenCleanWaterUSB.elf.dir/Drivers/STM32F1xx_HAL_Driver/Src/stm32f1xx_hal_rcc.c.obj
                0x0800265c                HAL_RCC_GetSysClockFreq
 .text.HAL_RCC_ClockConfig
                0x080026b0      0x16c CMakeFiles/GardenCleanWaterUSB.elf.dir/Drivers/STM32F1xx_HAL_Driver/Src/stm32f1xx_hal_rcc.c.obj
                0x080026b0                HAL_RCC_ClockConfig
 .text.HAL_RCC_GetHCLKFreq
                0x0800281c        0xc CMakeFiles/GardenCleanWaterUSB.elf.dir/Drivers/STM32F1xx_HAL_Driver/Src/stm32f1xx_hal_rcc.c.obj
                0x0800281c                HAL_RCC_GetHCLKFreq
 .text.HAL_RCC_GetPCLK1Freq
                0x08002828       0x20 CMakeFiles/GardenCleanWaterUSB.elf.dir/Drivers/STM32F1xx_HAL_Driver/Src/stm32f1xx_hal_rcc.c.obj
                0x08002828                HAL_RCC_GetPCLK1Freq
 .text.HAL_RCC_GetClockConfig
                0x08002848       0x3c CMakeFiles/GardenCleanWaterUSB.elf.dir/Drivers/STM32F1xx_HAL_Driver/Src/stm32f1xx_hal_rcc.c.obj
                0x08002848                HAL_RCC_GetClockConfig
 .text.HAL_RCCEx_PeriphCLKConfig
                0x08002884      0x118 CMakeFiles/GardenCleanWaterUSB.elf.dir/Drivers/STM32F1xx_HAL_Driver/Src/stm32f1xx_hal_rcc_ex.c.obj
                0x08002884                HAL_RCCEx_PeriphCLKConfig
 .text.HAL_TIM_Base_MspInit
                0x0800299c        0x2 CMakeFiles/GardenCleanWaterUSB.elf.dir/Drivers/STM32F1xx_HAL_Driver/Src/stm32f1xx_hal_tim.c.obj
                0x0800299c                HAL_TIM_Base_MspInit
 *fill*         0x0800299e        0x2 
 .text.HAL_TIM_Base_Start_IT
                0x080029a0       0x68 CMakeFiles/GardenCleanWaterUSB.elf.dir/Drivers/STM32F1xx_HAL_Driver/Src/stm32f1xx_hal_tim.c.obj
                0x080029a0                HAL_TIM_Base_Start_IT
 .text.HAL_TIM_OC_DelayElapsedCallback
                0x08002a08        0x2 CMakeFiles/GardenCleanWaterUSB.elf.dir/Drivers/STM32F1xx_HAL_Driver/Src/stm32f1xx_hal_tim.c.obj
                0x08002a08                HAL_TIM_OC_DelayElapsedCallback
 .text.HAL_TIM_IC_CaptureCallback
                0x08002a0a        0x2 CMakeFiles/GardenCleanWaterUSB.elf.dir/Drivers/STM32F1xx_HAL_Driver/Src/stm32f1xx_hal_tim.c.obj
                0x08002a0a                HAL_TIM_IC_CaptureCallback
 .text.HAL_TIM_PWM_PulseFinishedCallback
                0x08002a0c        0x2 CMakeFiles/GardenCleanWaterUSB.elf.dir/Drivers/STM32F1xx_HAL_Driver/Src/stm32f1xx_hal_tim.c.obj
                0x08002a0c                HAL_TIM_PWM_PulseFinishedCallback
 .text.HAL_TIM_TriggerCallback
                0x08002a0e        0x2 CMakeFiles/GardenCleanWaterUSB.elf.dir/Drivers/STM32F1xx_HAL_Driver/Src/stm32f1xx_hal_tim.c.obj
                0x08002a0e                HAL_TIM_TriggerCallback
 .text.HAL_TIM_IRQHandler
                0x08002a10      0x17a CMakeFiles/GardenCleanWaterUSB.elf.dir/Drivers/STM32F1xx_HAL_Driver/Src/stm32f1xx_hal_tim.c.obj
                0x08002a10                HAL_TIM_IRQHandler
 *fill*         0x08002b8a        0x2 
 .text.TIM_Base_SetConfig
                0x08002b8c       0x74 CMakeFiles/GardenCleanWaterUSB.elf.dir/Drivers/STM32F1xx_HAL_Driver/Src/stm32f1xx_hal_tim.c.obj
                0x08002b8c                TIM_Base_SetConfig
 .text.HAL_TIM_Base_Init
                0x08002c00       0x58 CMakeFiles/GardenCleanWaterUSB.elf.dir/Drivers/STM32F1xx_HAL_Driver/Src/stm32f1xx_hal_tim.c.obj
                0x08002c00                HAL_TIM_Base_Init
 .text.HAL_TIMEx_CommutCallback
                0x08002c58        0x2 CMakeFiles/GardenCleanWaterUSB.elf.dir/Drivers/STM32F1xx_HAL_Driver/Src/stm32f1xx_hal_tim_ex.c.obj
                0x08002c58                HAL_TIMEx_CommutCallback
 .text.HAL_TIMEx_BreakCallback
                0x08002c5a        0x2 CMakeFiles/GardenCleanWaterUSB.elf.dir/Drivers/STM32F1xx_HAL_Driver/Src/stm32f1xx_hal_tim_ex.c.obj
                0x08002c5a                HAL_TIMEx_BreakCallback
 .text.USB_CoreInit
                0x08002c5c        0xe CMakeFiles/GardenCleanWaterUSB.elf.dir/Drivers/STM32F1xx_HAL_Driver/Src/stm32f1xx_ll_usb.c.obj
                0x08002c5c                USB_CoreInit
 .text.USB_EnableGlobalInt
                0x08002c6a       0x12 CMakeFiles/GardenCleanWaterUSB.elf.dir/Drivers/STM32F1xx_HAL_Driver/Src/stm32f1xx_ll_usb.c.obj
                0x08002c6a                USB_EnableGlobalInt
 .text.USB_DisableGlobalInt
                0x08002c7c       0x14 CMakeFiles/GardenCleanWaterUSB.elf.dir/Drivers/STM32F1xx_HAL_Driver/Src/stm32f1xx_ll_usb.c.obj
                0x08002c7c                USB_DisableGlobalInt
 .text.USB_SetCurrentMode
                0x08002c90        0x4 CMakeFiles/GardenCleanWaterUSB.elf.dir/Drivers/STM32F1xx_HAL_Driver/Src/stm32f1xx_ll_usb.c.obj
                0x08002c90                USB_SetCurrentMode
 .text.USB_DevInit
                0x08002c94       0x22 CMakeFiles/GardenCleanWaterUSB.elf.dir/Drivers/STM32F1xx_HAL_Driver/Src/stm32f1xx_ll_usb.c.obj
                0x08002c94                USB_DevInit
 .text.USB_ActivateEndpoint
                0x08002cb6      0x3ca CMakeFiles/GardenCleanWaterUSB.elf.dir/Drivers/STM32F1xx_HAL_Driver/Src/stm32f1xx_ll_usb.c.obj
                0x08002cb6                USB_ActivateEndpoint
 .text.USB_DeactivateEndpoint
                0x08003080      0x1d6 CMakeFiles/GardenCleanWaterUSB.elf.dir/Drivers/STM32F1xx_HAL_Driver/Src/stm32f1xx_ll_usb.c.obj
                0x08003080                USB_DeactivateEndpoint
 .text.USB_EPSetStall
                0x08003256       0x4a CMakeFiles/GardenCleanWaterUSB.elf.dir/Drivers/STM32F1xx_HAL_Driver/Src/stm32f1xx_ll_usb.c.obj
                0x08003256                USB_EPSetStall
 .text.USB_EPClearStall
                0x080032a0       0xa2 CMakeFiles/GardenCleanWaterUSB.elf.dir/Drivers/STM32F1xx_HAL_Driver/Src/stm32f1xx_ll_usb.c.obj
                0x080032a0                USB_EPClearStall
 .text.USB_SetDevAddress
                0x08003342        0xc CMakeFiles/GardenCleanWaterUSB.elf.dir/Drivers/STM32F1xx_HAL_Driver/Src/stm32f1xx_ll_usb.c.obj
                0x08003342                USB_SetDevAddress
 .text.USB_DevConnect
                0x0800334e        0x4 CMakeFiles/GardenCleanWaterUSB.elf.dir/Drivers/STM32F1xx_HAL_Driver/Src/stm32f1xx_ll_usb.c.obj
                0x0800334e                USB_DevConnect
 .text.USB_DevDisconnect
                0x08003352        0x4 CMakeFiles/GardenCleanWaterUSB.elf.dir/Drivers/STM32F1xx_HAL_Driver/Src/stm32f1xx_ll_usb.c.obj
                0x08003352                USB_DevDisconnect
 .text.USB_ReadInterrupts
                0x08003356        0x8 CMakeFiles/GardenCleanWaterUSB.elf.dir/Drivers/STM32F1xx_HAL_Driver/Src/stm32f1xx_ll_usb.c.obj
                0x08003356                USB_ReadInterrupts
 .text.USB_EP0_OutStart
                0x0800335e        0x4 CMakeFiles/GardenCleanWaterUSB.elf.dir/Drivers/STM32F1xx_HAL_Driver/Src/stm32f1xx_ll_usb.c.obj
                0x0800335e                USB_EP0_OutStart
 .text.USB_WritePMA
                0x08003362       0x26 CMakeFiles/GardenCleanWaterUSB.elf.dir/Drivers/STM32F1xx_HAL_Driver/Src/stm32f1xx_ll_usb.c.obj
                0x08003362                USB_WritePMA
 .text.USB_EPStartXfer
                0x08003388      0x7ce CMakeFiles/GardenCleanWaterUSB.elf.dir/Drivers/STM32F1xx_HAL_Driver/Src/stm32f1xx_ll_usb.c.obj
                0x08003388                USB_EPStartXfer
 .text.USB_ReadPMA
                0x08003b56       0x30 CMakeFiles/GardenCleanWaterUSB.elf.dir/Drivers/STM32F1xx_HAL_Driver/Src/stm32f1xx_ll_usb.c.obj
                0x08003b56                USB_ReadPMA
 .text.prvTaskExitError
                0x08003b86       0x20 CMakeFiles/GardenCleanWaterUSB.elf.dir/FreeRTOS/ARM_CM3/port.c.obj
 *fill*         0x08003ba6        0x2 
 .text.prvPortStartFirstTask
                0x08003ba8       0x20 CMakeFiles/GardenCleanWaterUSB.elf.dir/FreeRTOS/ARM_CM3/port.c.obj
 .text.pxPortInitialiseStack
                0x08003bc8       0x24 CMakeFiles/GardenCleanWaterUSB.elf.dir/FreeRTOS/ARM_CM3/port.c.obj
                0x08003bc8                pxPortInitialiseStack
 *fill*         0x08003bec        0x4 
 .text.SVC_Handler
                0x08003bf0       0x24 CMakeFiles/GardenCleanWaterUSB.elf.dir/FreeRTOS/ARM_CM3/port.c.obj
                0x08003bf0                SVC_Handler
 .text.vPortEnterCritical
                0x08003c14       0x20 CMakeFiles/GardenCleanWaterUSB.elf.dir/FreeRTOS/ARM_CM3/port.c.obj
                0x08003c14                vPortEnterCritical
 .text.vPortExitCritical
                0x08003c34       0x14 CMakeFiles/GardenCleanWaterUSB.elf.dir/FreeRTOS/ARM_CM3/port.c.obj
                0x08003c34                vPortExitCritical
 *fill*         0x08003c48        0x8 
 .text.PendSV_Handler
                0x08003c50       0x44 CMakeFiles/GardenCleanWaterUSB.elf.dir/FreeRTOS/ARM_CM3/port.c.obj
                0x08003c50                PendSV_Handler
 .text.SysTick_Handler
                0x08003c94       0x2c CMakeFiles/GardenCleanWaterUSB.elf.dir/FreeRTOS/ARM_CM3/port.c.obj
                0x08003c94                SysTick_Handler
 .text.vPortSetupTimerInterrupt
                0x08003cc0       0x18 CMakeFiles/GardenCleanWaterUSB.elf.dir/FreeRTOS/ARM_CM3/port.c.obj
                0x08003cc0                vPortSetupTimerInterrupt
 .text.xPortStartScheduler
                0x08003cd8       0x3c CMakeFiles/GardenCleanWaterUSB.elf.dir/FreeRTOS/ARM_CM3/port.c.obj
                0x08003cd8                xPortStartScheduler
 .text.prvHeapInit
                0x08003d14       0x58 CMakeFiles/GardenCleanWaterUSB.elf.dir/FreeRTOS/Src/heap_4.c.obj
 .text.prvInsertBlockIntoFreeList
                0x08003d6c       0x60 CMakeFiles/GardenCleanWaterUSB.elf.dir/FreeRTOS/Src/heap_4.c.obj
 .text.pvPortMalloc
                0x08003dcc       0xc4 CMakeFiles/GardenCleanWaterUSB.elf.dir/FreeRTOS/Src/heap_4.c.obj
                0x08003dcc                pvPortMalloc
 .text.vPortFree
                0x08003e90       0x54 CMakeFiles/GardenCleanWaterUSB.elf.dir/FreeRTOS/Src/heap_4.c.obj
                0x08003e90                vPortFree
 .text.vListInitialise
                0x08003ee4       0x16 CMakeFiles/GardenCleanWaterUSB.elf.dir/FreeRTOS/Src/list.c.obj
                0x08003ee4                vListInitialise
 .text.vListInitialiseItem
                0x08003efa        0x6 CMakeFiles/GardenCleanWaterUSB.elf.dir/FreeRTOS/Src/list.c.obj
                0x08003efa                vListInitialiseItem
 .text.vListInsert
                0x08003f00       0x32 CMakeFiles/GardenCleanWaterUSB.elf.dir/FreeRTOS/Src/list.c.obj
                0x08003f00                vListInsert
 .text.uxListRemove
                0x08003f32       0x26 CMakeFiles/GardenCleanWaterUSB.elf.dir/FreeRTOS/Src/list.c.obj
                0x08003f32                uxListRemove
 .text.prvIsQueueEmpty
                0x08003f58       0x1a CMakeFiles/GardenCleanWaterUSB.elf.dir/FreeRTOS/Src/queue.c.obj
 .text.prvCopyDataFromQueue
                0x08003f72       0x24 CMakeFiles/GardenCleanWaterUSB.elf.dir/FreeRTOS/Src/queue.c.obj
 .text.prvUnlockQueue
                0x08003f96       0x6e CMakeFiles/GardenCleanWaterUSB.elf.dir/FreeRTOS/Src/queue.c.obj
 .text.xQueueGenericReset
                0x08004004       0x96 CMakeFiles/GardenCleanWaterUSB.elf.dir/FreeRTOS/Src/queue.c.obj
                0x08004004                xQueueGenericReset
 .text.prvInitialiseNewQueue
                0x0800409a       0x22 CMakeFiles/GardenCleanWaterUSB.elf.dir/FreeRTOS/Src/queue.c.obj
 .text.xQueueGenericCreate
                0x080040bc       0x50 CMakeFiles/GardenCleanWaterUSB.elf.dir/FreeRTOS/Src/queue.c.obj
                0x080040bc                xQueueGenericCreate
 .text.xQueueReceive
                0x0800410c      0x110 CMakeFiles/GardenCleanWaterUSB.elf.dir/FreeRTOS/Src/queue.c.obj
                0x0800410c                xQueueReceive
 .text.vQueueWaitForMessageRestricted
                0x0800421c       0x52 CMakeFiles/GardenCleanWaterUSB.elf.dir/FreeRTOS/Src/queue.c.obj
                0x0800421c                vQueueWaitForMessageRestricted
 *fill*         0x0800426e        0x2 
 .text.prvResetNextTaskUnblockTime
                0x08004270       0x28 CMakeFiles/GardenCleanWaterUSB.elf.dir/FreeRTOS/Src/tasks.c.obj
 .text.prvDeleteTCB
                0x08004298       0x12 CMakeFiles/GardenCleanWaterUSB.elf.dir/FreeRTOS/Src/tasks.c.obj
 .text.prvInitialiseNewTask
                0x080042aa       0x90 CMakeFiles/GardenCleanWaterUSB.elf.dir/FreeRTOS/Src/tasks.c.obj
 *fill*         0x0800433a        0x2 
 .text.prvInitialiseTaskLists
                0x0800433c       0x68 CMakeFiles/GardenCleanWaterUSB.elf.dir/FreeRTOS/Src/tasks.c.obj
 .text.prvAddNewTaskToReadyList
                0x080043a4       0xc8 CMakeFiles/GardenCleanWaterUSB.elf.dir/FreeRTOS/Src/tasks.c.obj
 .text.prvCheckTasksWaitingTermination
                0x0800446c       0x4c CMakeFiles/GardenCleanWaterUSB.elf.dir/FreeRTOS/Src/tasks.c.obj
 .text.prvAddCurrentTaskToDelayedList
                0x080044b8       0xb0 CMakeFiles/GardenCleanWaterUSB.elf.dir/FreeRTOS/Src/tasks.c.obj
 .text.prvIdleTask
                0x08004568       0x30 CMakeFiles/GardenCleanWaterUSB.elf.dir/FreeRTOS/Src/tasks.c.obj
 .text.xTaskCreate
                0x08004598       0x68 CMakeFiles/GardenCleanWaterUSB.elf.dir/FreeRTOS/Src/tasks.c.obj
                0x08004598                xTaskCreate
 .text.vTaskStartScheduler
                0x08004600       0x74 CMakeFiles/GardenCleanWaterUSB.elf.dir/FreeRTOS/Src/tasks.c.obj
                0x08004600                vTaskStartScheduler
 .text.vTaskSuspendAll
                0x08004674       0x10 CMakeFiles/GardenCleanWaterUSB.elf.dir/FreeRTOS/Src/tasks.c.obj
                0x08004674                vTaskSuspendAll
 .text.xTaskGetTickCount
                0x08004684        0xc CMakeFiles/GardenCleanWaterUSB.elf.dir/FreeRTOS/Src/tasks.c.obj
                0x08004684                xTaskGetTickCount
 .text.xTaskIncrementTick
                0x08004690      0x170 CMakeFiles/GardenCleanWaterUSB.elf.dir/FreeRTOS/Src/tasks.c.obj
                0x08004690                xTaskIncrementTick
 .text.xTaskResumeAll
                0x08004800      0x134 CMakeFiles/GardenCleanWaterUSB.elf.dir/FreeRTOS/Src/tasks.c.obj
                0x08004800                xTaskResumeAll
 .text.vTaskDelay
                0x08004934       0x32 CMakeFiles/GardenCleanWaterUSB.elf.dir/FreeRTOS/Src/tasks.c.obj
                0x08004934                vTaskDelay
 *fill*         0x08004966        0x2 
 .text.vTaskSwitchContext
                0x08004968       0xb0 CMakeFiles/GardenCleanWaterUSB.elf.dir/FreeRTOS/Src/tasks.c.obj
                0x08004968                vTaskSwitchContext
 .text.vTaskPlaceOnEventList
                0x08004a18       0x1c CMakeFiles/GardenCleanWaterUSB.elf.dir/FreeRTOS/Src/tasks.c.obj
                0x08004a18                vTaskPlaceOnEventList
 .text.vTaskPlaceOnEventListRestricted
                0x08004a34       0x3c CMakeFiles/GardenCleanWaterUSB.elf.dir/FreeRTOS/Src/tasks.c.obj
                0x08004a34                vTaskPlaceOnEventListRestricted
 .text.xTaskRemoveFromEventList
                0x08004a70       0xdc CMakeFiles/GardenCleanWaterUSB.elf.dir/FreeRTOS/Src/tasks.c.obj
                0x08004a70                xTaskRemoveFromEventList
 .text.vTaskInternalSetTimeOutState
                0x08004b4c       0x18 CMakeFiles/GardenCleanWaterUSB.elf.dir/FreeRTOS/Src/tasks.c.obj
                0x08004b4c                vTaskInternalSetTimeOutState
 .text.xTaskCheckForTimeOut
                0x08004b64       0x60 CMakeFiles/GardenCleanWaterUSB.elf.dir/FreeRTOS/Src/tasks.c.obj
                0x08004b64                xTaskCheckForTimeOut
 .text.vTaskMissedYield
                0x08004bc4        0xc CMakeFiles/GardenCleanWaterUSB.elf.dir/FreeRTOS/Src/tasks.c.obj
                0x08004bc4                vTaskMissedYield
 .text.prvGetNextExpireTime
                0x08004bd0       0x20 CMakeFiles/GardenCleanWaterUSB.elf.dir/FreeRTOS/Src/timers.c.obj
 .text.prvInsertTimerInActiveList
                0x08004bf0       0x48 CMakeFiles/GardenCleanWaterUSB.elf.dir/FreeRTOS/Src/timers.c.obj
 .text.prvReloadTimer
                0x08004c38       0x28 CMakeFiles/GardenCleanWaterUSB.elf.dir/FreeRTOS/Src/timers.c.obj
 .text.prvProcessExpiredTimer
                0x08004c60       0x40 CMakeFiles/GardenCleanWaterUSB.elf.dir/FreeRTOS/Src/timers.c.obj
 .text.prvSwitchTimerLists
                0x08004ca0       0x30 CMakeFiles/GardenCleanWaterUSB.elf.dir/FreeRTOS/Src/timers.c.obj
 .text.prvSampleTimeNow
                0x08004cd0       0x2c CMakeFiles/GardenCleanWaterUSB.elf.dir/FreeRTOS/Src/timers.c.obj
 .text.prvProcessTimerOrBlockTask
                0x08004cfc       0x74 CMakeFiles/GardenCleanWaterUSB.elf.dir/FreeRTOS/Src/timers.c.obj
 .text.prvProcessReceivedCommands
                0x08004d70       0xdc CMakeFiles/GardenCleanWaterUSB.elf.dir/FreeRTOS/Src/timers.c.obj
 .text.prvTimerTask
                0x08004e4c       0x16 CMakeFiles/GardenCleanWaterUSB.elf.dir/FreeRTOS/Src/timers.c.obj
 *fill*         0x08004e62        0x2 
 .text.prvCheckForValidListAndQueue
                0x08004e64       0x50 CMakeFiles/GardenCleanWaterUSB.elf.dir/FreeRTOS/Src/timers.c.obj
 .text.xTimerCreateTimerTask
                0x08004eb4       0x40 CMakeFiles/GardenCleanWaterUSB.elf.dir/FreeRTOS/Src/timers.c.obj
                0x08004eb4                xTimerCreateTimerTask
 .text._Z7mainAppv
                0x08004ef4       0xb8 CMakeFiles/GardenCleanWaterUSB.elf.dir/MainApp/src/main_app.cpp.obj
                0x08004ef4                mainApp()
 .text.USBD_CDC_EP0_RxReady
                0x08004fac       0x28 CMakeFiles/GardenCleanWaterUSB.elf.dir/Middlewares/ST/STM32_USB_Device_Library/Class/CDC/Src/usbd_cdc.c.obj
 .text.USBD_CDC_GetFSCfgDesc
                0x08004fd4        0xc CMakeFiles/GardenCleanWaterUSB.elf.dir/Middlewares/ST/STM32_USB_Device_Library/Class/CDC/Src/usbd_cdc.c.obj
 .text.USBD_CDC_GetHSCfgDesc
                0x08004fe0        0xc CMakeFiles/GardenCleanWaterUSB.elf.dir/Middlewares/ST/STM32_USB_Device_Library/Class/CDC/Src/usbd_cdc.c.obj
 .text.USBD_CDC_GetOtherSpeedCfgDesc
                0x08004fec        0xc CMakeFiles/GardenCleanWaterUSB.elf.dir/Middlewares/ST/STM32_USB_Device_Library/Class/CDC/Src/usbd_cdc.c.obj
 .text.USBD_CDC_GetDeviceQualifierDescriptor
                0x08004ff8        0xc CMakeFiles/GardenCleanWaterUSB.elf.dir/Middlewares/ST/STM32_USB_Device_Library/Class/CDC/Src/usbd_cdc.c.obj
                0x08004ff8                USBD_CDC_GetDeviceQualifierDescriptor
 .text.USBD_CDC_DataOut
                0x08005004       0x2e CMakeFiles/GardenCleanWaterUSB.elf.dir/Middlewares/ST/STM32_USB_Device_Library/Class/CDC/Src/usbd_cdc.c.obj
 .text.USBD_CDC_DataIn
                0x08005032       0x4e CMakeFiles/GardenCleanWaterUSB.elf.dir/Middlewares/ST/STM32_USB_Device_Library/Class/CDC/Src/usbd_cdc.c.obj
 .text.USBD_CDC_Setup
                0x08005080       0xd6 CMakeFiles/GardenCleanWaterUSB.elf.dir/Middlewares/ST/STM32_USB_Device_Library/Class/CDC/Src/usbd_cdc.c.obj
 .text.USBD_CDC_DeInit
                0x08005156       0x42 CMakeFiles/GardenCleanWaterUSB.elf.dir/Middlewares/ST/STM32_USB_Device_Library/Class/CDC/Src/usbd_cdc.c.obj
 .text.USBD_CDC_Init
                0x08005198       0xaa CMakeFiles/GardenCleanWaterUSB.elf.dir/Middlewares/ST/STM32_USB_Device_Library/Class/CDC/Src/usbd_cdc.c.obj
 .text.USBD_CDC_RegisterInterface
                0x08005242        0xe CMakeFiles/GardenCleanWaterUSB.elf.dir/Middlewares/ST/STM32_USB_Device_Library/Class/CDC/Src/usbd_cdc.c.obj
                0x08005242                USBD_CDC_RegisterInterface
 .text.USBD_CDC_SetTxBuffer
                0x08005250       0x10 CMakeFiles/GardenCleanWaterUSB.elf.dir/Middlewares/ST/STM32_USB_Device_Library/Class/CDC/Src/usbd_cdc.c.obj
                0x08005250                USBD_CDC_SetTxBuffer
 .text.USBD_CDC_SetRxBuffer
                0x08005260        0xc CMakeFiles/GardenCleanWaterUSB.elf.dir/Middlewares/ST/STM32_USB_Device_Library/Class/CDC/Src/usbd_cdc.c.obj
                0x08005260                USBD_CDC_SetRxBuffer
 .text.USBD_CDC_ReceivePacket
                0x0800526c       0x30 CMakeFiles/GardenCleanWaterUSB.elf.dir/Middlewares/ST/STM32_USB_Device_Library/Class/CDC/Src/usbd_cdc.c.obj
                0x0800526c                USBD_CDC_ReceivePacket
 .text.USBD_Init
                0x0800529c       0x2e CMakeFiles/GardenCleanWaterUSB.elf.dir/Middlewares/ST/STM32_USB_Device_Library/Core/Src/usbd_core.c.obj
                0x0800529c                USBD_Init
 .text.USBD_RegisterClass
                0x080052ca        0xe CMakeFiles/GardenCleanWaterUSB.elf.dir/Middlewares/ST/STM32_USB_Device_Library/Core/Src/usbd_core.c.obj
                0x080052ca                USBD_RegisterClass
 .text.USBD_Start
                0x080052d8        0xa CMakeFiles/GardenCleanWaterUSB.elf.dir/Middlewares/ST/STM32_USB_Device_Library/Core/Src/usbd_core.c.obj
                0x080052d8                USBD_Start
 .text.USBD_SetClassConfig
                0x080052e2       0x18 CMakeFiles/GardenCleanWaterUSB.elf.dir/Middlewares/ST/STM32_USB_Device_Library/Core/Src/usbd_core.c.obj
                0x080052e2                USBD_SetClassConfig
 .text.USBD_ClrClassConfig
                0x080052fa        0xe CMakeFiles/GardenCleanWaterUSB.elf.dir/Middlewares/ST/STM32_USB_Device_Library/Core/Src/usbd_core.c.obj
                0x080052fa                USBD_ClrClassConfig
 .text.USBD_LL_SetupStage
                0x08005308       0x5a CMakeFiles/GardenCleanWaterUSB.elf.dir/Middlewares/ST/STM32_USB_Device_Library/Core/Src/usbd_core.c.obj
                0x08005308                USBD_LL_SetupStage
 .text.USBD_LL_DataOutStage
                0x08005362       0x8c CMakeFiles/GardenCleanWaterUSB.elf.dir/Middlewares/ST/STM32_USB_Device_Library/Core/Src/usbd_core.c.obj
                0x08005362                USBD_LL_DataOutStage
 .text.USBD_LL_DataInStage
                0x080053ee       0xd0 CMakeFiles/GardenCleanWaterUSB.elf.dir/Middlewares/ST/STM32_USB_Device_Library/Core/Src/usbd_core.c.obj
                0x080053ee                USBD_LL_DataInStage
 .text.USBD_LL_Reset
                0x080054be       0x50 CMakeFiles/GardenCleanWaterUSB.elf.dir/Middlewares/ST/STM32_USB_Device_Library/Core/Src/usbd_core.c.obj
                0x080054be                USBD_LL_Reset
 .text.USBD_LL_SetSpeed
                0x0800550e        0x6 CMakeFiles/GardenCleanWaterUSB.elf.dir/Middlewares/ST/STM32_USB_Device_Library/Core/Src/usbd_core.c.obj
                0x0800550e                USBD_LL_SetSpeed
 .text.USBD_LL_Suspend
                0x08005514       0x12 CMakeFiles/GardenCleanWaterUSB.elf.dir/Middlewares/ST/STM32_USB_Device_Library/Core/Src/usbd_core.c.obj
                0x08005514                USBD_LL_Suspend
 .text.USBD_LL_Resume
                0x08005526       0x16 CMakeFiles/GardenCleanWaterUSB.elf.dir/Middlewares/ST/STM32_USB_Device_Library/Core/Src/usbd_core.c.obj
                0x08005526                USBD_LL_Resume
 .text.USBD_LL_SOF
                0x0800553c       0x1c CMakeFiles/GardenCleanWaterUSB.elf.dir/Middlewares/ST/STM32_USB_Device_Library/Core/Src/usbd_core.c.obj
                0x0800553c                USBD_LL_SOF
 .text.USBD_GetLen
                0x08005558       0x14 CMakeFiles/GardenCleanWaterUSB.elf.dir/Middlewares/ST/STM32_USB_Device_Library/Core/Src/usbd_ctlreq.c.obj
 .text.USBD_SetFeature
                0x0800556c       0x14 CMakeFiles/GardenCleanWaterUSB.elf.dir/Middlewares/ST/STM32_USB_Device_Library/Core/Src/usbd_ctlreq.c.obj
 .text.USBD_ParseSetupRequest
                0x08005580       0x28 CMakeFiles/GardenCleanWaterUSB.elf.dir/Middlewares/ST/STM32_USB_Device_Library/Core/Src/usbd_ctlreq.c.obj
                0x08005580                USBD_ParseSetupRequest
 .text.USBD_CtlError
                0x080055a8       0x14 CMakeFiles/GardenCleanWaterUSB.elf.dir/Middlewares/ST/STM32_USB_Device_Library/Core/Src/usbd_ctlreq.c.obj
                0x080055a8                USBD_CtlError
 .text.USBD_GetDescriptor
                0x080055bc      0x186 CMakeFiles/GardenCleanWaterUSB.elf.dir/Middlewares/ST/STM32_USB_Device_Library/Core/Src/usbd_ctlreq.c.obj
 .text.USBD_SetAddress
                0x08005742       0x4e CMakeFiles/GardenCleanWaterUSB.elf.dir/Middlewares/ST/STM32_USB_Device_Library/Core/Src/usbd_ctlreq.c.obj
 .text.USBD_SetConfig
                0x08005790       0xb0 CMakeFiles/GardenCleanWaterUSB.elf.dir/Middlewares/ST/STM32_USB_Device_Library/Core/Src/usbd_ctlreq.c.obj
 .text.USBD_GetConfig
                0x08005840       0x3e CMakeFiles/GardenCleanWaterUSB.elf.dir/Middlewares/ST/STM32_USB_Device_Library/Core/Src/usbd_ctlreq.c.obj
 .text.USBD_GetStatus
                0x0800587e       0x38 CMakeFiles/GardenCleanWaterUSB.elf.dir/Middlewares/ST/STM32_USB_Device_Library/Core/Src/usbd_ctlreq.c.obj
 .text.USBD_ClrFeature
                0x080058b6       0x26 CMakeFiles/GardenCleanWaterUSB.elf.dir/Middlewares/ST/STM32_USB_Device_Library/Core/Src/usbd_ctlreq.c.obj
 .text.USBD_StdDevReq
                0x080058dc       0x68 CMakeFiles/GardenCleanWaterUSB.elf.dir/Middlewares/ST/STM32_USB_Device_Library/Core/Src/usbd_ctlreq.c.obj
                0x080058dc                USBD_StdDevReq
 .text.USBD_StdItfReq
                0x08005944       0x60 CMakeFiles/GardenCleanWaterUSB.elf.dir/Middlewares/ST/STM32_USB_Device_Library/Core/Src/usbd_ctlreq.c.obj
                0x08005944                USBD_StdItfReq
 .text.USBD_StdEPReq
                0x080059a4      0x1e2 CMakeFiles/GardenCleanWaterUSB.elf.dir/Middlewares/ST/STM32_USB_Device_Library/Core/Src/usbd_ctlreq.c.obj
                0x080059a4                USBD_StdEPReq
 .text.USBD_GetString
                0x08005b86       0x3a CMakeFiles/GardenCleanWaterUSB.elf.dir/Middlewares/ST/STM32_USB_Device_Library/Core/Src/usbd_ctlreq.c.obj
                0x08005b86                USBD_GetString
 .text.USBD_CtlSendData
                0x08005bc0       0x1a CMakeFiles/GardenCleanWaterUSB.elf.dir/Middlewares/ST/STM32_USB_Device_Library/Core/Src/usbd_ioreq.c.obj
                0x08005bc0                USBD_CtlSendData
 .text.USBD_CtlContinueSendData
                0x08005bda       0x10 CMakeFiles/GardenCleanWaterUSB.elf.dir/Middlewares/ST/STM32_USB_Device_Library/Core/Src/usbd_ioreq.c.obj
                0x08005bda                USBD_CtlContinueSendData
 .text.USBD_CtlPrepareRx
                0x08005bea       0x1e CMakeFiles/GardenCleanWaterUSB.elf.dir/Middlewares/ST/STM32_USB_Device_Library/Core/Src/usbd_ioreq.c.obj
                0x08005bea                USBD_CtlPrepareRx
 .text.USBD_CtlContinueRx
                0x08005c08       0x10 CMakeFiles/GardenCleanWaterUSB.elf.dir/Middlewares/ST/STM32_USB_Device_Library/Core/Src/usbd_ioreq.c.obj
                0x08005c08                USBD_CtlContinueRx
 .text.USBD_CtlSendStatus
                0x08005c18       0x16 CMakeFiles/GardenCleanWaterUSB.elf.dir/Middlewares/ST/STM32_USB_Device_Library/Core/Src/usbd_ioreq.c.obj
                0x08005c18                USBD_CtlSendStatus
 .text.USBD_CtlReceiveStatus
                0x08005c2e       0x16 CMakeFiles/GardenCleanWaterUSB.elf.dir/Middlewares/ST/STM32_USB_Device_Library/Core/Src/usbd_ioreq.c.obj
                0x08005c2e                USBD_CtlReceiveStatus
 .text._Z11getPositionm
                0x08005c44       0x1c CMakeFiles/GardenCleanWaterUSB.elf.dir/Misc/src/common.cpp.obj
                0x08005c44                getPosition(unsigned long)
 .text._Z8tickInitv
                0x08005c60       0x40 CMakeFiles/GardenCleanWaterUSB.elf.dir/Misc/src/init.cpp.obj
                0x08005c60                tickInit()
 .text._Z7CHBTaskPv
                0x08005ca0       0xec CMakeFiles/GardenCleanWaterUSB.elf.dir/Tasks/src/chb.cpp.obj
                0x08005ca0                CHBTask(void*)
 .text._Z14pushSeqInQueueP8Sequence
                0x08005d8c       0x48 CMakeFiles/GardenCleanWaterUSB.elf.dir/Tasks/src/common_for_tasks.cpp.obj
                0x08005d8c                pushSeqInQueue(Sequence*)
 .text._Z15getSeqFromQueuev
                0x08005dd4       0x34 CMakeFiles/GardenCleanWaterUSB.elf.dir/Tasks/src/common_for_tasks.cpp.obj
                0x08005dd4                getSeqFromQueue()
 .text._Z18deleteSeqFromQueueP8Sequence
                0x08005e08       0x34 CMakeFiles/GardenCleanWaterUSB.elf.dir/Tasks/src/common_for_tasks.cpp.obj
                0x08005e08                deleteSeqFromQueue(Sequence*)
 .text._Z13resetCHBstepsv
                0x08005e3c       0x44 CMakeFiles/GardenCleanWaterUSB.elf.dir/Tasks/src/common_for_tasks.cpp.obj
                0x08005e3c                resetCHBsteps()
 .text._Z8diagTaskPv
                0x08005e80       0x90 CMakeFiles/GardenCleanWaterUSB.elf.dir/Tasks/src/diag.cpp.obj
                0x08005e80                diagTask(void*)
 .text._Z13resetAllStepsP7TaskKit
                0x08005f10       0x58 CMakeFiles/GardenCleanWaterUSB.elf.dir/Tasks/src/ob.cpp.obj
                0x08005f10                resetAllSteps(TaskKit*)
 .text._Z6OBTaskPv
                0x08005f68      0x220 CMakeFiles/GardenCleanWaterUSB.elf.dir/Tasks/src/ob.cpp.obj
                0x08005f68                OBTask(void*)
 .text._ZN11CommonTimer7startedEv
                0x08006188        0x4 CMakeFiles/GardenCleanWaterUSB.elf.dir/Timer/src/common_timer.cpp.obj
                0x08006188                CommonTimer::started()
 .text._ZN11CommonTimerC2Em
                0x0800618c        0xc CMakeFiles/GardenCleanWaterUSB.elf.dir/Timer/src/common_timer.cpp.obj
                0x0800618c                CommonTimer::CommonTimer(unsigned long)
                0x0800618c                CommonTimer::CommonTimer(unsigned long)
 .text._ZN11CommonTimer5startEv
                0x08006198        0x6 CMakeFiles/GardenCleanWaterUSB.elf.dir/Timer/src/common_timer.cpp.obj
                0x08006198                CommonTimer::start()
 .text._ZN11CommonTimer5pauseEv
                0x0800619e        0x6 CMakeFiles/GardenCleanWaterUSB.elf.dir/Timer/src/common_timer.cpp.obj
                0x0800619e                CommonTimer::pause()
 .text._ZN11CommonTimer5resetEv
                0x080061a4        0x8 CMakeFiles/GardenCleanWaterUSB.elf.dir/Timer/src/common_timer.cpp.obj
                0x080061a4                CommonTimer::reset()
 .text._ZN11CommonTimer4stopEv
                0x080061ac       0x10 CMakeFiles/GardenCleanWaterUSB.elf.dir/Timer/src/common_timer.cpp.obj
                0x080061ac                CommonTimer::stop()
 .text._ZN11CommonTimer15prepareAndStartEv
                0x080061bc       0x10 CMakeFiles/GardenCleanWaterUSB.elf.dir/Timer/src/common_timer.cpp.obj
                0x080061bc                CommonTimer::prepareAndStart()
 .text._ZN11CommonTimer8setStartEb
                0x080061cc       0x10 CMakeFiles/GardenCleanWaterUSB.elf.dir/Timer/src/common_timer.cpp.obj
                0x080061cc                CommonTimer::setStart(bool)
 .text._ZN11CommonTimer10notStartedEv
                0x080061dc        0x8 CMakeFiles/GardenCleanWaterUSB.elf.dir/Timer/src/common_timer.cpp.obj
                0x080061dc                CommonTimer::notStarted()
 .text._ZN11CommonTimer8finishedEv
                0x080061e4        0xe CMakeFiles/GardenCleanWaterUSB.elf.dir/Timer/src/common_timer.cpp.obj
                0x080061e4                CommonTimer::finished()
 .text._ZN11CommonTimer6updateEv
                0x080061f2       0x24 CMakeFiles/GardenCleanWaterUSB.elf.dir/Timer/src/common_timer.cpp.obj
                0x080061f2                CommonTimer::update()
 .text._ZN11CommonTimer11notFinishedEv
                0x08006216        0xe CMakeFiles/GardenCleanWaterUSB.elf.dir/Timer/src/common_timer.cpp.obj
                0x08006216                CommonTimer::notFinished()
 .text._ZN11CommonTimer6inWorkEv
                0x08006224       0x14 CMakeFiles/GardenCleanWaterUSB.elf.dir/Timer/src/common_timer.cpp.obj
                0x08006224                CommonTimer::inWork()
 .text._ZN11CommonTimer6isFreeEv
                0x08006238       0x12 CMakeFiles/GardenCleanWaterUSB.elf.dir/Timer/src/common_timer.cpp.obj
                0x08006238                CommonTimer::isFree()
 *fill*         0x0800624a        0x2 
 .text._ZN14OffDelayCommonC2Em
                0x0800624c       0x14 CMakeFiles/GardenCleanWaterUSB.elf.dir/Timer/src/off_delay.cpp.obj
                0x0800624c                OffDelayCommon::OffDelayCommon(unsigned long)
                0x0800624c                OffDelayCommon::OffDelayCommon(unsigned long)
 .text._ZN14OffDelayCommon6updateEv
                0x08006260       0x1a CMakeFiles/GardenCleanWaterUSB.elf.dir/Timer/src/off_delay.cpp.obj
                0x08006260                OffDelayCommon::update()
 .text._ZN14OffDelayCommon3setEb
                0x0800627a       0x1c CMakeFiles/GardenCleanWaterUSB.elf.dir/Timer/src/off_delay.cpp.obj
                0x0800627a                OffDelayCommon::set(bool)
 .text._ZN14OffDelayCommon3getEv
                0x08006296       0x12 CMakeFiles/GardenCleanWaterUSB.elf.dir/Timer/src/off_delay.cpp.obj
                0x08006296                OffDelayCommon::get()
 .text._ZN11PulseCommonC2Em
                0x080062a8       0x14 CMakeFiles/GardenCleanWaterUSB.elf.dir/Timer/src/pulse.cpp.obj
                0x080062a8                PulseCommon::PulseCommon(unsigned long)
                0x080062a8                PulseCommon::PulseCommon(unsigned long)
 .text._ZN11PulseCommon6updateEv
                0x080062bc       0x1a CMakeFiles/GardenCleanWaterUSB.elf.dir/Timer/src/pulse.cpp.obj
                0x080062bc                PulseCommon::update()
 .text._ZN14PulseInterrapt9update1msEv
                0x080062d6        0x8 CMakeFiles/GardenCleanWaterUSB.elf.dir/Timer/src/pulse.cpp.obj
                0x080062d6                PulseInterrapt::update1ms()
 .text._ZThn16_N14PulseInterrapt9update1msEv
                0x080062de        0x8 CMakeFiles/GardenCleanWaterUSB.elf.dir/Timer/src/pulse.cpp.obj
                0x080062de                non-virtual thunk to PulseInterrapt::update1ms()
 .text._ZN11PulseCommon3setEb
                0x080062e6       0x24 CMakeFiles/GardenCleanWaterUSB.elf.dir/Timer/src/pulse.cpp.obj
                0x080062e6                PulseCommon::set(bool)
 .text._ZN11PulseCommon3getEv
                0x0800630a        0x8 CMakeFiles/GardenCleanWaterUSB.elf.dir/Timer/src/pulse.cpp.obj
                0x0800630a                PulseCommon::get()
 .text._ZN11PulseCommon5resetEv
                0x08006312        0xc CMakeFiles/GardenCleanWaterUSB.elf.dir/Timer/src/pulse.cpp.obj
                0x08006312                PulseCommon::reset()
 *fill*         0x0800631e        0x2 
 .text._ZN14PulseInterraptC2Em
                0x08006320       0x20 CMakeFiles/GardenCleanWaterUSB.elf.dir/Timer/src/pulse.cpp.obj
                0x08006320                PulseInterrapt::PulseInterrapt(unsigned long)
                0x08006320                PulseInterrapt::PulseInterrapt(unsigned long)
 .text._ZN14PulseInterrapt3setEb
                0x08006340       0x16 CMakeFiles/GardenCleanWaterUSB.elf.dir/Timer/src/pulse.cpp.obj
                0x08006340                PulseInterrapt::set(bool)
 .text._ZN14PulseInterraptaSEb
                0x08006356        0xc CMakeFiles/GardenCleanWaterUSB.elf.dir/Timer/src/pulse.cpp.obj
                0x08006356                PulseInterrapt::operator=(bool)
 *fill*         0x08006362        0x2 
 .text.MX_USB_DEVICE_Init
                0x08006364       0x54 CMakeFiles/GardenCleanWaterUSB.elf.dir/USB_DEVICE/App/usb_device.c.obj
                0x08006364                MX_USB_DEVICE_Init
 .text.CDC_DeInit_FS
                0x080063b8        0x4 CMakeFiles/GardenCleanWaterUSB.elf.dir/USB_DEVICE/App/usbd_cdc_if.c.obj
 .text.CDC_Control_FS
                0x080063bc        0x4 CMakeFiles/GardenCleanWaterUSB.elf.dir/USB_DEVICE/App/usbd_cdc_if.c.obj
 .text.CDC_Receive_FS
                0x080063c0       0x1c CMakeFiles/GardenCleanWaterUSB.elf.dir/USB_DEVICE/App/usbd_cdc_if.c.obj
 .text.CDC_Init_FS
                0x080063dc       0x28 CMakeFiles/GardenCleanWaterUSB.elf.dir/USB_DEVICE/App/usbd_cdc_if.c.obj
 .text.USBD_FS_DeviceDescriptor
                0x08006404        0xc CMakeFiles/GardenCleanWaterUSB.elf.dir/USB_DEVICE/App/usbd_desc.c.obj
                0x08006404                USBD_FS_DeviceDescriptor
 .text.USBD_FS_LangIDStrDescriptor
                0x08006410        0xc CMakeFiles/GardenCleanWaterUSB.elf.dir/USB_DEVICE/App/usbd_desc.c.obj
                0x08006410                USBD_FS_LangIDStrDescriptor
 .text.IntToUnicode
                0x0800641c       0x46 CMakeFiles/GardenCleanWaterUSB.elf.dir/USB_DEVICE/App/usbd_desc.c.obj
 *fill*         0x08006462        0x2 
 .text.Get_SerialNum
                0x08006464       0x38 CMakeFiles/GardenCleanWaterUSB.elf.dir/USB_DEVICE/App/usbd_desc.c.obj
 .text.USBD_FS_SerialStrDescriptor
                0x0800649c       0x14 CMakeFiles/GardenCleanWaterUSB.elf.dir/USB_DEVICE/App/usbd_desc.c.obj
                0x0800649c                USBD_FS_SerialStrDescriptor
 .text.USBD_FS_ProductStrDescriptor
                0x080064b0       0x24 CMakeFiles/GardenCleanWaterUSB.elf.dir/USB_DEVICE/App/usbd_desc.c.obj
                0x080064b0                USBD_FS_ProductStrDescriptor
 .text.USBD_FS_ManufacturerStrDescriptor
                0x080064d4       0x1c CMakeFiles/GardenCleanWaterUSB.elf.dir/USB_DEVICE/App/usbd_desc.c.obj
                0x080064d4                USBD_FS_ManufacturerStrDescriptor
 .text.USBD_FS_ConfigStrDescriptor
                0x080064f0       0x24 CMakeFiles/GardenCleanWaterUSB.elf.dir/USB_DEVICE/App/usbd_desc.c.obj
                0x080064f0                USBD_FS_ConfigStrDescriptor
 .text.USBD_FS_InterfaceStrDescriptor
                0x08006514       0x24 CMakeFiles/GardenCleanWaterUSB.elf.dir/USB_DEVICE/App/usbd_desc.c.obj
                0x08006514                USBD_FS_InterfaceStrDescriptor
 .text.USBD_Get_USB_Status
                0x08006538       0x14 CMakeFiles/GardenCleanWaterUSB.elf.dir/USB_DEVICE/Target/usbd_conf.c.obj
 .text.HAL_PCD_MspInit
                0x0800654c       0x40 CMakeFiles/GardenCleanWaterUSB.elf.dir/USB_DEVICE/Target/usbd_conf.c.obj
                0x0800654c                HAL_PCD_MspInit
 .text.HAL_PCD_SetupStageCallback
                0x0800658c       0x10 CMakeFiles/GardenCleanWaterUSB.elf.dir/USB_DEVICE/Target/usbd_conf.c.obj
                0x0800658c                HAL_PCD_SetupStageCallback
 .text.HAL_PCD_DataOutStageCallback
                0x0800659c       0x18 CMakeFiles/GardenCleanWaterUSB.elf.dir/USB_DEVICE/Target/usbd_conf.c.obj
                0x0800659c                HAL_PCD_DataOutStageCallback
 .text.HAL_PCD_DataInStageCallback
                0x080065b4       0x16 CMakeFiles/GardenCleanWaterUSB.elf.dir/USB_DEVICE/Target/usbd_conf.c.obj
                0x080065b4                HAL_PCD_DataInStageCallback
 .text.HAL_PCD_SOFCallback
                0x080065ca        0xc CMakeFiles/GardenCleanWaterUSB.elf.dir/USB_DEVICE/Target/usbd_conf.c.obj
                0x080065ca                HAL_PCD_SOFCallback
 .text.HAL_PCD_ResetCallback
                0x080065d6       0x24 CMakeFiles/GardenCleanWaterUSB.elf.dir/USB_DEVICE/Target/usbd_conf.c.obj
                0x080065d6                HAL_PCD_ResetCallback
 *fill*         0x080065fa        0x2 
 .text.HAL_PCD_SuspendCallback
                0x080065fc       0x20 CMakeFiles/GardenCleanWaterUSB.elf.dir/USB_DEVICE/Target/usbd_conf.c.obj
                0x080065fc                HAL_PCD_SuspendCallback
 .text.HAL_PCD_ResumeCallback
                0x0800661c        0xc CMakeFiles/GardenCleanWaterUSB.elf.dir/USB_DEVICE/Target/usbd_conf.c.obj
                0x0800661c                HAL_PCD_ResumeCallback
 .text.USBD_LL_Init
                0x08006628       0x84 CMakeFiles/GardenCleanWaterUSB.elf.dir/USB_DEVICE/Target/usbd_conf.c.obj
                0x08006628                USBD_LL_Init
 .text.USBD_LL_Start
                0x080066ac       0x10 CMakeFiles/GardenCleanWaterUSB.elf.dir/USB_DEVICE/Target/usbd_conf.c.obj
                0x080066ac                USBD_LL_Start
 .text.USBD_LL_OpenEP
                0x080066bc       0x16 CMakeFiles/GardenCleanWaterUSB.elf.dir/USB_DEVICE/Target/usbd_conf.c.obj
                0x080066bc                USBD_LL_OpenEP
 .text.USBD_LL_CloseEP
                0x080066d2       0x10 CMakeFiles/GardenCleanWaterUSB.elf.dir/USB_DEVICE/Target/usbd_conf.c.obj
                0x080066d2                USBD_LL_CloseEP
 .text.USBD_LL_StallEP
                0x080066e2       0x10 CMakeFiles/GardenCleanWaterUSB.elf.dir/USB_DEVICE/Target/usbd_conf.c.obj
                0x080066e2                USBD_LL_StallEP
 .text.USBD_LL_ClearStallEP
                0x080066f2       0x10 CMakeFiles/GardenCleanWaterUSB.elf.dir/USB_DEVICE/Target/usbd_conf.c.obj
                0x080066f2                USBD_LL_ClearStallEP
 .text.USBD_LL_IsStallEP
                0x08006702       0x2e CMakeFiles/GardenCleanWaterUSB.elf.dir/USB_DEVICE/Target/usbd_conf.c.obj
                0x08006702                USBD_LL_IsStallEP
 .text.USBD_LL_SetUSBAddress
                0x08006730       0x10 CMakeFiles/GardenCleanWaterUSB.elf.dir/USB_DEVICE/Target/usbd_conf.c.obj
                0x08006730                USBD_LL_SetUSBAddress
 .text.USBD_LL_Transmit
                0x08006740       0x10 CMakeFiles/GardenCleanWaterUSB.elf.dir/USB_DEVICE/Target/usbd_conf.c.obj
                0x08006740                USBD_LL_Transmit
 .text.USBD_LL_PrepareReceive
                0x08006750       0x10 CMakeFiles/GardenCleanWaterUSB.elf.dir/USB_DEVICE/Target/usbd_conf.c.obj
                0x08006750                USBD_LL_PrepareReceive
 .text.USBD_LL_GetRxDataSize
                0x08006760        0xc CMakeFiles/GardenCleanWaterUSB.elf.dir/USB_DEVICE/Target/usbd_conf.c.obj
                0x08006760                USBD_LL_GetRxDataSize
 .text.USBD_static_malloc
                0x0800676c        0x8 CMakeFiles/GardenCleanWaterUSB.elf.dir/USB_DEVICE/Target/usbd_conf.c.obj
                0x0800676c                USBD_static_malloc
 .text.USBD_static_free
                0x08006774        0x2 CMakeFiles/GardenCleanWaterUSB.elf.dir/USB_DEVICE/Target/usbd_conf.c.obj
                0x08006774                USBD_static_free
 .text.HAL_PCDEx_SetConnectionState
                0x08006776        0x2 CMakeFiles/GardenCleanWaterUSB.elf.dir/USB_DEVICE/Target/usbd_conf.c.obj
                0x08006776                HAL_PCDEx_SetConnectionState
 .text._ZNK10__cxxabiv117__class_type_info11__do_upcastEPKS0_PPv
                0x08006778       0x34 D:/Distrib/GCC/arm-gnu-toolchain-13.2.Rel1-mingw-w64-i686-arm-none-eabi/bin/../lib/gcc/arm-none-eabi/13.2.1/thumb/v7-m/nofp\libstdc++.a(class_type_info.o)
                0x08006778                __cxxabiv1::__class_type_info::__do_upcast(__cxxabiv1::__class_type_info const*, void**) const
 .text._ZNK10__cxxabiv117__class_type_info20__do_find_public_srcEiPKvPKS0_S2_
                0x080067ac        0xc D:/Distrib/GCC/arm-gnu-toolchain-13.2.Rel1-mingw-w64-i686-arm-none-eabi/bin/../lib/gcc/arm-none-eabi/13.2.1/thumb/v7-m/nofp\libstdc++.a(class_type_info.o)
                0x080067ac                __cxxabiv1::__class_type_info::__do_find_public_src(int, void const*, __cxxabiv1::__class_type_info const*, void const*) const
 .text._ZN10__cxxabiv117__class_type_infoD2Ev
                0x080067b8       0x14 D:/Distrib/GCC/arm-gnu-toolchain-13.2.Rel1-mingw-w64-i686-arm-none-eabi/bin/../lib/gcc/arm-none-eabi/13.2.1/thumb/v7-m/nofp\libstdc++.a(class_type_info.o)
                0x080067b8                __cxxabiv1::__class_type_info::~__class_type_info()
                0x080067b8                __cxxabiv1::__class_type_info::~__class_type_info()
 .text._ZN10__cxxabiv117__class_type_infoD0Ev
                0x080067cc       0x1c D:/Distrib/GCC/arm-gnu-toolchain-13.2.Rel1-mingw-w64-i686-arm-none-eabi/bin/../lib/gcc/arm-none-eabi/13.2.1/thumb/v7-m/nofp\libstdc++.a(class_type_info.o)
                0x080067cc                __cxxabiv1::__class_type_info::~__class_type_info()
 .text._ZNK10__cxxabiv117__class_type_info12__do_dyncastEiNS0_10__sub_kindEPKS0_PKvS3_S5_RNS0_16__dyncast_resultE
                0x080067e8       0x44 D:/Distrib/GCC/arm-gnu-toolchain-13.2.Rel1-mingw-w64-i686-arm-none-eabi/bin/../lib/gcc/arm-none-eabi/13.2.1/thumb/v7-m/nofp\libstdc++.a(class_type_info.o)
                0x080067e8                __cxxabiv1::__class_type_info::__do_dyncast(int, __cxxabiv1::__class_type_info::__sub_kind, __cxxabiv1::__class_type_info const*, void const*, __cxxabiv1::__class_type_info const*, void const*, __cxxabiv1::__class_type_info::__dyncast_result&) const
 .text._ZNK10__cxxabiv117__class_type_info11__do_upcastEPKS0_PKvRNS0_15__upcast_resultE
                0x0800682c       0x1c D:/Distrib/GCC/arm-gnu-toolchain-13.2.Rel1-mingw-w64-i686-arm-none-eabi/bin/../lib/gcc/arm-none-eabi/13.2.1/thumb/v7-m/nofp\libstdc++.a(class_type_info.o)
                0x0800682c                __cxxabiv1::__class_type_info::__do_upcast(__cxxabiv1::__class_type_info const*, void const*, __cxxabiv1::__class_type_info::__upcast_result&) const
 .text._ZNK10__cxxabiv117__class_type_info10__do_catchEPKSt9type_infoPPvj
                0x08006848       0x2c D:/Distrib/GCC/arm-gnu-toolchain-13.2.Rel1-mingw-w64-i686-arm-none-eabi/bin/../lib/gcc/arm-none-eabi/13.2.1/thumb/v7-m/nofp\libstdc++.a(class_type_info.o)
                0x08006848                __cxxabiv1::__class_type_info::__do_catch(std::type_info const*, void**, unsigned int) const
 .text._ZdlPvj  0x08006874        0x4 D:/Distrib/GCC/arm-gnu-toolchain-13.2.Rel1-mingw-w64-i686-arm-none-eabi/bin/../lib/gcc/arm-none-eabi/13.2.1/thumb/v7-m/nofp\libstdc++.a(del_ops.o)
                0x08006874                operator delete(void*, unsigned int)
 .text._ZN10__cxxabiv120__si_class_type_infoD2Ev
                0x08006878       0x14 D:/Distrib/GCC/arm-gnu-toolchain-13.2.Rel1-mingw-w64-i686-arm-none-eabi/bin/../lib/gcc/arm-none-eabi/13.2.1/thumb/v7-m/nofp\libstdc++.a(si_class_type_info.o)
                0x08006878                __cxxabiv1::__si_class_type_info::~__si_class_type_info()
                0x08006878                __cxxabiv1::__si_class_type_info::~__si_class_type_info()
 .text._ZN10__cxxabiv120__si_class_type_infoD0Ev
                0x0800688c       0x1c D:/Distrib/GCC/arm-gnu-toolchain-13.2.Rel1-mingw-w64-i686-arm-none-eabi/bin/../lib/gcc/arm-none-eabi/13.2.1/thumb/v7-m/nofp\libstdc++.a(si_class_type_info.o)
                0x0800688c                __cxxabiv1::__si_class_type_info::~__si_class_type_info()
 .text._ZNK10__cxxabiv120__si_class_type_info20__do_find_public_srcEiPKvPKNS_17__class_type_infoES2_
                0x080068a8       0x3c D:/Distrib/GCC/arm-gnu-toolchain-13.2.Rel1-mingw-w64-i686-arm-none-eabi/bin/../lib/gcc/arm-none-eabi/13.2.1/thumb/v7-m/nofp\libstdc++.a(si_class_type_info.o)
                0x080068a8                __cxxabiv1::__si_class_type_info::__do_find_public_src(int, void const*, __cxxabiv1::__class_type_info const*, void const*) const
 .text._ZNK10__cxxabiv120__si_class_type_info12__do_dyncastEiNS_17__class_type_info10__sub_kindEPKS1_PKvS4_S6_RNS1_16__dyncast_resultE
                0x080068e4       0x84 D:/Distrib/GCC/arm-gnu-toolchain-13.2.Rel1-mingw-w64-i686-arm-none-eabi/bin/../lib/gcc/arm-none-eabi/13.2.1/thumb/v7-m/nofp\libstdc++.a(si_class_type_info.o)
                0x080068e4                __cxxabiv1::__si_class_type_info::__do_dyncast(int, __cxxabiv1::__class_type_info::__sub_kind, __cxxabiv1::__class_type_info const*, void const*, __cxxabiv1::__class_type_info const*, void const*, __cxxabiv1::__class_type_info::__dyncast_result&) const
 .text._ZNK10__cxxabiv120__si_class_type_info11__do_upcastEPKNS_17__class_type_infoEPKvRNS1_15__upcast_resultE
                0x08006968       0x2c D:/Distrib/GCC/arm-gnu-toolchain-13.2.Rel1-mingw-w64-i686-arm-none-eabi/bin/../lib/gcc/arm-none-eabi/13.2.1/thumb/v7-m/nofp\libstdc++.a(si_class_type_info.o)
                0x08006968                __cxxabiv1::__si_class_type_info::__do_upcast(__cxxabiv1::__class_type_info const*, void const*, __cxxabiv1::__class_type_info::__upcast_result&) const
 .text._ZNSt9type_infoD2Ev
                0x08006994        0x4 D:/Distrib/GCC/arm-gnu-toolchain-13.2.Rel1-mingw-w64-i686-arm-none-eabi/bin/../lib/gcc/arm-none-eabi/13.2.1/thumb/v7-m/nofp\libstdc++.a(tinfo.o)
                0x08006994                std::type_info::~type_info()
                0x08006994                std::type_info::~type_info()
 .text._ZNKSt9type_info14__is_pointer_pEv
                0x08006998        0x4 D:/Distrib/GCC/arm-gnu-toolchain-13.2.Rel1-mingw-w64-i686-arm-none-eabi/bin/../lib/gcc/arm-none-eabi/13.2.1/thumb/v7-m/nofp\libstdc++.a(tinfo.o)
                0x08006998                std::type_info::__is_pointer_p() const
                0x08006998                std::type_info::__is_function_p() const
 .text._ZNKSt9type_infoeqERKS_
                0x0800699c       0x2c D:/Distrib/GCC/arm-gnu-toolchain-13.2.Rel1-mingw-w64-i686-arm-none-eabi/bin/../lib/gcc/arm-none-eabi/13.2.1/thumb/v7-m/nofp\libstdc++.a(tinfo.o)
                0x0800699c                std::type_info::operator==(std::type_info const&) const
                0x0800699c                std::type_info::__equal(std::type_info const&) const
 .text._ZN10__cxxabiv121__vmi_class_type_infoD2Ev
                0x080069c8       0x14 D:/Distrib/GCC/arm-gnu-toolchain-13.2.Rel1-mingw-w64-i686-arm-none-eabi/bin/../lib/gcc/arm-none-eabi/13.2.1/thumb/v7-m/nofp\libstdc++.a(vmi_class_type_info.o)
                0x080069c8                __cxxabiv1::__vmi_class_type_info::~__vmi_class_type_info()
                0x080069c8                __cxxabiv1::__vmi_class_type_info::~__vmi_class_type_info()
 .text._ZN10__cxxabiv121__vmi_class_type_infoD0Ev
                0x080069dc       0x1c D:/Distrib/GCC/arm-gnu-toolchain-13.2.Rel1-mingw-w64-i686-arm-none-eabi/bin/../lib/gcc/arm-none-eabi/13.2.1/thumb/v7-m/nofp\libstdc++.a(vmi_class_type_info.o)
                0x080069dc                __cxxabiv1::__vmi_class_type_info::~__vmi_class_type_info()
 .text._ZNK10__cxxabiv121__vmi_class_type_info20__do_find_public_srcEiPKvPKNS_17__class_type_infoES2_
                0x080069f8       0x80 D:/Distrib/GCC/arm-gnu-toolchain-13.2.Rel1-mingw-w64-i686-arm-none-eabi/bin/../lib/gcc/arm-none-eabi/13.2.1/thumb/v7-m/nofp\libstdc++.a(vmi_class_type_info.o)
                0x080069f8                __cxxabiv1::__vmi_class_type_info::__do_find_public_src(int, void const*, __cxxabiv1::__class_type_info const*, void const*) const
 .text._ZNK10__cxxabiv121__vmi_class_type_info12__do_dyncastEiNS_17__class_type_info10__sub_kindEPKS1_PKvS4_S6_RNS1_16__dyncast_resultE
                0x08006a78      0x3bc D:/Distrib/GCC/arm-gnu-toolchain-13.2.Rel1-mingw-w64-i686-arm-none-eabi/bin/../lib/gcc/arm-none-eabi/13.2.1/thumb/v7-m/nofp\libstdc++.a(vmi_class_type_info.o)
                0x08006a78                __cxxabiv1::__vmi_class_type_info::__do_dyncast(int, __cxxabiv1::__class_type_info::__sub_kind, __cxxabiv1::__class_type_info const*, void const*, __cxxabiv1::__class_type_info const*, void const*, __cxxabiv1::__class_type_info::__dyncast_result&) const
 .text._ZNK10__cxxabiv121__vmi_class_type_info11__do_upcastEPKNS_17__class_type_infoEPKvRNS1_15__upcast_resultE
                0x08006e34      0x13c D:/Distrib/GCC/arm-gnu-toolchain-13.2.Rel1-mingw-w64-i686-arm-none-eabi/bin/../lib/gcc/arm-none-eabi/13.2.1/thumb/v7-m/nofp\libstdc++.a(vmi_class_type_info.o)
                0x08006e34                __cxxabiv1::__vmi_class_type_info::__do_upcast(__cxxabiv1::__class_type_info const*, void const*, __cxxabiv1::__class_type_info::__upcast_result&) const
 .text._ZdlPv   0x08006f70        0x4 D:/Distrib/GCC/arm-gnu-toolchain-13.2.Rel1-mingw-w64-i686-arm-none-eabi/bin/../lib/gcc/arm-none-eabi/13.2.1/thumb/v7-m/nofp\libstdc++.a(del_op.o)
                0x08006f70                operator delete(void*)
 .text.selfrel_offset31
                0x08006f74       0x14 D:/Distrib/GCC/arm-gnu-toolchain-13.2.Rel1-mingw-w64-i686-arm-none-eabi/bin/../lib/gcc/arm-none-eabi/13.2.1/thumb/v7-m/nofp\libgcc.a(unwind-arm.o)
 .text.search_EIT_table
                0x08006f88       0x64 D:/Distrib/GCC/arm-gnu-toolchain-13.2.Rel1-mingw-w64-i686-arm-none-eabi/bin/../lib/gcc/arm-none-eabi/13.2.1/thumb/v7-m/nofp\libgcc.a(unwind-arm.o)
 .text.__gnu_unwind_get_pr_addr
                0x08006fec       0x28 D:/Distrib/GCC/arm-gnu-toolchain-13.2.Rel1-mingw-w64-i686-arm-none-eabi/bin/../lib/gcc/arm-none-eabi/13.2.1/thumb/v7-m/nofp\libgcc.a(unwind-arm.o)
 .text.get_eit_entry
                0x08007014       0x98 D:/Distrib/GCC/arm-gnu-toolchain-13.2.Rel1-mingw-w64-i686-arm-none-eabi/bin/../lib/gcc/arm-none-eabi/13.2.1/thumb/v7-m/nofp\libgcc.a(unwind-arm.o)
 .text.restore_non_core_regs
                0x080070ac       0x58 D:/Distrib/GCC/arm-gnu-toolchain-13.2.Rel1-mingw-w64-i686-arm-none-eabi/bin/../lib/gcc/arm-none-eabi/13.2.1/thumb/v7-m/nofp\libgcc.a(unwind-arm.o)
 .text._Unwind_decode_typeinfo_ptr.constprop.0
                0x08007104        0xc D:/Distrib/GCC/arm-gnu-toolchain-13.2.Rel1-mingw-w64-i686-arm-none-eabi/bin/../lib/gcc/arm-none-eabi/13.2.1/thumb/v7-m/nofp\libgcc.a(unwind-arm.o)
 .text._Unwind_DebugHook
                0x08007110        0x4 D:/Distrib/GCC/arm-gnu-toolchain-13.2.Rel1-mingw-w64-i686-arm-none-eabi/bin/../lib/gcc/arm-none-eabi/13.2.1/thumb/v7-m/nofp\libgcc.a(unwind-arm.o)
 .text.unwind_phase2
                0x08007114       0x40 D:/Distrib/GCC/arm-gnu-toolchain-13.2.Rel1-mingw-w64-i686-arm-none-eabi/bin/../lib/gcc/arm-none-eabi/13.2.1/thumb/v7-m/nofp\libgcc.a(unwind-arm.o)
 .text.unwind_phase2_forced
                0x08007154       0xe0 D:/Distrib/GCC/arm-gnu-toolchain-13.2.Rel1-mingw-w64-i686-arm-none-eabi/bin/../lib/gcc/arm-none-eabi/13.2.1/thumb/v7-m/nofp\libgcc.a(unwind-arm.o)
 .text.__gnu_Unwind_RaiseException
                0x08007234       0x68 D:/Distrib/GCC/arm-gnu-toolchain-13.2.Rel1-mingw-w64-i686-arm-none-eabi/bin/../lib/gcc/arm-none-eabi/13.2.1/thumb/v7-m/nofp\libgcc.a(unwind-arm.o)
                0x08007234                __gnu_Unwind_RaiseException
 .text.__gnu_Unwind_ForcedUnwind
                0x0800729c       0x18 D:/Distrib/GCC/arm-gnu-toolchain-13.2.Rel1-mingw-w64-i686-arm-none-eabi/bin/../lib/gcc/arm-none-eabi/13.2.1/thumb/v7-m/nofp\libgcc.a(unwind-arm.o)
                0x0800729c                __gnu_Unwind_ForcedUnwind
 .text.__gnu_Unwind_Resume
                0x080072b4       0x44 D:/Distrib/GCC/arm-gnu-toolchain-13.2.Rel1-mingw-w64-i686-arm-none-eabi/bin/../lib/gcc/arm-none-eabi/13.2.1/thumb/v7-m/nofp\libgcc.a(unwind-arm.o)
                0x080072b4                __gnu_Unwind_Resume
 .text.__gnu_Unwind_Resume_or_Rethrow
                0x080072f8       0x18 D:/Distrib/GCC/arm-gnu-toolchain-13.2.Rel1-mingw-w64-i686-arm-none-eabi/bin/../lib/gcc/arm-none-eabi/13.2.1/thumb/v7-m/nofp\libgcc.a(unwind-arm.o)
                0x080072f8                __gnu_Unwind_Resume_or_Rethrow
 .text._Unwind_VRS_Get
                0x08007310       0x34 D:/Distrib/GCC/arm-gnu-toolchain-13.2.Rel1-mingw-w64-i686-arm-none-eabi/bin/../lib/gcc/arm-none-eabi/13.2.1/thumb/v7-m/nofp\libgcc.a(unwind-arm.o)
                0x08007310                _Unwind_VRS_Get
 .text._Unwind_GetGR
                0x08007344       0x1c D:/Distrib/GCC/arm-gnu-toolchain-13.2.Rel1-mingw-w64-i686-arm-none-eabi/bin/../lib/gcc/arm-none-eabi/13.2.1/thumb/v7-m/nofp\libgcc.a(unwind-arm.o)
 .text._Unwind_VRS_Set
                0x08007360       0x34 D:/Distrib/GCC/arm-gnu-toolchain-13.2.Rel1-mingw-w64-i686-arm-none-eabi/bin/../lib/gcc/arm-none-eabi/13.2.1/thumb/v7-m/nofp\libgcc.a(unwind-arm.o)
                0x08007360                _Unwind_VRS_Set
 .text._Unwind_SetGR
                0x08007394       0x18 D:/Distrib/GCC/arm-gnu-toolchain-13.2.Rel1-mingw-w64-i686-arm-none-eabi/bin/../lib/gcc/arm-none-eabi/13.2.1/thumb/v7-m/nofp\libgcc.a(unwind-arm.o)
 .text.__gnu_Unwind_Backtrace
                0x080073ac       0x80 D:/Distrib/GCC/arm-gnu-toolchain-13.2.Rel1-mingw-w64-i686-arm-none-eabi/bin/../lib/gcc/arm-none-eabi/13.2.1/thumb/v7-m/nofp\libgcc.a(unwind-arm.o)
                0x080073ac                __gnu_Unwind_Backtrace
 .text.__gnu_unwind_pr_common
                0x0800742c      0x2a8 D:/Distrib/GCC/arm-gnu-toolchain-13.2.Rel1-mingw-w64-i686-arm-none-eabi/bin/../lib/gcc/arm-none-eabi/13.2.1/thumb/v7-m/nofp\libgcc.a(unwind-arm.o)
 .text.__aeabi_unwind_cpp_pr0
                0x080076d4        0x8 D:/Distrib/GCC/arm-gnu-toolchain-13.2.Rel1-mingw-w64-i686-arm-none-eabi/bin/../lib/gcc/arm-none-eabi/13.2.1/thumb/v7-m/nofp\libgcc.a(unwind-arm.o)
                0x080076d4                __aeabi_unwind_cpp_pr0
 .text.__aeabi_unwind_cpp_pr1
                0x080076dc        0x8 D:/Distrib/GCC/arm-gnu-toolchain-13.2.Rel1-mingw-w64-i686-arm-none-eabi/bin/../lib/gcc/arm-none-eabi/13.2.1/thumb/v7-m/nofp\libgcc.a(unwind-arm.o)
                0x080076dc                __aeabi_unwind_cpp_pr1
 .text.__aeabi_unwind_cpp_pr2
                0x080076e4        0x8 D:/Distrib/GCC/arm-gnu-toolchain-13.2.Rel1-mingw-w64-i686-arm-none-eabi/bin/../lib/gcc/arm-none-eabi/13.2.1/thumb/v7-m/nofp\libgcc.a(unwind-arm.o)
                0x080076e4                __aeabi_unwind_cpp_pr2
 .text._Unwind_VRS_Pop
                0x080076ec      0x2ec D:/Distrib/GCC/arm-gnu-toolchain-13.2.Rel1-mingw-w64-i686-arm-none-eabi/bin/../lib/gcc/arm-none-eabi/13.2.1/thumb/v7-m/nofp\libgcc.a(unwind-arm.o)
                0x080076ec                _Unwind_VRS_Pop
 .text.next_unwind_byte
                0x080079d8       0x38 D:/Distrib/GCC/arm-gnu-toolchain-13.2.Rel1-mingw-w64-i686-arm-none-eabi/bin/../lib/gcc/arm-none-eabi/13.2.1/thumb/v7-m/nofp\libgcc.a(pr-support.o)
 .text.__gnu_unwind_execute
                0x08007a10      0x2fc D:/Distrib/GCC/arm-gnu-toolchain-13.2.Rel1-mingw-w64-i686-arm-none-eabi/bin/../lib/gcc/arm-none-eabi/13.2.1/thumb/v7-m/nofp\libgcc.a(pr-support.o)
                0x08007a10                __gnu_unwind_execute
 .text.abort    0x08007d0c       0x10 D:/Distrib/GCC/arm-gnu-toolchain-13.2.Rel1-mingw-w64-i686-arm-none-eabi/bin/../lib/gcc/arm-none-eabi/13.2.1/thumb/v7-m/nofp\libg.a(libc_a-abort.o)
                0x08007d0c                abort
 .text.free     0x08007d1c       0x10 D:/Distrib/GCC/arm-gnu-toolchain-13.2.Rel1-mingw-w64-i686-arm-none-eabi/bin/../lib/gcc/arm-none-eabi/13.2.1/thumb/v7-m/nofp\libg.a(libc_a-malloc.o)
                0x08007d1c                free
 .text.__malloc_lock
                0x08007d2c        0xc D:/Distrib/GCC/arm-gnu-toolchain-13.2.Rel1-mingw-w64-i686-arm-none-eabi/bin/../lib/gcc/arm-none-eabi/13.2.1/thumb/v7-m/nofp\libg.a(libc_a-mlock.o)
                0x08007d2c                __malloc_lock
 .text.__malloc_unlock
                0x08007d38        0xc D:/Distrib/GCC/arm-gnu-toolchain-13.2.Rel1-mingw-w64-i686-arm-none-eabi/bin/../lib/gcc/arm-none-eabi/13.2.1/thumb/v7-m/nofp\libg.a(libc_a-mlock.o)
                0x08007d38                __malloc_unlock
 .text.memset   0x08007d44       0xa0 D:/Distrib/GCC/arm-gnu-toolchain-13.2.Rel1-mingw-w64-i686-arm-none-eabi/bin/../lib/gcc/arm-none-eabi/13.2.1/thumb/v7-m/nofp\libg.a(libc_a-memset.o)
                0x08007d44                memset
 .text.raise    0x08007de4       0x58 D:/Distrib/GCC/arm-gnu-toolchain-13.2.Rel1-mingw-w64-i686-arm-none-eabi/bin/../lib/gcc/arm-none-eabi/13.2.1/thumb/v7-m/nofp\libg.a(libc_a-signal.o)
                0x08007de4                raise
 .text._kill_r  0x08007e3c       0x28 D:/Distrib/GCC/arm-gnu-toolchain-13.2.Rel1-mingw-w64-i686-arm-none-eabi/bin/../lib/gcc/arm-none-eabi/13.2.1/thumb/v7-m/nofp\libg.a(libc_a-signalr.o)
                0x08007e3c                _kill_r
 .text._getpid_r
                0x08007e64        0x4 D:/Distrib/GCC/arm-gnu-toolchain-13.2.Rel1-mingw-w64-i686-arm-none-eabi/bin/../lib/gcc/arm-none-eabi/13.2.1/thumb/v7-m/nofp\libg.a(libc_a-signalr.o)
                0x08007e64                _getpid_r
 .text._sbrk_r  0x08007e68       0x24 D:/Distrib/GCC/arm-gnu-toolchain-13.2.Rel1-mingw-w64-i686-arm-none-eabi/bin/../lib/gcc/arm-none-eabi/13.2.1/thumb/v7-m/nofp\libg.a(libc_a-sbrkr.o)
                0x08007e68                _sbrk_r